
> sand-diamonds-travel-pwa@0.1.0 build
> next build --webpack

▲ Next.js 16.2.1 (webpack)
- Environments: .env.local, .env

⚠ The "middleware" file convention is deprecated. Please use "proxy" instead. Learn more: https://nextjs.org/docs/messages/middleware-to-proxy
  Creating an optimized production build ...
 ✓ (pwa) Compiling for server...
 ✓ (pwa) Compiling for server...
 ✓ (pwa) Compiling for client (static)...
 ○ (pwa) Service worker: C:\Users\developer\GitHub\wynsoladvantage\SDTravelPwaApp\public\sw.js
 ○ (pwa)   URL: /sw.js
 ○ (pwa)   Scope: /
 ○ (pwa) Custom runtimeCaching array found, using it instead of the default one.
✓ Compiled successfully in 8.6s
  Running TypeScript ...
  Finished TypeScript in 11.9s ...
  Collecting page data using 15 workers ...
No slugs returned with status=published, trying fallback
[getDestinations] fetched 37 items from "Destinations1"
No slugs returned with status=published, trying fallback
  Generating static pages using 15 workers (0/90) ...
c5 {
  eq: [Function (anonymous)],
  ne: [Function (anonymous)],
  ge: [Function (anonymous)],
  gt: [Function (anonymous)],
  gte: [Function (anonymous)],
  le: [Function (anonymous)],
  lt: [Function (anonymous)],
  lte: [Function (anonymous)],
  isNotEmpty: [Function (anonymous)],
  isEmpty: [Function (anonymous)],
  startsWith: [Function (anonymous)],
  endsWith: [Function (anonymous)],
  contains: [Function (anonymous)],
  hasSome: [Function (anonymous)],
  in: [Function (anonymous)],
  hasAll: [Function (anonymous)],
  exists: [Function (anonymous)],
  or: [Function (anonymous)],
  and: [Function (anonymous)],
  not: [Function (anonymous)],
  between: [Function (anonymous)],
  collectionName: 'Tours',
  filterBuilder: cX {
    filterTree: {},
    invalidArguments: [],
    encoder: [Function: cT],
    validateCollectionName: false
  },
  sort: c3 { orderBy: [], invalidArguments: [] },
  projectedFields: [],
  limitNumber: undefined,
  skipNumber: 0,
  included: [],
  onFind: [AsyncFunction: onFind],
  onDistinct: [AsyncFunction: onDistinct],
  onCount: [AsyncFunction: onCount],
  ownInvalidArguments: [],
  randomSortOptions: undefined,
  fieldGroups: []
}
c5 {
  eq: [Function (anonymous)],
  ne: [Function (anonymous)],
  ge: [Function (anonymous)],
  gt: [Function (anonymous)],
  gte: [Function (anonymous)],
  le: [Function (anonymous)],
  lt: [Function (anonymous)],
  lte: [Function (anonymous)],
  isNotEmpty: [Function (anonymous)],
  isEmpty: [Function (anonymous)],
  startsWith: [Function (anonymous)],
  endsWith: [Function (anonymous)],
  contains: [Function (anonymous)],
  hasSome: [Function (anonymous)],
  in: [Function (anonymous)],
  hasAll: [Function (anonymous)],
  exists: [Function (anonymous)],
  or: [Function (anonymous)],
  and: [Function (anonymous)],
  not: [Function (anonymous)],
  between: [Function (anonymous)],
  collectionName: 'Tours',
  filterBuilder: cX {
    filterTree: {},
    invalidArguments: [],
    encoder: [Function: cT],
    validateCollectionName: false
  },
  sort: c3 { orderBy: [], invalidArguments: [] },
  projectedFields: [],
  limitNumber: undefined,
  skipNumber: 0,
  included: [],
  onFind: [AsyncFunction: onFind],
  onDistinct: [AsyncFunction: onDistinct],
  onCount: [AsyncFunction: onCount],
  ownInvalidArguments: [],
  randomSortOptions: undefined,
  fieldGroups: []
}
c5 {
  eq: [Function (anonymous)],
  ne: [Function (anonymous)],
  ge: [Function (anonymous)],
  gt: [Function (anonymous)],
  gte: [Function (anonymous)],
  le: [Function (anonymous)],
  lt: [Function (anonymous)],
  lte: [Function (anonymous)],
  isNotEmpty: [Function (anonymous)],
  isEmpty: [Function (anonymous)],
  startsWith: [Function (anonymous)],
  endsWith: [Function (anonymous)],
  contains: [Function (anonymous)],
  hasSome: [Function (anonymous)],
  in: [Function (anonymous)],
  hasAll: [Function (anonymous)],
  exists: [Function (anonymous)],
  or: [Function (anonymous)],
  and: [Function (anonymous)],
  not: [Function (anonymous)],
  between: [Function (anonymous)],
  collectionName: 'Tours',
  filterBuilder: cX {
    filterTree: {},
    invalidArguments: [],
    encoder: [Function: cT],
    validateCollectionName: false
  },
  sort: c3 { orderBy: [], invalidArguments: [] },
  projectedFields: [],
  limitNumber: undefined,
  skipNumber: 0,
  included: [],
  onFind: [AsyncFunction: onFind],
  onDistinct: [AsyncFunction: onDistinct],
  onCount: [AsyncFunction: onCount],
  ownInvalidArguments: [],
  randomSortOptions: undefined,
  fieldGroups: []
}
c5 {
  eq: [Function (anonymous)],
  ne: [Function (anonymous)],
  ge: [Function (anonymous)],
  gt: [Function (anonymous)],
  gte: [Function (anonymous)],
  le: [Function (anonymous)],
  lt: [Function (anonymous)],
  lte: [Function (anonymous)],
  isNotEmpty: [Function (anonymous)],
  isEmpty: [Function (anonymous)],
  startsWith: [Function (anonymous)],
  endsWith: [Function (anonymous)],
  contains: [Function (anonymous)],
  hasSome: [Function (anonymous)],
  in: [Function (anonymous)],
  hasAll: [Function (anonymous)],
  exists: [Function (anonymous)],
  or: [Function (anonymous)],
  and: [Function (anonymous)],
  not: [Function (anonymous)],
  between: [Function (anonymous)],
  collectionName: 'Tours',
  filterBuilder: cX {
    filterTree: {},
    invalidArguments: [],
    encoder: [Function: cT],
    validateCollectionName: false
  },
  sort: c3 { orderBy: [], invalidArguments: [] },
  projectedFields: [],
  limitNumber: undefined,
  skipNumber: 0,
  included: [],
  onFind: [AsyncFunction: onFind],
  onDistinct: [AsyncFunction: onDistinct],
  onCount: [AsyncFunction: onCount],
  ownInvalidArguments: [],
  randomSortOptions: undefined,
  fieldGroups: []
}
c5 {
  eq: [Function (anonymous)],
  ne: [Function (anonymous)],
  ge: [Function (anonymous)],
  gt: [Function (anonymous)],
  gte: [Function (anonymous)],
  le: [Function (anonymous)],
  lt: [Function (anonymous)],
  lte: [Function (anonymous)],
  isNotEmpty: [Function (anonymous)],
  isEmpty: [Function (anonymous)],
  startsWith: [Function (anonymous)],
  endsWith: [Function (anonymous)],
  contains: [Function (anonymous)],
  hasSome: [Function (anonymous)],
  in: [Function (anonymous)],
  hasAll: [Function (anonymous)],
  exists: [Function (anonymous)],
  or: [Function (anonymous)],
  and: [Function (anonymous)],
  not: [Function (anonymous)],
  between: [Function (anonymous)],
  collectionName: 'Tours',
  filterBuilder: cX {
    filterTree: {},
    invalidArguments: [],
    encoder: [Function: cT],
    validateCollectionName: false
  },
  sort: c3 { orderBy: [], invalidArguments: [] },
  projectedFields: [],
  limitNumber: undefined,
  skipNumber: 0,
  included: [],
  onFind: [AsyncFunction: onFind],
  onDistinct: [AsyncFunction: onDistinct],
  onCount: [AsyncFunction: onCount],
  ownInvalidArguments: [],
  randomSortOptions: undefined,
  fieldGroups: []
}
c5 {
  eq: [Function (anonymous)],
  ne: [Function (anonymous)],
  ge: [Function (anonymous)],
  gt: [Function (anonymous)],
  gte: [Function (anonymous)],
  le: [Function (anonymous)],
  lt: [Function (anonymous)],
  lte: [Function (anonymous)],
  isNotEmpty: [Function (anonymous)],
  isEmpty: [Function (anonymous)],
  startsWith: [Function (anonymous)],
  endsWith: [Function (anonymous)],
  contains: [Function (anonymous)],
  hasSome: [Function (anonymous)],
  in: [Function (anonymous)],
  hasAll: [Function (anonymous)],
  exists: [Function (anonymous)],
  or: [Function (anonymous)],
  and: [Function (anonymous)],
  not: [Function (anonymous)],
  between: [Function (anonymous)],
  collectionName: 'Tours',
  filterBuilder: cX {
    filterTree: {},
    invalidArguments: [],
    encoder: [Function: cT],
    validateCollectionName: false
  },
  sort: c3 { orderBy: [], invalidArguments: [] },
  projectedFields: [],
  limitNumber: undefined,
  skipNumber: 0,
  included: [],
  onFind: [AsyncFunction: onFind],
  onDistinct: [AsyncFunction: onDistinct],
  onCount: [AsyncFunction: onCount],
  ownInvalidArguments: [],
  randomSortOptions: undefined,
  fieldGroups: []
}
c5 {
  eq: [Function (anonymous)],
  ne: [Function (anonymous)],
  ge: [Function (anonymous)],
  gt: [Function (anonymous)],
  gte: [Function (anonymous)],
  le: [Function (anonymous)],
  lt: [Function (anonymous)],
  lte: [Function (anonymous)],
  isNotEmpty: [Function (anonymous)],
  isEmpty: [Function (anonymous)],
  startsWith: [Function (anonymous)],
  endsWith: [Function (anonymous)],
  contains: [Function (anonymous)],
  hasSome: [Function (anonymous)],
  in: [Function (anonymous)],
  hasAll: [Function (anonymous)],
  exists: [Function (anonymous)],
  or: [Function (anonymous)],
  and: [Function (anonymous)],
  not: [Function (anonymous)],
  between: [Function (anonymous)],
  collectionName: 'Tours',
  filterBuilder: cX {
    filterTree: {},
    invalidArguments: [],
    encoder: [Function: cT],
    validateCollectionName: false
  },
  sort: c3 { orderBy: [], invalidArguments: [] },
  projectedFields: [],
  limitNumber: undefined,
  skipNumber: 0,
  included: [],
  onFind: [AsyncFunction: onFind],
  onDistinct: [AsyncFunction: onDistinct],
  onCount: [AsyncFunction: onCount],
  ownInvalidArguments: [],
  randomSortOptions: undefined,
  fieldGroups: []
}
c5 {
  eq: [Function (anonymous)],
  ne: [Function (anonymous)],
  ge: [Function (anonymous)],
  gt: [Function (anonymous)],
  gte: [Function (anonymous)],
  le: [Function (anonymous)],
  lt: [Function (anonymous)],
  lte: [Function (anonymous)],
  isNotEmpty: [Function (anonymous)],
  isEmpty: [Function (anonymous)],
  startsWith: [Function (anonymous)],
  endsWith: [Function (anonymous)],
  contains: [Function (anonymous)],
  hasSome: [Function (anonymous)],
  in: [Function (anonymous)],
  hasAll: [Function (anonymous)],
  exists: [Function (anonymous)],
  or: [Function (anonymous)],
  and: [Function (anonymous)],
  not: [Function (anonymous)],
  between: [Function (anonymous)],
  collectionName: 'Tours',
  filterBuilder: cX {
    filterTree: {},
    invalidArguments: [],
    encoder: [Function: cT],
    validateCollectionName: false
  },
  sort: c3 { orderBy: [], invalidArguments: [] },
  projectedFields: [],
  limitNumber: undefined,
  skipNumber: 0,
  included: [],
  onFind: [AsyncFunction: onFind],
  onDistinct: [AsyncFunction: onDistinct],
  onCount: [AsyncFunction: onCount],
  ownInvalidArguments: [],
  randomSortOptions: undefined,
  fieldGroups: []
}
c5 {
  eq: [Function (anonymous)],
  ne: [Function (anonymous)],
  ge: [Function (anonymous)],
  gt: [Function (anonymous)],
  gte: [Function (anonymous)],
  le: [Function (anonymous)],
  lt: [Function (anonymous)],
  lte: [Function (anonymous)],
  isNotEmpty: [Function (anonymous)],
  isEmpty: [Function (anonymous)],
  startsWith: [Function (anonymous)],
  endsWith: [Function (anonymous)],
  contains: [Function (anonymous)],
  hasSome: [Function (anonymous)],
  in: [Function (anonymous)],
  hasAll: [Function (anonymous)],
  exists: [Function (anonymous)],
  or: [Function (anonymous)],
  and: [Function (anonymous)],
  not: [Function (anonymous)],
  between: [Function (anonymous)],
  collectionName: 'Tours',
  filterBuilder: cX {
    filterTree: {},
    invalidArguments: [],
    encoder: [Function: cT],
    validateCollectionName: false
  },
  sort: c3 { orderBy: [], invalidArguments: [] },
  projectedFields: [],
  limitNumber: undefined,
  skipNumber: 0,
  included: [],
  onFind: [AsyncFunction: onFind],
  onDistinct: [AsyncFunction: onDistinct],
  onCount: [AsyncFunction: onCount],
  ownInvalidArguments: [],
  randomSortOptions: undefined,
  fieldGroups: []
}
c5 {
  eq: [Function (anonymous)],
  ne: [Function (anonymous)],
  ge: [Function (anonymous)],
  gt: [Function (anonymous)],
  gte: [Function (anonymous)],
  le: [Function (anonymous)],
  lt: [Function (anonymous)],
  lte: [Function (anonymous)],
  isNotEmpty: [Function (anonymous)],
  isEmpty: [Function (anonymous)],
  startsWith: [Function (anonymous)],
  endsWith: [Function (anonymous)],
  contains: [Function (anonymous)],
  hasSome: [Function (anonymous)],
  in: [Function (anonymous)],
  hasAll: [Function (anonymous)],
  exists: [Function (anonymous)],
  or: [Function (anonymous)],
  and: [Function (anonymous)],
  not: [Function (anonymous)],
  between: [Function (anonymous)],
  collectionName: 'Tours',
  filterBuilder: cX {
    filterTree: {},
    invalidArguments: [],
    encoder: [Function: cT],
    validateCollectionName: false
  },
  sort: c3 { orderBy: [], invalidArguments: [] },
  projectedFields: [],
  limitNumber: undefined,
  skipNumber: 0,
  included: [],
  onFind: [AsyncFunction: onFind],
  onDistinct: [AsyncFunction: onDistinct],
  onCount: [AsyncFunction: onCount],
  ownInvalidArguments: [],
  randomSortOptions: undefined,
  fieldGroups: []
}
c5 {
  eq: [Function (anonymous)],
  ne: [Function (anonymous)],
  ge: [Function (anonymous)],
  gt: [Function (anonymous)],
  gte: [Function (anonymous)],
  le: [Function (anonymous)],
  lt: [Function (anonymous)],
  lte: [Function (anonymous)],
  isNotEmpty: [Function (anonymous)],
  isEmpty: [Function (anonymous)],
  startsWith: [Function (anonymous)],
  endsWith: [Function (anonymous)],
  contains: [Function (anonymous)],
  hasSome: [Function (anonymous)],
  in: [Function (anonymous)],
  hasAll: [Function (anonymous)],
  exists: [Function (anonymous)],
  or: [Function (anonymous)],
  and: [Function (anonymous)],
  not: [Function (anonymous)],
  between: [Function (anonymous)],
  collectionName: 'Tours',
  filterBuilder: cX {
    filterTree: {},
    invalidArguments: [],
    encoder: [Function: cT],
    validateCollectionName: false
  },
  sort: c3 { orderBy: [], invalidArguments: [] },
  projectedFields: [],
  limitNumber: undefined,
  skipNumber: 0,
  included: [],
  onFind: [AsyncFunction: onFind],
  onDistinct: [AsyncFunction: onDistinct],
  onCount: [AsyncFunction: onCount],
  ownInvalidArguments: [],
  randomSortOptions: undefined,
  fieldGroups: []
}
c5 {
  eq: [Function (anonymous)],
  ne: [Function (anonymous)],
  ge: [Function (anonymous)],
  gt: [Function (anonymous)],
  gte: [Function (anonymous)],
  le: [Function (anonymous)],
  lt: [Function (anonymous)],
  lte: [Function (anonymous)],
  isNotEmpty: [Function (anonymous)],
  isEmpty: [Function (anonymous)],
  startsWith: [Function (anonymous)],
  endsWith: [Function (anonymous)],
  contains: [Function (anonymous)],
  hasSome: [Function (anonymous)],
  in: [Function (anonymous)],
  hasAll: [Function (anonymous)],
  exists: [Function (anonymous)],
  or: [Function (anonymous)],
  and: [Function (anonymous)],
  not: [Function (anonymous)],
  between: [Function (anonymous)],
  collectionName: 'Tours',
  filterBuilder: cX {
    filterTree: {},
    invalidArguments: [],
    encoder: [Function: cT],
    validateCollectionName: false
  },
  sort: c3 { orderBy: [], invalidArguments: [] },
  projectedFields: [],
  limitNumber: undefined,
  skipNumber: 0,
  included: [],
  onFind: [AsyncFunction: onFind],
  onDistinct: [AsyncFunction: onDistinct],
  onCount: [AsyncFunction: onCount],
  ownInvalidArguments: [],
  randomSortOptions: undefined,
  fieldGroups: []
}
c5 {
  eq: [Function (anonymous)],
  ne: [Function (anonymous)],
  ge: [Function (anonymous)],
  gt: [Function (anonymous)],
  gte: [Function (anonymous)],
  le: [Function (anonymous)],
  lt: [Function (anonymous)],
  lte: [Function (anonymous)],
  isNotEmpty: [Function (anonymous)],
  isEmpty: [Function (anonymous)],
  startsWith: [Function (anonymous)],
  endsWith: [Function (anonymous)],
  contains: [Function (anonymous)],
  hasSome: [Function (anonymous)],
  in: [Function (anonymous)],
  hasAll: [Function (anonymous)],
  exists: [Function (anonymous)],
  or: [Function (anonymous)],
  and: [Function (anonymous)],
  not: [Function (anonymous)],
  between: [Function (anonymous)],
  collectionName: 'Tours',
  filterBuilder: cX {
    filterTree: {},
    invalidArguments: [],
    encoder: [Function: cT],
    validateCollectionName: false
  },
  sort: c3 { orderBy: [], invalidArguments: [] },
  projectedFields: [],
  limitNumber: undefined,
  skipNumber: 0,
  included: [],
  onFind: [AsyncFunction: onFind],
  onDistinct: [AsyncFunction: onDistinct],
  onCount: [AsyncFunction: onCount],
  ownInvalidArguments: [],
  randomSortOptions: undefined,
  fieldGroups: []
}
c5 {
  eq: [Function (anonymous)],
  ne: [Function (anonymous)],
  ge: [Function (anonymous)],
  gt: [Function (anonymous)],
  gte: [Function (anonymous)],
  le: [Function (anonymous)],
  lt: [Function (anonymous)],
  lte: [Function (anonymous)],
  isNotEmpty: [Function (anonymous)],
  isEmpty: [Function (anonymous)],
  startsWith: [Function (anonymous)],
  endsWith: [Function (anonymous)],
  contains: [Function (anonymous)],
  hasSome: [Function (anonymous)],
  in: [Function (anonymous)],
  hasAll: [Function (anonymous)],
  exists: [Function (anonymous)],
  or: [Function (anonymous)],
  and: [Function (anonymous)],
  not: [Function (anonymous)],
  between: [Function (anonymous)],
  collectionName: 'Tours',
  filterBuilder: cX {
    filterTree: {},
    invalidArguments: [],
    encoder: [Function: cT],
    validateCollectionName: false
  },
  sort: c3 { orderBy: [], invalidArguments: [] },
  projectedFields: [],
  limitNumber: undefined,
  skipNumber: 0,
  included: [],
  onFind: [AsyncFunction: onFind],
  onDistinct: [AsyncFunction: onDistinct],
  onCount: [AsyncFunction: onCount],
  ownInvalidArguments: [],
  randomSortOptions: undefined,
  fieldGroups: []
}
c5 {
  eq: [Function (anonymous)],
  ne: [Function (anonymous)],
  ge: [Function (anonymous)],
  gt: [Function (anonymous)],
  gte: [Function (anonymous)],
  le: [Function (anonymous)],
  lt: [Function (anonymous)],
  lte: [Function (anonymous)],
  isNotEmpty: [Function (anonymous)],
  isEmpty: [Function (anonymous)],
  startsWith: [Function (anonymous)],
  endsWith: [Function (anonymous)],
  contains: [Function (anonymous)],
  hasSome: [Function (anonymous)],
  in: [Function (anonymous)],
  hasAll: [Function (anonymous)],
  exists: [Function (anonymous)],
  or: [Function (anonymous)],
  and: [Function (anonymous)],
  not: [Function (anonymous)],
  between: [Function (anonymous)],
  collectionName: 'Tours',
  filterBuilder: cX {
    filterTree: {},
    invalidArguments: [],
    encoder: [Function: cT],
    validateCollectionName: false
  },
  sort: c3 { orderBy: [], invalidArguments: [] },
  projectedFields: [],
  limitNumber: undefined,
  skipNumber: 0,
  included: [],
  onFind: [AsyncFunction: onFind],
  onDistinct: [AsyncFunction: onDistinct],
  onCount: [AsyncFunction: onCount],
  ownInvalidArguments: [],
  randomSortOptions: undefined,
  fieldGroups: []
}
Fetched tours: c6 {
  paging: { count: 4, tooManyToCount: false, cursors: {}, hasNext: false },
  fetch: [Function: f],
  items: [
    {
      heroImage: 'wix:image://v1/a1ae4f_eb28a320baff472c9ebf7c55ab0f227e~mv2.jpg/Rio_Grande_Rafting_1_GemsofJA_715ce722-66e6-475d-abbf-3dd5891fb1d0.jpg#originWidth=1200&originHeight=800',
      _id: 'e1834332-fa03-4a8d-b36e-549100e51703',
      _owner: 'a1ae4f3f-facc-427d-8c62-ac7bce9f8f00',
      _createdDate: 2026-04-02T04:53:21.857Z,
      featured: true,
      _updatedDate: 2026-04-08T17:33:25.374Z,
      slug: 'river-wonder-tour',
      startingPrice: 1500,
      isActive: true,
      title: 'River Wonder Tour'
    },
    {
      heroImage: 'wix:image://v1/a1ae4f_5d46a313528a4145becfd5b0c66a27ce~mv2.jpg/0627c062-bd49-4eb2-a168-f63353d10cb3.jpg#originWidth=3840&originHeight=2160',
      _id: '95352040-478b-4162-a26e-fdf00863809d',
      _owner: 'a1ae4f3f-facc-427d-8c62-ac7bce9f8f00',
      _createdDate: 2026-04-01T04:02:47.804Z,
      featured: false,
      _updatedDate: 2026-04-08T17:30:56.070Z,
      slug: 'ocean-love',
      startingPrice: 1050,
      isActive: true,
      title: 'Ocean Love'
    },
    {
      heroImage: 'wix:image://v1/a1ae4f_e3305b5a0d984978b179656f05922b31~mv2.jpg/The-start-if-a-Jamaic-day.jpg#originWidth=4041&originHeight=3031',
      _id: '7127ba34-74b6-476c-8f52-24397821cdc3',
      _owner: 'a1ae4f3f-facc-427d-8c62-ac7bce9f8f00',
      _createdDate: 2026-04-01T02:59:42.350Z,
      featured: true,
      _updatedDate: 2026-04-08T17:30:21.911Z,
      slug: 'mountain-thrill',
      startingPrice: 1250,
      isActive: true,
      title: 'Mountain Thrill'
    },
    {
      heroImage: 'wix:image://v1/11062b_51d84f5dac0d4155a4ad2c7e8a7f7e4b~mv2.jpg/Lush%20Green%20Hills.jpg#originWidth=4556&originHeight=2564',
      _id: 'bb4ccec1-6024-45b2-83bc-e755cef6c8c5',
      _owner: 'a1ae4f3f-facc-427d-8c62-ac7bce9f8f00',
      _createdDate: 2026-03-11T07:52:02.366Z,
      featured: true,
      _updatedDate: 2026-04-08T16:53:03.361Z,
      slug: 'cockpit-country-adventure',
      gallery: 'https://example.com/images/amazon1.jpg, https://example.com/images/amazon2.jpg, https://example.com/images/amazon3.jpg',
      startingPrice: 1699,
      isActive: true,
      title: 'Cockpit Country Adventure'
    }
  ],
  currentPage: undefined,
  collectionName: 'Tours',
  skipNumber: 0,
  totalCount: undefined,
  allowOffsetBackwards: false
}
Fetched tours: c6 {
  paging: { count: 4, tooManyToCount: false, cursors: {}, hasNext: false },
  fetch: [Function: f],
  items: [
    {
      heroImage: 'wix:image://v1/a1ae4f_eb28a320baff472c9ebf7c55ab0f227e~mv2.jpg/Rio_Grande_Rafting_1_GemsofJA_715ce722-66e6-475d-abbf-3dd5891fb1d0.jpg#originWidth=1200&originHeight=800',
      _id: 'e1834332-fa03-4a8d-b36e-549100e51703',
      _owner: 'a1ae4f3f-facc-427d-8c62-ac7bce9f8f00',
      _createdDate: 2026-04-02T04:53:21.857Z,
      featured: true,
      _updatedDate: 2026-04-08T17:33:25.374Z,
      slug: 'river-wonder-tour',
      startingPrice: 1500,
      isActive: true,
      title: 'River Wonder Tour'
    },
    {
      heroImage: 'wix:image://v1/a1ae4f_5d46a313528a4145becfd5b0c66a27ce~mv2.jpg/0627c062-bd49-4eb2-a168-f63353d10cb3.jpg#originWidth=3840&originHeight=2160',
      _id: '95352040-478b-4162-a26e-fdf00863809d',
      _owner: 'a1ae4f3f-facc-427d-8c62-ac7bce9f8f00',
      _createdDate: 2026-04-01T04:02:47.804Z,
      featured: false,
      _updatedDate: 2026-04-08T17:30:56.070Z,
      slug: 'ocean-love',
      startingPrice: 1050,
      isActive: true,
      title: 'Ocean Love'
    },
    {
      heroImage: 'wix:image://v1/a1ae4f_e3305b5a0d984978b179656f05922b31~mv2.jpg/The-start-if-a-Jamaic-day.jpg#originWidth=4041&originHeight=3031',
      _id: '7127ba34-74b6-476c-8f52-24397821cdc3',
      _owner: 'a1ae4f3f-facc-427d-8c62-ac7bce9f8f00',
      _createdDate: 2026-04-01T02:59:42.350Z,
      featured: true,
      _updatedDate: 2026-04-08T17:30:21.911Z,
      slug: 'mountain-thrill',
      startingPrice: 1250,
      isActive: true,
      title: 'Mountain Thrill'
    },
    {
      heroImage: 'wix:image://v1/11062b_51d84f5dac0d4155a4ad2c7e8a7f7e4b~mv2.jpg/Lush%20Green%20Hills.jpg#originWidth=4556&originHeight=2564',
      _id: 'bb4ccec1-6024-45b2-83bc-e755cef6c8c5',
      _owner: 'a1ae4f3f-facc-427d-8c62-ac7bce9f8f00',
      _createdDate: 2026-03-11T07:52:02.366Z,
      featured: true,
      _updatedDate: 2026-04-08T16:53:03.361Z,
      slug: 'cockpit-country-adventure',
      gallery: 'https://example.com/images/amazon1.jpg, https://example.com/images/amazon2.jpg, https://example.com/images/amazon3.jpg',
      startingPrice: 1699,
      isActive: true,
      title: 'Cockpit Country Adventure'
    }
  ],
  currentPage: undefined,
  collectionName: 'Tours',
  skipNumber: 0,
  totalCount: undefined,
  allowOffsetBackwards: false
}
Fetched tours: c6 {
  paging: { count: 4, tooManyToCount: false, cursors: {}, hasNext: false },
  fetch: [Function: f],
  items: [
    {
      heroImage: 'wix:image://v1/a1ae4f_eb28a320baff472c9ebf7c55ab0f227e~mv2.jpg/Rio_Grande_Rafting_1_GemsofJA_715ce722-66e6-475d-abbf-3dd5891fb1d0.jpg#originWidth=1200&originHeight=800',
      _id: 'e1834332-fa03-4a8d-b36e-549100e51703',
      _owner: 'a1ae4f3f-facc-427d-8c62-ac7bce9f8f00',
      _createdDate: 2026-04-02T04:53:21.857Z,
      featured: true,
      _updatedDate: 2026-04-08T17:33:25.374Z,
      slug: 'river-wonder-tour',
      startingPrice: 1500,
      isActive: true,
      title: 'River Wonder Tour'
    },
    {
      heroImage: 'wix:image://v1/a1ae4f_5d46a313528a4145becfd5b0c66a27ce~mv2.jpg/0627c062-bd49-4eb2-a168-f63353d10cb3.jpg#originWidth=3840&originHeight=2160',
      _id: '95352040-478b-4162-a26e-fdf00863809d',
      _owner: 'a1ae4f3f-facc-427d-8c62-ac7bce9f8f00',
      _createdDate: 2026-04-01T04:02:47.804Z,
      featured: false,
      _updatedDate: 2026-04-08T17:30:56.070Z,
      slug: 'ocean-love',
      startingPrice: 1050,
      isActive: true,
      title: 'Ocean Love'
    },
    {
      heroImage: 'wix:image://v1/a1ae4f_e3305b5a0d984978b179656f05922b31~mv2.jpg/The-start-if-a-Jamaic-day.jpg#originWidth=4041&originHeight=3031',
      _id: '7127ba34-74b6-476c-8f52-24397821cdc3',
      _owner: 'a1ae4f3f-facc-427d-8c62-ac7bce9f8f00',
      _createdDate: 2026-04-01T02:59:42.350Z,
      featured: true,
      _updatedDate: 2026-04-08T17:30:21.911Z,
      slug: 'mountain-thrill',
      startingPrice: 1250,
      isActive: true,
      title: 'Mountain Thrill'
    },
    {
      heroImage: 'wix:image://v1/11062b_51d84f5dac0d4155a4ad2c7e8a7f7e4b~mv2.jpg/Lush%20Green%20Hills.jpg#originWidth=4556&originHeight=2564',
      _id: 'bb4ccec1-6024-45b2-83bc-e755cef6c8c5',
      _owner: 'a1ae4f3f-facc-427d-8c62-ac7bce9f8f00',
      _createdDate: 2026-03-11T07:52:02.366Z,
      featured: true,
      _updatedDate: 2026-04-08T16:53:03.361Z,
      slug: 'cockpit-country-adventure',
      gallery: 'https://example.com/images/amazon1.jpg, https://example.com/images/amazon2.jpg, https://example.com/images/amazon3.jpg',
      startingPrice: 1699,
      isActive: true,
      title: 'Cockpit Country Adventure'
    }
  ],
  currentPage: undefined,
  collectionName: 'Tours',
  skipNumber: 0,
  totalCount: undefined,
  allowOffsetBackwards: false
}
Fetched tours: c6 {
  paging: { count: 4, tooManyToCount: false, cursors: {}, hasNext: false },
  fetch: [Function: f],
  items: [
    {
      heroImage: 'wix:image://v1/a1ae4f_eb28a320baff472c9ebf7c55ab0f227e~mv2.jpg/Rio_Grande_Rafting_1_GemsofJA_715ce722-66e6-475d-abbf-3dd5891fb1d0.jpg#originWidth=1200&originHeight=800',
      _id: 'e1834332-fa03-4a8d-b36e-549100e51703',
      _owner: 'a1ae4f3f-facc-427d-8c62-ac7bce9f8f00',
      _createdDate: 2026-04-02T04:53:21.857Z,
      featured: true,
      _updatedDate: 2026-04-08T17:33:25.374Z,
      slug: 'river-wonder-tour',
      startingPrice: 1500,
      isActive: true,
      title: 'River Wonder Tour'
    },
    {
      heroImage: 'wix:image://v1/a1ae4f_5d46a313528a4145becfd5b0c66a27ce~mv2.jpg/0627c062-bd49-4eb2-a168-f63353d10cb3.jpg#originWidth=3840&originHeight=2160',
      _id: '95352040-478b-4162-a26e-fdf00863809d',
      _owner: 'a1ae4f3f-facc-427d-8c62-ac7bce9f8f00',
      _createdDate: 2026-04-01T04:02:47.804Z,
      featured: false,
      _updatedDate: 2026-04-08T17:30:56.070Z,
      slug: 'ocean-love',
      startingPrice: 1050,
      isActive: true,
      title: 'Ocean Love'
    },
    {
      heroImage: 'wix:image://v1/a1ae4f_e3305b5a0d984978b179656f05922b31~mv2.jpg/The-start-if-a-Jamaic-day.jpg#originWidth=4041&originHeight=3031',
      _id: '7127ba34-74b6-476c-8f52-24397821cdc3',
      _owner: 'a1ae4f3f-facc-427d-8c62-ac7bce9f8f00',
      _createdDate: 2026-04-01T02:59:42.350Z,
      featured: true,
      _updatedDate: 2026-04-08T17:30:21.911Z,
      slug: 'mountain-thrill',
      startingPrice: 1250,
      isActive: true,
      title: 'Mountain Thrill'
    },
    {
      heroImage: 'wix:image://v1/11062b_51d84f5dac0d4155a4ad2c7e8a7f7e4b~mv2.jpg/Lush%20Green%20Hills.jpg#originWidth=4556&originHeight=2564',
      _id: 'bb4ccec1-6024-45b2-83bc-e755cef6c8c5',
      _owner: 'a1ae4f3f-facc-427d-8c62-ac7bce9f8f00',
      _createdDate: 2026-03-11T07:52:02.366Z,
      featured: true,
      _updatedDate: 2026-04-08T16:53:03.361Z,
      slug: 'cockpit-country-adventure',
      gallery: 'https://example.com/images/amazon1.jpg, https://example.com/images/amazon2.jpg, https://example.com/images/amazon3.jpg',
      startingPrice: 1699,
      isActive: true,
      title: 'Cockpit Country Adventure'
    }
  ],
  currentPage: undefined,
  collectionName: 'Tours',
  skipNumber: 0,
  totalCount: undefined,
  allowOffsetBackwards: false
}
Fetched tours: c6 {
  paging: { count: 4, tooManyToCount: false, cursors: {}, hasNext: false },
  fetch: [Function: f],
  items: [
    {
      heroImage: 'wix:image://v1/a1ae4f_eb28a320baff472c9ebf7c55ab0f227e~mv2.jpg/Rio_Grande_Rafting_1_GemsofJA_715ce722-66e6-475d-abbf-3dd5891fb1d0.jpg#originWidth=1200&originHeight=800',
      _id: 'e1834332-fa03-4a8d-b36e-549100e51703',
      _owner: 'a1ae4f3f-facc-427d-8c62-ac7bce9f8f00',
      _createdDate: 2026-04-02T04:53:21.857Z,
      featured: true,
      _updatedDate: 2026-04-08T17:33:25.374Z,
      slug: 'river-wonder-tour',
      startingPrice: 1500,
      isActive: true,
      title: 'River Wonder Tour'
    },
    {
      heroImage: 'wix:image://v1/a1ae4f_5d46a313528a4145becfd5b0c66a27ce~mv2.jpg/0627c062-bd49-4eb2-a168-f63353d10cb3.jpg#originWidth=3840&originHeight=2160',
      _id: '95352040-478b-4162-a26e-fdf00863809d',
      _owner: 'a1ae4f3f-facc-427d-8c62-ac7bce9f8f00',
      _createdDate: 2026-04-01T04:02:47.804Z,
      featured: false,
      _updatedDate: 2026-04-08T17:30:56.070Z,
      slug: 'ocean-love',
      startingPrice: 1050,
      isActive: true,
      title: 'Ocean Love'
    },
    {
      heroImage: 'wix:image://v1/a1ae4f_e3305b5a0d984978b179656f05922b31~mv2.jpg/The-start-if-a-Jamaic-day.jpg#originWidth=4041&originHeight=3031',
      _id: '7127ba34-74b6-476c-8f52-24397821cdc3',
      _owner: 'a1ae4f3f-facc-427d-8c62-ac7bce9f8f00',
      _createdDate: 2026-04-01T02:59:42.350Z,
      featured: true,
      _updatedDate: 2026-04-08T17:30:21.911Z,
      slug: 'mountain-thrill',
      startingPrice: 1250,
      isActive: true,
      title: 'Mountain Thrill'
    },
    {
      heroImage: 'wix:image://v1/11062b_51d84f5dac0d4155a4ad2c7e8a7f7e4b~mv2.jpg/Lush%20Green%20Hills.jpg#originWidth=4556&originHeight=2564',
      _id: 'bb4ccec1-6024-45b2-83bc-e755cef6c8c5',
      _owner: 'a1ae4f3f-facc-427d-8c62-ac7bce9f8f00',
      _createdDate: 2026-03-11T07:52:02.366Z,
      featured: true,
      _updatedDate: 2026-04-08T16:53:03.361Z,
      slug: 'cockpit-country-adventure',
      gallery: 'https://example.com/images/amazon1.jpg, https://example.com/images/amazon2.jpg, https://example.com/images/amazon3.jpg',
      startingPrice: 1699,
      isActive: true,
      title: 'Cockpit Country Adventure'
    }
  ],
  currentPage: undefined,
  collectionName: 'Tours',
  skipNumber: 0,
  totalCount: undefined,
  allowOffsetBackwards: false
}
Fetched tours: c6 {
  paging: { count: 4, tooManyToCount: false, cursors: {}, hasNext: false },
  fetch: [Function: f],
  items: [
    {
      heroImage: 'wix:image://v1/a1ae4f_eb28a320baff472c9ebf7c55ab0f227e~mv2.jpg/Rio_Grande_Rafting_1_GemsofJA_715ce722-66e6-475d-abbf-3dd5891fb1d0.jpg#originWidth=1200&originHeight=800',
      _id: 'e1834332-fa03-4a8d-b36e-549100e51703',
      _owner: 'a1ae4f3f-facc-427d-8c62-ac7bce9f8f00',
      _createdDate: 2026-04-02T04:53:21.857Z,
      featured: true,
      _updatedDate: 2026-04-08T17:33:25.374Z,
      slug: 'river-wonder-tour',
      startingPrice: 1500,
      isActive: true,
      title: 'River Wonder Tour'
    },
    {
      heroImage: 'wix:image://v1/a1ae4f_5d46a313528a4145becfd5b0c66a27ce~mv2.jpg/0627c062-bd49-4eb2-a168-f63353d10cb3.jpg#originWidth=3840&originHeight=2160',
      _id: '95352040-478b-4162-a26e-fdf00863809d',
      _owner: 'a1ae4f3f-facc-427d-8c62-ac7bce9f8f00',
      _createdDate: 2026-04-01T04:02:47.804Z,
      featured: false,
      _updatedDate: 2026-04-08T17:30:56.070Z,
      slug: 'ocean-love',
      startingPrice: 1050,
      isActive: true,
      title: 'Ocean Love'
    },
    {
      heroImage: 'wix:image://v1/a1ae4f_e3305b5a0d984978b179656f05922b31~mv2.jpg/The-start-if-a-Jamaic-day.jpg#originWidth=4041&originHeight=3031',
      _id: '7127ba34-74b6-476c-8f52-24397821cdc3',
      _owner: 'a1ae4f3f-facc-427d-8c62-ac7bce9f8f00',
      _createdDate: 2026-04-01T02:59:42.350Z,
      featured: true,
      _updatedDate: 2026-04-08T17:30:21.911Z,
      slug: 'mountain-thrill',
      startingPrice: 1250,
      isActive: true,
      title: 'Mountain Thrill'
    },
    {
      heroImage: 'wix:image://v1/11062b_51d84f5dac0d4155a4ad2c7e8a7f7e4b~mv2.jpg/Lush%20Green%20Hills.jpg#originWidth=4556&originHeight=2564',
      _id: 'bb4ccec1-6024-45b2-83bc-e755cef6c8c5',
      _owner: 'a1ae4f3f-facc-427d-8c62-ac7bce9f8f00',
      _createdDate: 2026-03-11T07:52:02.366Z,
      featured: true,
      _updatedDate: 2026-04-08T16:53:03.361Z,
      slug: 'cockpit-country-adventure',
      gallery: 'https://example.com/images/amazon1.jpg, https://example.com/images/amazon2.jpg, https://example.com/images/amazon3.jpg',
      startingPrice: 1699,
      isActive: true,
      title: 'Cockpit Country Adventure'
    }
  ],
  currentPage: undefined,
  collectionName: 'Tours',
  skipNumber: 0,
  totalCount: undefined,
  allowOffsetBackwards: false
}
Fetched tours: c6 {
  paging: { count: 4, tooManyToCount: false, cursors: {}, hasNext: false },
  fetch: [Function: f],
  items: [
    {
      heroImage: 'wix:image://v1/a1ae4f_eb28a320baff472c9ebf7c55ab0f227e~mv2.jpg/Rio_Grande_Rafting_1_GemsofJA_715ce722-66e6-475d-abbf-3dd5891fb1d0.jpg#originWidth=1200&originHeight=800',
      _id: 'e1834332-fa03-4a8d-b36e-549100e51703',
      _owner: 'a1ae4f3f-facc-427d-8c62-ac7bce9f8f00',
      _createdDate: 2026-04-02T04:53:21.857Z,
      featured: true,
      _updatedDate: 2026-04-08T17:33:25.374Z,
      slug: 'river-wonder-tour',
      startingPrice: 1500,
      isActive: true,
      title: 'River Wonder Tour'
    },
    {
      heroImage: 'wix:image://v1/a1ae4f_5d46a313528a4145becfd5b0c66a27ce~mv2.jpg/0627c062-bd49-4eb2-a168-f63353d10cb3.jpg#originWidth=3840&originHeight=2160',
      _id: '95352040-478b-4162-a26e-fdf00863809d',
      _owner: 'a1ae4f3f-facc-427d-8c62-ac7bce9f8f00',
      _createdDate: 2026-04-01T04:02:47.804Z,
      featured: false,
      _updatedDate: 2026-04-08T17:30:56.070Z,
      slug: 'ocean-love',
      startingPrice: 1050,
      isActive: true,
      title: 'Ocean Love'
    },
    {
      heroImage: 'wix:image://v1/a1ae4f_e3305b5a0d984978b179656f05922b31~mv2.jpg/The-start-if-a-Jamaic-day.jpg#originWidth=4041&originHeight=3031',
      _id: '7127ba34-74b6-476c-8f52-24397821cdc3',
      _owner: 'a1ae4f3f-facc-427d-8c62-ac7bce9f8f00',
      _createdDate: 2026-04-01T02:59:42.350Z,
      featured: true,
      _updatedDate: 2026-04-08T17:30:21.911Z,
      slug: 'mountain-thrill',
      startingPrice: 1250,
      isActive: true,
      title: 'Mountain Thrill'
    },
    {
      heroImage: 'wix:image://v1/11062b_51d84f5dac0d4155a4ad2c7e8a7f7e4b~mv2.jpg/Lush%20Green%20Hills.jpg#originWidth=4556&originHeight=2564',
      _id: 'bb4ccec1-6024-45b2-83bc-e755cef6c8c5',
      _owner: 'a1ae4f3f-facc-427d-8c62-ac7bce9f8f00',
      _createdDate: 2026-03-11T07:52:02.366Z,
      featured: true,
      _updatedDate: 2026-04-08T16:53:03.361Z,
      slug: 'cockpit-country-adventure',
      gallery: 'https://example.com/images/amazon1.jpg, https://example.com/images/amazon2.jpg, https://example.com/images/amazon3.jpg',
      startingPrice: 1699,
      isActive: true,
      title: 'Cockpit Country Adventure'
    }
  ],
  currentPage: undefined,
  collectionName: 'Tours',
  skipNumber: 0,
  totalCount: undefined,
  allowOffsetBackwards: false
}
Fetched tours: c6 {
  paging: { count: 4, tooManyToCount: false, cursors: {}, hasNext: false },
  fetch: [Function: f],
  items: [
    {
      heroImage: 'wix:image://v1/a1ae4f_eb28a320baff472c9ebf7c55ab0f227e~mv2.jpg/Rio_Grande_Rafting_1_GemsofJA_715ce722-66e6-475d-abbf-3dd5891fb1d0.jpg#originWidth=1200&originHeight=800',
      _id: 'e1834332-fa03-4a8d-b36e-549100e51703',
      _owner: 'a1ae4f3f-facc-427d-8c62-ac7bce9f8f00',
      _createdDate: 2026-04-02T04:53:21.857Z,
      featured: true,
      _updatedDate: 2026-04-08T17:33:25.374Z,
      slug: 'river-wonder-tour',
      startingPrice: 1500,
      isActive: true,
      title: 'River Wonder Tour'
    },
    {
      heroImage: 'wix:image://v1/a1ae4f_5d46a313528a4145becfd5b0c66a27ce~mv2.jpg/0627c062-bd49-4eb2-a168-f63353d10cb3.jpg#originWidth=3840&originHeight=2160',
      _id: '95352040-478b-4162-a26e-fdf00863809d',
      _owner: 'a1ae4f3f-facc-427d-8c62-ac7bce9f8f00',
      _createdDate: 2026-04-01T04:02:47.804Z,
      featured: false,
      _updatedDate: 2026-04-08T17:30:56.070Z,
      slug: 'ocean-love',
      startingPrice: 1050,
      isActive: true,
      title: 'Ocean Love'
    },
    {
      heroImage: 'wix:image://v1/a1ae4f_e3305b5a0d984978b179656f05922b31~mv2.jpg/The-start-if-a-Jamaic-day.jpg#originWidth=4041&originHeight=3031',
      _id: '7127ba34-74b6-476c-8f52-24397821cdc3',
      _owner: 'a1ae4f3f-facc-427d-8c62-ac7bce9f8f00',
      _createdDate: 2026-04-01T02:59:42.350Z,
      featured: true,
      _updatedDate: 2026-04-08T17:30:21.911Z,
      slug: 'mountain-thrill',
      startingPrice: 1250,
      isActive: true,
      title: 'Mountain Thrill'
    },
    {
      heroImage: 'wix:image://v1/11062b_51d84f5dac0d4155a4ad2c7e8a7f7e4b~mv2.jpg/Lush%20Green%20Hills.jpg#originWidth=4556&originHeight=2564',
      _id: 'bb4ccec1-6024-45b2-83bc-e755cef6c8c5',
      _owner: 'a1ae4f3f-facc-427d-8c62-ac7bce9f8f00',
      _createdDate: 2026-03-11T07:52:02.366Z,
      featured: true,
      _updatedDate: 2026-04-08T16:53:03.361Z,
      slug: 'cockpit-country-adventure',
      gallery: 'https://example.com/images/amazon1.jpg, https://example.com/images/amazon2.jpg, https://example.com/images/amazon3.jpg',
      startingPrice: 1699,
      isActive: true,
      title: 'Cockpit Country Adventure'
    }
  ],
  currentPage: undefined,
  collectionName: 'Tours',
  skipNumber: 0,
  totalCount: undefined,
  allowOffsetBackwards: false
}
Fetched tours: c6 {
  paging: { count: 4, tooManyToCount: false, cursors: {}, hasNext: false },
  fetch: [Function: f],
  items: [
    {
      heroImage: 'wix:image://v1/a1ae4f_eb28a320baff472c9ebf7c55ab0f227e~mv2.jpg/Rio_Grande_Rafting_1_GemsofJA_715ce722-66e6-475d-abbf-3dd5891fb1d0.jpg#originWidth=1200&originHeight=800',
      _id: 'e1834332-fa03-4a8d-b36e-549100e51703',
      _owner: 'a1ae4f3f-facc-427d-8c62-ac7bce9f8f00',
      _createdDate: 2026-04-02T04:53:21.857Z,
      featured: true,
      _updatedDate: 2026-04-08T17:33:25.374Z,
      slug: 'river-wonder-tour',
      startingPrice: 1500,
      isActive: true,
      title: 'River Wonder Tour'
    },
    {
      heroImage: 'wix:image://v1/a1ae4f_5d46a313528a4145becfd5b0c66a27ce~mv2.jpg/0627c062-bd49-4eb2-a168-f63353d10cb3.jpg#originWidth=3840&originHeight=2160',
      _id: '95352040-478b-4162-a26e-fdf00863809d',
      _owner: 'a1ae4f3f-facc-427d-8c62-ac7bce9f8f00',
      _createdDate: 2026-04-01T04:02:47.804Z,
      featured: false,
      _updatedDate: 2026-04-08T17:30:56.070Z,
      slug: 'ocean-love',
      startingPrice: 1050,
      isActive: true,
      title: 'Ocean Love'
    },
    {
      heroImage: 'wix:image://v1/a1ae4f_e3305b5a0d984978b179656f05922b31~mv2.jpg/The-start-if-a-Jamaic-day.jpg#originWidth=4041&originHeight=3031',
      _id: '7127ba34-74b6-476c-8f52-24397821cdc3',
      _owner: 'a1ae4f3f-facc-427d-8c62-ac7bce9f8f00',
      _createdDate: 2026-04-01T02:59:42.350Z,
      featured: true,
      _updatedDate: 2026-04-08T17:30:21.911Z,
      slug: 'mountain-thrill',
      startingPrice: 1250,
      isActive: true,
      title: 'Mountain Thrill'
    },
    {
      heroImage: 'wix:image://v1/11062b_51d84f5dac0d4155a4ad2c7e8a7f7e4b~mv2.jpg/Lush%20Green%20Hills.jpg#originWidth=4556&originHeight=2564',
      _id: 'bb4ccec1-6024-45b2-83bc-e755cef6c8c5',
      _owner: 'a1ae4f3f-facc-427d-8c62-ac7bce9f8f00',
      _createdDate: 2026-03-11T07:52:02.366Z,
      featured: true,
      _updatedDate: 2026-04-08T16:53:03.361Z,
      slug: 'cockpit-country-adventure',
      gallery: 'https://example.com/images/amazon1.jpg, https://example.com/images/amazon2.jpg, https://example.com/images/amazon3.jpg',
      startingPrice: 1699,
      isActive: true,
      title: 'Cockpit Country Adventure'
    }
  ],
  currentPage: undefined,
  collectionName: 'Tours',
  skipNumber: 0,
  totalCount: undefined,
  allowOffsetBackwards: false
}
Fetched tours: c6 {
  paging: { count: 4, tooManyToCount: false, cursors: {}, hasNext: false },
  fetch: [Function: f],
  items: [
    {
      heroImage: 'wix:image://v1/a1ae4f_eb28a320baff472c9ebf7c55ab0f227e~mv2.jpg/Rio_Grande_Rafting_1_GemsofJA_715ce722-66e6-475d-abbf-3dd5891fb1d0.jpg#originWidth=1200&originHeight=800',
      _id: 'e1834332-fa03-4a8d-b36e-549100e51703',
      _owner: 'a1ae4f3f-facc-427d-8c62-ac7bce9f8f00',
      _createdDate: 2026-04-02T04:53:21.857Z,
      featured: true,
      _updatedDate: 2026-04-08T17:33:25.374Z,
      slug: 'river-wonder-tour',
      startingPrice: 1500,
      isActive: true,
      title: 'River Wonder Tour'
    },
    {
      heroImage: 'wix:image://v1/a1ae4f_5d46a313528a4145becfd5b0c66a27ce~mv2.jpg/0627c062-bd49-4eb2-a168-f63353d10cb3.jpg#originWidth=3840&originHeight=2160',
      _id: '95352040-478b-4162-a26e-fdf00863809d',
      _owner: 'a1ae4f3f-facc-427d-8c62-ac7bce9f8f00',
      _createdDate: 2026-04-01T04:02:47.804Z,
      featured: false,
      _updatedDate: 2026-04-08T17:30:56.070Z,
      slug: 'ocean-love',
      startingPrice: 1050,
      isActive: true,
      title: 'Ocean Love'
    },
    {
      heroImage: 'wix:image://v1/a1ae4f_e3305b5a0d984978b179656f05922b31~mv2.jpg/The-start-if-a-Jamaic-day.jpg#originWidth=4041&originHeight=3031',
      _id: '7127ba34-74b6-476c-8f52-24397821cdc3',
      _owner: 'a1ae4f3f-facc-427d-8c62-ac7bce9f8f00',
      _createdDate: 2026-04-01T02:59:42.350Z,
      featured: true,
      _updatedDate: 2026-04-08T17:30:21.911Z,
      slug: 'mountain-thrill',
      startingPrice: 1250,
      isActive: true,
      title: 'Mountain Thrill'
    },
    {
      heroImage: 'wix:image://v1/11062b_51d84f5dac0d4155a4ad2c7e8a7f7e4b~mv2.jpg/Lush%20Green%20Hills.jpg#originWidth=4556&originHeight=2564',
      _id: 'bb4ccec1-6024-45b2-83bc-e755cef6c8c5',
      _owner: 'a1ae4f3f-facc-427d-8c62-ac7bce9f8f00',
      _createdDate: 2026-03-11T07:52:02.366Z,
      featured: true,
      _updatedDate: 2026-04-08T16:53:03.361Z,
      slug: 'cockpit-country-adventure',
      gallery: 'https://example.com/images/amazon1.jpg, https://example.com/images/amazon2.jpg, https://example.com/images/amazon3.jpg',
      startingPrice: 1699,
      isActive: true,
      title: 'Cockpit Country Adventure'
    }
  ],
  currentPage: undefined,
  collectionName: 'Tours',
  skipNumber: 0,
  totalCount: undefined,
  allowOffsetBackwards: false
}
Fetched tours: c6 {
  paging: { count: 4, tooManyToCount: false, cursors: {}, hasNext: false },
  fetch: [Function: f],
  items: [
    {
      heroImage: 'wix:image://v1/a1ae4f_eb28a320baff472c9ebf7c55ab0f227e~mv2.jpg/Rio_Grande_Rafting_1_GemsofJA_715ce722-66e6-475d-abbf-3dd5891fb1d0.jpg#originWidth=1200&originHeight=800',
      _id: 'e1834332-fa03-4a8d-b36e-549100e51703',
      _owner: 'a1ae4f3f-facc-427d-8c62-ac7bce9f8f00',
      _createdDate: 2026-04-02T04:53:21.857Z,
      featured: true,
      _updatedDate: 2026-04-08T17:33:25.374Z,
      slug: 'river-wonder-tour',
      startingPrice: 1500,
      isActive: true,
      title: 'River Wonder Tour'
    },
    {
      heroImage: 'wix:image://v1/a1ae4f_5d46a313528a4145becfd5b0c66a27ce~mv2.jpg/0627c062-bd49-4eb2-a168-f63353d10cb3.jpg#originWidth=3840&originHeight=2160',
      _id: '95352040-478b-4162-a26e-fdf00863809d',
      _owner: 'a1ae4f3f-facc-427d-8c62-ac7bce9f8f00',
      _createdDate: 2026-04-01T04:02:47.804Z,
      featured: false,
      _updatedDate: 2026-04-08T17:30:56.070Z,
      slug: 'ocean-love',
      startingPrice: 1050,
      isActive: true,
      title: 'Ocean Love'
    },
    {
      heroImage: 'wix:image://v1/a1ae4f_e3305b5a0d984978b179656f05922b31~mv2.jpg/The-start-if-a-Jamaic-day.jpg#originWidth=4041&originHeight=3031',
      _id: '7127ba34-74b6-476c-8f52-24397821cdc3',
      _owner: 'a1ae4f3f-facc-427d-8c62-ac7bce9f8f00',
      _createdDate: 2026-04-01T02:59:42.350Z,
      featured: true,
      _updatedDate: 2026-04-08T17:30:21.911Z,
      slug: 'mountain-thrill',
      startingPrice: 1250,
      isActive: true,
      title: 'Mountain Thrill'
    },
    {
      heroImage: 'wix:image://v1/11062b_51d84f5dac0d4155a4ad2c7e8a7f7e4b~mv2.jpg/Lush%20Green%20Hills.jpg#originWidth=4556&originHeight=2564',
      _id: 'bb4ccec1-6024-45b2-83bc-e755cef6c8c5',
      _owner: 'a1ae4f3f-facc-427d-8c62-ac7bce9f8f00',
      _createdDate: 2026-03-11T07:52:02.366Z,
      featured: true,
      _updatedDate: 2026-04-08T16:53:03.361Z,
      slug: 'cockpit-country-adventure',
      gallery: 'https://example.com/images/amazon1.jpg, https://example.com/images/amazon2.jpg, https://example.com/images/amazon3.jpg',
      startingPrice: 1699,
      isActive: true,
      title: 'Cockpit Country Adventure'
    }
  ],
  currentPage: undefined,
  collectionName: 'Tours',
  skipNumber: 0,
  totalCount: undefined,
  allowOffsetBackwards: false
}
Fetched tours: c6 {
  paging: { count: 4, tooManyToCount: false, cursors: {}, hasNext: false },
  fetch: [Function: f],
  items: [
    {
      heroImage: 'wix:image://v1/a1ae4f_eb28a320baff472c9ebf7c55ab0f227e~mv2.jpg/Rio_Grande_Rafting_1_GemsofJA_715ce722-66e6-475d-abbf-3dd5891fb1d0.jpg#originWidth=1200&originHeight=800',
      _id: 'e1834332-fa03-4a8d-b36e-549100e51703',
      _owner: 'a1ae4f3f-facc-427d-8c62-ac7bce9f8f00',
      _createdDate: 2026-04-02T04:53:21.857Z,
      featured: true,
      _updatedDate: 2026-04-08T17:33:25.374Z,
      slug: 'river-wonder-tour',
      startingPrice: 1500,
      isActive: true,
      title: 'River Wonder Tour'
    },
    {
      heroImage: 'wix:image://v1/a1ae4f_5d46a313528a4145becfd5b0c66a27ce~mv2.jpg/0627c062-bd49-4eb2-a168-f63353d10cb3.jpg#originWidth=3840&originHeight=2160',
      _id: '95352040-478b-4162-a26e-fdf00863809d',
      _owner: 'a1ae4f3f-facc-427d-8c62-ac7bce9f8f00',
      _createdDate: 2026-04-01T04:02:47.804Z,
      featured: false,
      _updatedDate: 2026-04-08T17:30:56.070Z,
      slug: 'ocean-love',
      startingPrice: 1050,
      isActive: true,
      title: 'Ocean Love'
    },
    {
      heroImage: 'wix:image://v1/a1ae4f_e3305b5a0d984978b179656f05922b31~mv2.jpg/The-start-if-a-Jamaic-day.jpg#originWidth=4041&originHeight=3031',
      _id: '7127ba34-74b6-476c-8f52-24397821cdc3',
      _owner: 'a1ae4f3f-facc-427d-8c62-ac7bce9f8f00',
      _createdDate: 2026-04-01T02:59:42.350Z,
      featured: true,
      _updatedDate: 2026-04-08T17:30:21.911Z,
      slug: 'mountain-thrill',
      startingPrice: 1250,
      isActive: true,
      title: 'Mountain Thrill'
    },
    {
      heroImage: 'wix:image://v1/11062b_51d84f5dac0d4155a4ad2c7e8a7f7e4b~mv2.jpg/Lush%20Green%20Hills.jpg#originWidth=4556&originHeight=2564',
      _id: 'bb4ccec1-6024-45b2-83bc-e755cef6c8c5',
      _owner: 'a1ae4f3f-facc-427d-8c62-ac7bce9f8f00',
      _createdDate: 2026-03-11T07:52:02.366Z,
      featured: true,
      _updatedDate: 2026-04-08T16:53:03.361Z,
      slug: 'cockpit-country-adventure',
      gallery: 'https://example.com/images/amazon1.jpg, https://example.com/images/amazon2.jpg, https://example.com/images/amazon3.jpg',
      startingPrice: 1699,
      isActive: true,
      title: 'Cockpit Country Adventure'
    }
  ],
  currentPage: undefined,
  collectionName: 'Tours',
  skipNumber: 0,
  totalCount: undefined,
  allowOffsetBackwards: false
}
Fetched tours: c6 {
  paging: { count: 4, tooManyToCount: false, cursors: {}, hasNext: false },
  fetch: [Function: f],
  items: [
    {
      heroImage: 'wix:image://v1/a1ae4f_eb28a320baff472c9ebf7c55ab0f227e~mv2.jpg/Rio_Grande_Rafting_1_GemsofJA_715ce722-66e6-475d-abbf-3dd5891fb1d0.jpg#originWidth=1200&originHeight=800',
      _id: 'e1834332-fa03-4a8d-b36e-549100e51703',
      _owner: 'a1ae4f3f-facc-427d-8c62-ac7bce9f8f00',
      _createdDate: 2026-04-02T04:53:21.857Z,
      featured: true,
      _updatedDate: 2026-04-08T17:33:25.374Z,
      slug: 'river-wonder-tour',
      startingPrice: 1500,
      isActive: true,
      title: 'River Wonder Tour'
    },
    {
      heroImage: 'wix:image://v1/a1ae4f_5d46a313528a4145becfd5b0c66a27ce~mv2.jpg/0627c062-bd49-4eb2-a168-f63353d10cb3.jpg#originWidth=3840&originHeight=2160',
      _id: '95352040-478b-4162-a26e-fdf00863809d',
      _owner: 'a1ae4f3f-facc-427d-8c62-ac7bce9f8f00',
      _createdDate: 2026-04-01T04:02:47.804Z,
      featured: false,
      _updatedDate: 2026-04-08T17:30:56.070Z,
      slug: 'ocean-love',
      startingPrice: 1050,
      isActive: true,
      title: 'Ocean Love'
    },
    {
      heroImage: 'wix:image://v1/a1ae4f_e3305b5a0d984978b179656f05922b31~mv2.jpg/The-start-if-a-Jamaic-day.jpg#originWidth=4041&originHeight=3031',
      _id: '7127ba34-74b6-476c-8f52-24397821cdc3',
      _owner: 'a1ae4f3f-facc-427d-8c62-ac7bce9f8f00',
      _createdDate: 2026-04-01T02:59:42.350Z,
      featured: true,
      _updatedDate: 2026-04-08T17:30:21.911Z,
      slug: 'mountain-thrill',
      startingPrice: 1250,
      isActive: true,
      title: 'Mountain Thrill'
    },
    {
      heroImage: 'wix:image://v1/11062b_51d84f5dac0d4155a4ad2c7e8a7f7e4b~mv2.jpg/Lush%20Green%20Hills.jpg#originWidth=4556&originHeight=2564',
      _id: 'bb4ccec1-6024-45b2-83bc-e755cef6c8c5',
      _owner: 'a1ae4f3f-facc-427d-8c62-ac7bce9f8f00',
      _createdDate: 2026-03-11T07:52:02.366Z,
      featured: true,
      _updatedDate: 2026-04-08T16:53:03.361Z,
      slug: 'cockpit-country-adventure',
      gallery: 'https://example.com/images/amazon1.jpg, https://example.com/images/amazon2.jpg, https://example.com/images/amazon3.jpg',
      startingPrice: 1699,
      isActive: true,
      title: 'Cockpit Country Adventure'
    }
  ],
  currentPage: undefined,
  collectionName: 'Tours',
  skipNumber: 0,
  totalCount: undefined,
  allowOffsetBackwards: false
}
[getDestinations] fetched 37 items from "Destinations1"
No tour found with status=published for slug: cockpit-country-adventure
No tour found with status=published for slug: mountain-thrill
No tour found with status=published for slug: mountain-thrill
No tour found with status=published for slug: cockpit-country-adventure
No tour found with status=published for slug: ocean-love
Fetched tours: c6 {
  paging: { count: 4, tooManyToCount: false, cursors: {}, hasNext: false },
  fetch: [Function: f],
  items: [
    {
      heroImage: 'wix:image://v1/a1ae4f_eb28a320baff472c9ebf7c55ab0f227e~mv2.jpg/Rio_Grande_Rafting_1_GemsofJA_715ce722-66e6-475d-abbf-3dd5891fb1d0.jpg#originWidth=1200&originHeight=800',
      _id: 'e1834332-fa03-4a8d-b36e-549100e51703',
      _owner: 'a1ae4f3f-facc-427d-8c62-ac7bce9f8f00',
      _createdDate: 2026-04-02T04:53:21.857Z,
      featured: true,
      _updatedDate: 2026-04-08T17:33:25.374Z,
      slug: 'river-wonder-tour',
      startingPrice: 1500,
      isActive: true,
      title: 'River Wonder Tour'
    },
    {
      heroImage: 'wix:image://v1/a1ae4f_5d46a313528a4145becfd5b0c66a27ce~mv2.jpg/0627c062-bd49-4eb2-a168-f63353d10cb3.jpg#originWidth=3840&originHeight=2160',
      _id: '95352040-478b-4162-a26e-fdf00863809d',
      _owner: 'a1ae4f3f-facc-427d-8c62-ac7bce9f8f00',
      _createdDate: 2026-04-01T04:02:47.804Z,
      featured: false,
      _updatedDate: 2026-04-08T17:30:56.070Z,
      slug: 'ocean-love',
      startingPrice: 1050,
      isActive: true,
      title: 'Ocean Love'
    },
    {
      heroImage: 'wix:image://v1/a1ae4f_e3305b5a0d984978b179656f05922b31~mv2.jpg/The-start-if-a-Jamaic-day.jpg#originWidth=4041&originHeight=3031',
      _id: '7127ba34-74b6-476c-8f52-24397821cdc3',
      _owner: 'a1ae4f3f-facc-427d-8c62-ac7bce9f8f00',
      _createdDate: 2026-04-01T02:59:42.350Z,
      featured: true,
      _updatedDate: 2026-04-08T17:30:21.911Z,
      slug: 'mountain-thrill',
      startingPrice: 1250,
      isActive: true,
      title: 'Mountain Thrill'
    },
    {
      heroImage: 'wix:image://v1/11062b_51d84f5dac0d4155a4ad2c7e8a7f7e4b~mv2.jpg/Lush%20Green%20Hills.jpg#originWidth=4556&originHeight=2564',
      _id: 'bb4ccec1-6024-45b2-83bc-e755cef6c8c5',
      _owner: 'a1ae4f3f-facc-427d-8c62-ac7bce9f8f00',
      _createdDate: 2026-03-11T07:52:02.366Z,
      featured: true,
      _updatedDate: 2026-04-08T16:53:03.361Z,
      slug: 'cockpit-country-adventure',
      gallery: 'https://example.com/images/amazon1.jpg, https://example.com/images/amazon2.jpg, https://example.com/images/amazon3.jpg',
      startingPrice: 1699,
      isActive: true,
      title: 'Cockpit Country Adventure'
    }
  ],
  currentPage: undefined,
  collectionName: 'Tours',
  skipNumber: 0,
  totalCount: undefined,
  allowOffsetBackwards: false
}
No tour found with status=published for slug: river-wonder-tour
No tour found with status=published for slug: river-wonder-tour
No tour found with status=published for slug: ocean-love
Tour fallback result: c6 {
  paging: {
    count: 1,
    offset: 0,
    tooManyToCount: false,
    cursors: {},
    hasNext: false
  },
  fetch: [Function: f],
  items: [
    {
      heroImage: 'wix:image://v1/a1ae4f_e3305b5a0d984978b179656f05922b31~mv2.jpg/The-start-if-a-Jamaic-day.jpg#originWidth=4041&originHeight=3031',
      _id: '7127ba34-74b6-476c-8f52-24397821cdc3',
      _owner: 'a1ae4f3f-facc-427d-8c62-ac7bce9f8f00',
      _createdDate: 2026-04-01T02:59:42.350Z,
      featured: true,
      _updatedDate: 2026-04-08T17:30:21.911Z,
      slug: 'mountain-thrill',
      startingPrice: 1250,
      isActive: true,
      title: 'Mountain Thrill'
    }
  ],
  currentPage: 0,
  collectionName: 'Tours',
  skipNumber: 0,
  totalCount: undefined,
  allowOffsetBackwards: false,
  pageSize: 1
}
Tour fallback result: c6 {
  paging: {
    count: 1,
    offset: 0,
    tooManyToCount: false,
    cursors: {},
    hasNext: false
  },
  fetch: [Function: f],
  items: [
    {
      heroImage: 'wix:image://v1/a1ae4f_e3305b5a0d984978b179656f05922b31~mv2.jpg/The-start-if-a-Jamaic-day.jpg#originWidth=4041&originHeight=3031',
      _id: '7127ba34-74b6-476c-8f52-24397821cdc3',
      _owner: 'a1ae4f3f-facc-427d-8c62-ac7bce9f8f00',
      _createdDate: 2026-04-01T02:59:42.350Z,
      featured: true,
      _updatedDate: 2026-04-08T17:30:21.911Z,
      slug: 'mountain-thrill',
      startingPrice: 1250,
      isActive: true,
      title: 'Mountain Thrill'
    }
  ],
  currentPage: 0,
  collectionName: 'Tours',
  skipNumber: 0,
  totalCount: undefined,
  allowOffsetBackwards: false,
  pageSize: 1
}
Tour fallback result: c6 {
  paging: {
    count: 1,
    offset: 0,
    tooManyToCount: false,
    cursors: {},
    hasNext: false
  },
  fetch: [Function: f],
  items: [
    {
      heroImage: 'wix:image://v1/a1ae4f_5d46a313528a4145becfd5b0c66a27ce~mv2.jpg/0627c062-bd49-4eb2-a168-f63353d10cb3.jpg#originWidth=3840&originHeight=2160',
      _id: '95352040-478b-4162-a26e-fdf00863809d',
      _owner: 'a1ae4f3f-facc-427d-8c62-ac7bce9f8f00',
      _createdDate: 2026-04-01T04:02:47.804Z,
      featured: false,
      _updatedDate: 2026-04-08T17:30:56.070Z,
      slug: 'ocean-love',
      startingPrice: 1050,
      isActive: true,
      title: 'Ocean Love'
    }
  ],
  currentPage: 0,
  collectionName: 'Tours',
  skipNumber: 0,
  totalCount: undefined,
  allowOffsetBackwards: false,
  pageSize: 1
}
Tour fallback result: c6 {
  paging: {
    count: 1,
    offset: 0,
    tooManyToCount: false,
    cursors: {},
    hasNext: false
  },
  fetch: [Function: f],
  items: [
    {
      heroImage: 'wix:image://v1/a1ae4f_5d46a313528a4145becfd5b0c66a27ce~mv2.jpg/0627c062-bd49-4eb2-a168-f63353d10cb3.jpg#originWidth=3840&originHeight=2160',
      _id: '95352040-478b-4162-a26e-fdf00863809d',
      _owner: 'a1ae4f3f-facc-427d-8c62-ac7bce9f8f00',
      _createdDate: 2026-04-01T04:02:47.804Z,
      featured: false,
      _updatedDate: 2026-04-08T17:30:56.070Z,
      slug: 'ocean-love',
      startingPrice: 1050,
      isActive: true,
      title: 'Ocean Love'
    }
  ],
  currentPage: 0,
  collectionName: 'Tours',
  skipNumber: 0,
  totalCount: undefined,
  allowOffsetBackwards: false,
  pageSize: 1
}
Fetched tours: c6 {
  paging: { count: 4, tooManyToCount: false, cursors: {}, hasNext: false },
  fetch: [Function: f],
  items: [
    {
      heroImage: 'wix:image://v1/a1ae4f_eb28a320baff472c9ebf7c55ab0f227e~mv2.jpg/Rio_Grande_Rafting_1_GemsofJA_715ce722-66e6-475d-abbf-3dd5891fb1d0.jpg#originWidth=1200&originHeight=800',
      _id: 'e1834332-fa03-4a8d-b36e-549100e51703',
      _owner: 'a1ae4f3f-facc-427d-8c62-ac7bce9f8f00',
      _createdDate: 2026-04-02T04:53:21.857Z,
      featured: true,
      _updatedDate: 2026-04-08T17:33:25.374Z,
      slug: 'river-wonder-tour',
      startingPrice: 1500,
      isActive: true,
      title: 'River Wonder Tour'
    },
    {
      heroImage: 'wix:image://v1/a1ae4f_5d46a313528a4145becfd5b0c66a27ce~mv2.jpg/0627c062-bd49-4eb2-a168-f63353d10cb3.jpg#originWidth=3840&originHeight=2160',
      _id: '95352040-478b-4162-a26e-fdf00863809d',
      _owner: 'a1ae4f3f-facc-427d-8c62-ac7bce9f8f00',
      _createdDate: 2026-04-01T04:02:47.804Z,
      featured: false,
      _updatedDate: 2026-04-08T17:30:56.070Z,
      slug: 'ocean-love',
      startingPrice: 1050,
      isActive: true,
      title: 'Ocean Love'
    },
    {
      heroImage: 'wix:image://v1/a1ae4f_e3305b5a0d984978b179656f05922b31~mv2.jpg/The-start-if-a-Jamaic-day.jpg#originWidth=4041&originHeight=3031',
      _id: '7127ba34-74b6-476c-8f52-24397821cdc3',
      _owner: 'a1ae4f3f-facc-427d-8c62-ac7bce9f8f00',
      _createdDate: 2026-04-01T02:59:42.350Z,
      featured: true,
      _updatedDate: 2026-04-08T17:30:21.911Z,
      slug: 'mountain-thrill',
      startingPrice: 1250,
      isActive: true,
      title: 'Mountain Thrill'
    },
    {
      heroImage: 'wix:image://v1/11062b_51d84f5dac0d4155a4ad2c7e8a7f7e4b~mv2.jpg/Lush%20Green%20Hills.jpg#originWidth=4556&originHeight=2564',
      _id: 'bb4ccec1-6024-45b2-83bc-e755cef6c8c5',
      _owner: 'a1ae4f3f-facc-427d-8c62-ac7bce9f8f00',
      _createdDate: 2026-03-11T07:52:02.366Z,
      featured: true,
      _updatedDate: 2026-04-08T16:53:03.361Z,
      slug: 'cockpit-country-adventure',
      gallery: 'https://example.com/images/amazon1.jpg, https://example.com/images/amazon2.jpg, https://example.com/images/amazon3.jpg',
      startingPrice: 1699,
      isActive: true,
      title: 'Cockpit Country Adventure'
    }
  ],
  currentPage: undefined,
  collectionName: 'Tours',
  skipNumber: 0,
  totalCount: undefined,
  allowOffsetBackwards: false
}
Tour fallback result: c6 {
  paging: {
    count: 1,
    offset: 0,
    tooManyToCount: false,
    cursors: {},
    hasNext: false
  },
  fetch: [Function: f],
  items: [
    {
      heroImage: 'wix:image://v1/a1ae4f_eb28a320baff472c9ebf7c55ab0f227e~mv2.jpg/Rio_Grande_Rafting_1_GemsofJA_715ce722-66e6-475d-abbf-3dd5891fb1d0.jpg#originWidth=1200&originHeight=800',
      _id: 'e1834332-fa03-4a8d-b36e-549100e51703',
      _owner: 'a1ae4f3f-facc-427d-8c62-ac7bce9f8f00',
      _createdDate: 2026-04-02T04:53:21.857Z,
      featured: true,
      _updatedDate: 2026-04-08T17:33:25.374Z,
      slug: 'river-wonder-tour',
      startingPrice: 1500,
      isActive: true,
      title: 'River Wonder Tour'
    }
  ],
  currentPage: 0,
  collectionName: 'Tours',
  skipNumber: 0,
  totalCount: undefined,
  allowOffsetBackwards: false,
  pageSize: 1
}
Tour fallback result: c6 {
  paging: {
    count: 1,
    offset: 0,
    tooManyToCount: false,
    cursors: {},
    hasNext: false
  },
  fetch: [Function: f],
  items: [
    {
      heroImage: 'wix:image://v1/a1ae4f_eb28a320baff472c9ebf7c55ab0f227e~mv2.jpg/Rio_Grande_Rafting_1_GemsofJA_715ce722-66e6-475d-abbf-3dd5891fb1d0.jpg#originWidth=1200&originHeight=800',
      _id: 'e1834332-fa03-4a8d-b36e-549100e51703',
      _owner: 'a1ae4f3f-facc-427d-8c62-ac7bce9f8f00',
      _createdDate: 2026-04-02T04:53:21.857Z,
      featured: true,
      _updatedDate: 2026-04-08T17:33:25.374Z,
      slug: 'river-wonder-tour',
      startingPrice: 1500,
      isActive: true,
      title: 'River Wonder Tour'
    }
  ],
  currentPage: 0,
  collectionName: 'Tours',
  skipNumber: 0,
  totalCount: undefined,
  allowOffsetBackwards: false,
  pageSize: 1
}
No tour found with status=published for slug: spiritual-cleansing
No tour found with status=published for slug: spiritual-cleansing
Tour fallback result: c6 {
  paging: {
    count: 1,
    offset: 0,
    tooManyToCount: false,
    cursors: {},
    hasNext: false
  },
  fetch: [Function: f],
  items: [
    {
      heroImage: 'wix:image://v1/11062b_51d84f5dac0d4155a4ad2c7e8a7f7e4b~mv2.jpg/Lush%20Green%20Hills.jpg#originWidth=4556&originHeight=2564',
      _id: 'bb4ccec1-6024-45b2-83bc-e755cef6c8c5',
      _owner: 'a1ae4f3f-facc-427d-8c62-ac7bce9f8f00',
      _createdDate: 2026-03-11T07:52:02.366Z,
      featured: true,
      _updatedDate: 2026-04-08T16:53:03.361Z,
      slug: 'cockpit-country-adventure',
      gallery: 'https://example.com/images/amazon1.jpg, https://example.com/images/amazon2.jpg, https://example.com/images/amazon3.jpg',
      startingPrice: 1699,
      isActive: true,
      title: 'Cockpit Country Adventure'
    }
  ],
  currentPage: 0,
  collectionName: 'Tours',
  skipNumber: 0,
  totalCount: undefined,
  allowOffsetBackwards: false,
  pageSize: 1
}
Tour fallback result: c6 {
  paging: {
    count: 1,
    offset: 0,
    tooManyToCount: false,
    cursors: {},
    hasNext: false
  },
  fetch: [Function: f],
  items: [
    {
      heroImage: 'wix:image://v1/11062b_51d84f5dac0d4155a4ad2c7e8a7f7e4b~mv2.jpg/Lush%20Green%20Hills.jpg#originWidth=4556&originHeight=2564',
      _id: 'bb4ccec1-6024-45b2-83bc-e755cef6c8c5',
      _owner: 'a1ae4f3f-facc-427d-8c62-ac7bce9f8f00',
      _createdDate: 2026-03-11T07:52:02.366Z,
      featured: true,
      _updatedDate: 2026-04-08T16:53:03.361Z,
      slug: 'cockpit-country-adventure',
      gallery: 'https://example.com/images/amazon1.jpg, https://example.com/images/amazon2.jpg, https://example.com/images/amazon3.jpg',
      startingPrice: 1699,
      isActive: true,
      title: 'Cockpit Country Adventure'
    }
  ],
  currentPage: 0,
  collectionName: 'Tours',
  skipNumber: 0,
  totalCount: undefined,
  allowOffsetBackwards: false,
  pageSize: 1
}
  Generating static pages using 15 workers (22/90) 
[tours] Itinerary for "mountain-thrill" resolved via legacy TourReferenceID. Migrate these records to use the canonical 'tour' field.
[tours] Itinerary for "mountain-thrill" resolved via legacy TourReferenceID. Migrate these records to use the canonical 'tour' field.
[tours] Itinerary for "ocean-love" resolved via legacy TourReferenceID. Migrate these records to use the canonical 'tour' field.
[tours] Itinerary for "ocean-love" resolved via legacy TourReferenceID. Migrate these records to use the canonical 'tour' field.
[tours] Itinerary for "river-wonder-tour" resolved via legacy TourReferenceID. Migrate these records to use the canonical 'tour' field.
[tours] Itinerary for "river-wonder-tour" resolved via legacy TourReferenceID. Migrate these records to use the canonical 'tour' field.
c5 {
  eq: [Function (anonymous)],
  ne: [Function (anonymous)],
  ge: [Function (anonymous)],
  gt: [Function (anonymous)],
  gte: [Function (anonymous)],
  le: [Function (anonymous)],
  lt: [Function (anonymous)],
  lte: [Function (anonymous)],
  isNotEmpty: [Function (anonymous)],
  isEmpty: [Function (anonymous)],
  startsWith: [Function (anonymous)],
  endsWith: [Function (anonymous)],
  contains: [Function (anonymous)],
  hasSome: [Function (anonymous)],
  in: [Function (anonymous)],
  hasAll: [Function (anonymous)],
  exists: [Function (anonymous)],
  or: [Function (anonymous)],
  and: [Function (anonymous)],
  not: [Function (anonymous)],
  between: [Function (anonymous)],
  collectionName: 'Tours',
  filterBuilder: cX {
    filterTree: {},
    invalidArguments: [],
    encoder: [Function: cT],
    validateCollectionName: false
  },
  sort: c3 { orderBy: [], invalidArguments: [] },
  projectedFields: [],
  limitNumber: undefined,
  skipNumber: 0,
  included: [],
  onFind: [AsyncFunction: onFind],
  onDistinct: [AsyncFunction: onDistinct],
  onCount: [AsyncFunction: onCount],
  ownInvalidArguments: [],
  randomSortOptions: undefined,
  fieldGroups: []
}
c5 {
  eq: [Function (anonymous)],
  ne: [Function (anonymous)],
  ge: [Function (anonymous)],
  gt: [Function (anonymous)],
  gte: [Function (anonymous)],
  le: [Function (anonymous)],
  lt: [Function (anonymous)],
  lte: [Function (anonymous)],
  isNotEmpty: [Function (anonymous)],
  isEmpty: [Function (anonymous)],
  startsWith: [Function (anonymous)],
  endsWith: [Function (anonymous)],
  contains: [Function (anonymous)],
  hasSome: [Function (anonymous)],
  in: [Function (anonymous)],
  hasAll: [Function (anonymous)],
  exists: [Function (anonymous)],
  or: [Function (anonymous)],
  and: [Function (anonymous)],
  not: [Function (anonymous)],
  between: [Function (anonymous)],
  collectionName: 'Tours',
  filterBuilder: cX {
    filterTree: {},
    invalidArguments: [],
    encoder: [Function: cT],
    validateCollectionName: false
  },
  sort: c3 { orderBy: [], invalidArguments: [] },
  projectedFields: [],
  limitNumber: undefined,
  skipNumber: 0,
  included: [],
  onFind: [AsyncFunction: onFind],
  onDistinct: [AsyncFunction: onDistinct],
  onCount: [AsyncFunction: onCount],
  ownInvalidArguments: [],
  randomSortOptions: undefined,
  fieldGroups: []
}
c5 {
  eq: [Function (anonymous)],
  ne: [Function (anonymous)],
  ge: [Function (anonymous)],
  gt: [Function (anonymous)],
  gte: [Function (anonymous)],
  le: [Function (anonymous)],
  lt: [Function (anonymous)],
  lte: [Function (anonymous)],
  isNotEmpty: [Function (anonymous)],
  isEmpty: [Function (anonymous)],
  startsWith: [Function (anonymous)],
  endsWith: [Function (anonymous)],
  contains: [Function (anonymous)],
  hasSome: [Function (anonymous)],
  in: [Function (anonymous)],
  hasAll: [Function (anonymous)],
  exists: [Function (anonymous)],
  or: [Function (anonymous)],
  and: [Function (anonymous)],
  not: [Function (anonymous)],
  between: [Function (anonymous)],
  collectionName: 'Tours',
  filterBuilder: cX {
    filterTree: {},
    invalidArguments: [],
    encoder: [Function: cT],
    validateCollectionName: false
  },
  sort: c3 { orderBy: [], invalidArguments: [] },
  projectedFields: [],
  limitNumber: undefined,
  skipNumber: 0,
  included: [],
  onFind: [AsyncFunction: onFind],
  onDistinct: [AsyncFunction: onDistinct],
  onCount: [AsyncFunction: onCount],
  ownInvalidArguments: [],
  randomSortOptions: undefined,
  fieldGroups: []
}
c5 {
  eq: [Function (anonymous)],
  ne: [Function (anonymous)],
  ge: [Function (anonymous)],
  gt: [Function (anonymous)],
  gte: [Function (anonymous)],
  le: [Function (anonymous)],
  lt: [Function (anonymous)],
  lte: [Function (anonymous)],
  isNotEmpty: [Function (anonymous)],
  isEmpty: [Function (anonymous)],
  startsWith: [Function (anonymous)],
  endsWith: [Function (anonymous)],
  contains: [Function (anonymous)],
  hasSome: [Function (anonymous)],
  in: [Function (anonymous)],
  hasAll: [Function (anonymous)],
  exists: [Function (anonymous)],
  or: [Function (anonymous)],
  and: [Function (anonymous)],
  not: [Function (anonymous)],
  between: [Function (anonymous)],
  collectionName: 'Tours',
  filterBuilder: cX {
    filterTree: {},
    invalidArguments: [],
    encoder: [Function: cT],
    validateCollectionName: false
  },
  sort: c3 { orderBy: [], invalidArguments: [] },
  projectedFields: [],
  limitNumber: undefined,
  skipNumber: 0,
  included: [],
  onFind: [AsyncFunction: onFind],
  onDistinct: [AsyncFunction: onDistinct],
  onCount: [AsyncFunction: onCount],
  ownInvalidArguments: [],
  randomSortOptions: undefined,
  fieldGroups: []
}
c5 {
  eq: [Function (anonymous)],
  ne: [Function (anonymous)],
  ge: [Function (anonymous)],
  gt: [Function (anonymous)],
  gte: [Function (anonymous)],
  le: [Function (anonymous)],
  lt: [Function (anonymous)],
  lte: [Function (anonymous)],
  isNotEmpty: [Function (anonymous)],
  isEmpty: [Function (anonymous)],
  startsWith: [Function (anonymous)],
  endsWith: [Function (anonymous)],
  contains: [Function (anonymous)],
  hasSome: [Function (anonymous)],
  in: [Function (anonymous)],
  hasAll: [Function (anonymous)],
  exists: [Function (anonymous)],
  or: [Function (anonymous)],
  and: [Function (anonymous)],
  not: [Function (anonymous)],
  between: [Function (anonymous)],
  collectionName: 'Tours',
  filterBuilder: cX {
    filterTree: {},
    invalidArguments: [],
    encoder: [Function: cT],
    validateCollectionName: false
  },
  sort: c3 { orderBy: [], invalidArguments: [] },
  projectedFields: [],
  limitNumber: undefined,
  skipNumber: 0,
  included: [],
  onFind: [AsyncFunction: onFind],
  onDistinct: [AsyncFunction: onDistinct],
  onCount: [AsyncFunction: onCount],
  ownInvalidArguments: [],
  randomSortOptions: undefined,
  fieldGroups: []
}
c5 {
  eq: [Function (anonymous)],
  ne: [Function (anonymous)],
  ge: [Function (anonymous)],
  gt: [Function (anonymous)],
  gte: [Function (anonymous)],
  le: [Function (anonymous)],
  lt: [Function (anonymous)],
  lte: [Function (anonymous)],
  isNotEmpty: [Function (anonymous)],
  isEmpty: [Function (anonymous)],
  startsWith: [Function (anonymous)],
  endsWith: [Function (anonymous)],
  contains: [Function (anonymous)],
  hasSome: [Function (anonymous)],
  in: [Function (anonymous)],
  hasAll: [Function (anonymous)],
  exists: [Function (anonymous)],
  or: [Function (anonymous)],
  and: [Function (anonymous)],
  not: [Function (anonymous)],
  between: [Function (anonymous)],
  collectionName: 'Tours',
  filterBuilder: cX {
    filterTree: {},
    invalidArguments: [],
    encoder: [Function: cT],
    validateCollectionName: false
  },
  sort: c3 { orderBy: [], invalidArguments: [] },
  projectedFields: [],
  limitNumber: undefined,
  skipNumber: 0,
  included: [],
  onFind: [AsyncFunction: onFind],
  onDistinct: [AsyncFunction: onDistinct],
  onCount: [AsyncFunction: onCount],
  ownInvalidArguments: [],
  randomSortOptions: undefined,
  fieldGroups: []
}
c5 {
  eq: [Function (anonymous)],
  ne: [Function (anonymous)],
  ge: [Function (anonymous)],
  gt: [Function (anonymous)],
  gte: [Function (anonymous)],
  le: [Function (anonymous)],
  lt: [Function (anonymous)],
  lte: [Function (anonymous)],
  isNotEmpty: [Function (anonymous)],
  isEmpty: [Function (anonymous)],
  startsWith: [Function (anonymous)],
  endsWith: [Function (anonymous)],
  contains: [Function (anonymous)],
  hasSome: [Function (anonymous)],
  in: [Function (anonymous)],
  hasAll: [Function (anonymous)],
  exists: [Function (anonymous)],
  or: [Function (anonymous)],
  and: [Function (anonymous)],
  not: [Function (anonymous)],
  between: [Function (anonymous)],
  collectionName: 'Tours',
  filterBuilder: cX {
    filterTree: {},
    invalidArguments: [],
    encoder: [Function: cT],
    validateCollectionName: false
  },
  sort: c3 { orderBy: [], invalidArguments: [] },
  projectedFields: [],
  limitNumber: undefined,
  skipNumber: 0,
  included: [],
  onFind: [AsyncFunction: onFind],
  onDistinct: [AsyncFunction: onDistinct],
  onCount: [AsyncFunction: onCount],
  ownInvalidArguments: [],
  randomSortOptions: undefined,
  fieldGroups: []
}
c5 {
  eq: [Function (anonymous)],
  ne: [Function (anonymous)],
  ge: [Function (anonymous)],
  gt: [Function (anonymous)],
  gte: [Function (anonymous)],
  le: [Function (anonymous)],
  lt: [Function (anonymous)],
  lte: [Function (anonymous)],
  isNotEmpty: [Function (anonymous)],
  isEmpty: [Function (anonymous)],
  startsWith: [Function (anonymous)],
  endsWith: [Function (anonymous)],
  contains: [Function (anonymous)],
  hasSome: [Function (anonymous)],
  in: [Function (anonymous)],
  hasAll: [Function (anonymous)],
  exists: [Function (anonymous)],
  or: [Function (anonymous)],
  and: [Function (anonymous)],
  not: [Function (anonymous)],
  between: [Function (anonymous)],
  collectionName: 'Tours',
  filterBuilder: cX {
    filterTree: {},
    invalidArguments: [],
    encoder: [Function: cT],
    validateCollectionName: false
  },
  sort: c3 { orderBy: [], invalidArguments: [] },
  projectedFields: [],
  limitNumber: undefined,
  skipNumber: 0,
  included: [],
  onFind: [AsyncFunction: onFind],
  onDistinct: [AsyncFunction: onDistinct],
  onCount: [AsyncFunction: onCount],
  ownInvalidArguments: [],
  randomSortOptions: undefined,
  fieldGroups: []
}
Tour fallback result: c6 {
  paging: {
    count: 1,
    offset: 0,
    tooManyToCount: false,
    cursors: {},
    hasNext: false
  },
  fetch: [Function: f],
  items: [
    {
      heroImage: 'wix:image://v1/a1ae4f_61bacab2e3ce485aa218a0a440c8fd16~mv2.jpg/cruising%20in%20a%20bus%20and%20praying%20with%20friends.jpg#originWidth=1024&originHeight=1024',
      _id: '6d56f54e-dac6-4745-a359-80f638602e06',
      _owner: 'a1ae4f3f-facc-427d-8c62-ac7bce9f8f00',
      _createdDate: 2026-04-02T05:03:48.230Z,
      featured: true,
      _updatedDate: 2026-04-08T18:46:33.738Z,
      slug: 'spiritual-cleansing',
      startingPrice: 0,
      isActive: false,
      title: 'Spiritual Cleansing'
    }
  ],
  currentPage: 0,
  collectionName: 'Tours',
  skipNumber: 0,
  totalCount: undefined,
  allowOffsetBackwards: false,
  pageSize: 1
}
Tour fallback result: c6 {
  paging: {
    count: 1,
    offset: 0,
    tooManyToCount: false,
    cursors: {},
    hasNext: false
  },
  fetch: [Function: f],
  items: [
    {
      heroImage: 'wix:image://v1/a1ae4f_61bacab2e3ce485aa218a0a440c8fd16~mv2.jpg/cruising%20in%20a%20bus%20and%20praying%20with%20friends.jpg#originWidth=1024&originHeight=1024',
      _id: '6d56f54e-dac6-4745-a359-80f638602e06',
      _owner: 'a1ae4f3f-facc-427d-8c62-ac7bce9f8f00',
      _createdDate: 2026-04-02T05:03:48.230Z,
      featured: true,
      _updatedDate: 2026-04-08T18:46:33.738Z,
      slug: 'spiritual-cleansing',
      startingPrice: 0,
      isActive: false,
      title: 'Spiritual Cleansing'
    }
  ],
  currentPage: 0,
  collectionName: 'Tours',
  skipNumber: 0,
  totalCount: undefined,
  allowOffsetBackwards: false,
  pageSize: 1
}
[tours] Itinerary for "cockpit-country-adventure" resolved via legacy TourReferenceID. Migrate these records to use the canonical 'tour' field.
[tours] Itinerary for "cockpit-country-adventure" resolved via legacy TourReferenceID. Migrate these records to use the canonical 'tour' field.
Fetched tours: c6 {
  paging: { count: 4, tooManyToCount: false, cursors: {}, hasNext: false },
  fetch: [Function: f],
  items: [
    {
      heroImage: 'wix:image://v1/a1ae4f_eb28a320baff472c9ebf7c55ab0f227e~mv2.jpg/Rio_Grande_Rafting_1_GemsofJA_715ce722-66e6-475d-abbf-3dd5891fb1d0.jpg#originWidth=1200&originHeight=800',
      _id: 'e1834332-fa03-4a8d-b36e-549100e51703',
      _owner: 'a1ae4f3f-facc-427d-8c62-ac7bce9f8f00',
      _createdDate: 2026-04-02T04:53:21.857Z,
      featured: true,
      _updatedDate: 2026-04-08T17:33:25.374Z,
      slug: 'river-wonder-tour',
      startingPrice: 1500,
      isActive: true,
      title: 'River Wonder Tour'
    },
    {
      heroImage: 'wix:image://v1/a1ae4f_5d46a313528a4145becfd5b0c66a27ce~mv2.jpg/0627c062-bd49-4eb2-a168-f63353d10cb3.jpg#originWidth=3840&originHeight=2160',
      _id: '95352040-478b-4162-a26e-fdf00863809d',
      _owner: 'a1ae4f3f-facc-427d-8c62-ac7bce9f8f00',
      _createdDate: 2026-04-01T04:02:47.804Z,
      featured: false,
      _updatedDate: 2026-04-08T17:30:56.070Z,
      slug: 'ocean-love',
      startingPrice: 1050,
      isActive: true,
      title: 'Ocean Love'
    },
    {
      heroImage: 'wix:image://v1/a1ae4f_e3305b5a0d984978b179656f05922b31~mv2.jpg/The-start-if-a-Jamaic-day.jpg#originWidth=4041&originHeight=3031',
      _id: '7127ba34-74b6-476c-8f52-24397821cdc3',
      _owner: 'a1ae4f3f-facc-427d-8c62-ac7bce9f8f00',
      _createdDate: 2026-04-01T02:59:42.350Z,
      featured: true,
      _updatedDate: 2026-04-08T17:30:21.911Z,
      slug: 'mountain-thrill',
      startingPrice: 1250,
      isActive: true,
      title: 'Mountain Thrill'
    },
    {
      heroImage: 'wix:image://v1/11062b_51d84f5dac0d4155a4ad2c7e8a7f7e4b~mv2.jpg/Lush%20Green%20Hills.jpg#originWidth=4556&originHeight=2564',
      _id: 'bb4ccec1-6024-45b2-83bc-e755cef6c8c5',
      _owner: 'a1ae4f3f-facc-427d-8c62-ac7bce9f8f00',
      _createdDate: 2026-03-11T07:52:02.366Z,
      featured: true,
      _updatedDate: 2026-04-08T16:53:03.361Z,
      slug: 'cockpit-country-adventure',
      gallery: 'https://example.com/images/amazon1.jpg, https://example.com/images/amazon2.jpg, https://example.com/images/amazon3.jpg',
      startingPrice: 1699,
      isActive: true,
      title: 'Cockpit Country Adventure'
    }
  ],
  currentPage: undefined,
  collectionName: 'Tours',
  skipNumber: 0,
  totalCount: undefined,
  allowOffsetBackwards: false
}
Fetched tours: c6 {
  paging: { count: 4, tooManyToCount: false, cursors: {}, hasNext: false },
  fetch: [Function: f],
  items: [
    {
      heroImage: 'wix:image://v1/a1ae4f_eb28a320baff472c9ebf7c55ab0f227e~mv2.jpg/Rio_Grande_Rafting_1_GemsofJA_715ce722-66e6-475d-abbf-3dd5891fb1d0.jpg#originWidth=1200&originHeight=800',
      _id: 'e1834332-fa03-4a8d-b36e-549100e51703',
      _owner: 'a1ae4f3f-facc-427d-8c62-ac7bce9f8f00',
      _createdDate: 2026-04-02T04:53:21.857Z,
      featured: true,
      _updatedDate: 2026-04-08T17:33:25.374Z,
      slug: 'river-wonder-tour',
      startingPrice: 1500,
      isActive: true,
      title: 'River Wonder Tour'
    },
    {
      heroImage: 'wix:image://v1/a1ae4f_5d46a313528a4145becfd5b0c66a27ce~mv2.jpg/0627c062-bd49-4eb2-a168-f63353d10cb3.jpg#originWidth=3840&originHeight=2160',
      _id: '95352040-478b-4162-a26e-fdf00863809d',
      _owner: 'a1ae4f3f-facc-427d-8c62-ac7bce9f8f00',
      _createdDate: 2026-04-01T04:02:47.804Z,
      featured: false,
      _updatedDate: 2026-04-08T17:30:56.070Z,
      slug: 'ocean-love',
      startingPrice: 1050,
      isActive: true,
      title: 'Ocean Love'
    },
    {
      heroImage: 'wix:image://v1/a1ae4f_e3305b5a0d984978b179656f05922b31~mv2.jpg/The-start-if-a-Jamaic-day.jpg#originWidth=4041&originHeight=3031',
      _id: '7127ba34-74b6-476c-8f52-24397821cdc3',
      _owner: 'a1ae4f3f-facc-427d-8c62-ac7bce9f8f00',
      _createdDate: 2026-04-01T02:59:42.350Z,
      featured: true,
      _updatedDate: 2026-04-08T17:30:21.911Z,
      slug: 'mountain-thrill',
      startingPrice: 1250,
      isActive: true,
      title: 'Mountain Thrill'
    },
    {
      heroImage: 'wix:image://v1/11062b_51d84f5dac0d4155a4ad2c7e8a7f7e4b~mv2.jpg/Lush%20Green%20Hills.jpg#originWidth=4556&originHeight=2564',
      _id: 'bb4ccec1-6024-45b2-83bc-e755cef6c8c5',
      _owner: 'a1ae4f3f-facc-427d-8c62-ac7bce9f8f00',
      _createdDate: 2026-03-11T07:52:02.366Z,
      featured: true,
      _updatedDate: 2026-04-08T16:53:03.361Z,
      slug: 'cockpit-country-adventure',
      gallery: 'https://example.com/images/amazon1.jpg, https://example.com/images/amazon2.jpg, https://example.com/images/amazon3.jpg',
      startingPrice: 1699,
      isActive: true,
      title: 'Cockpit Country Adventure'
    }
  ],
  currentPage: undefined,
  collectionName: 'Tours',
  skipNumber: 0,
  totalCount: undefined,
  allowOffsetBackwards: false
}
Fetched tours: c6 {
  paging: { count: 4, tooManyToCount: false, cursors: {}, hasNext: false },
  fetch: [Function: f],
  items: [
    {
      heroImage: 'wix:image://v1/a1ae4f_eb28a320baff472c9ebf7c55ab0f227e~mv2.jpg/Rio_Grande_Rafting_1_GemsofJA_715ce722-66e6-475d-abbf-3dd5891fb1d0.jpg#originWidth=1200&originHeight=800',
      _id: 'e1834332-fa03-4a8d-b36e-549100e51703',
      _owner: 'a1ae4f3f-facc-427d-8c62-ac7bce9f8f00',
      _createdDate: 2026-04-02T04:53:21.857Z,
      featured: true,
      _updatedDate: 2026-04-08T17:33:25.374Z,
      slug: 'river-wonder-tour',
      startingPrice: 1500,
      isActive: true,
      title: 'River Wonder Tour'
    },
    {
      heroImage: 'wix:image://v1/a1ae4f_5d46a313528a4145becfd5b0c66a27ce~mv2.jpg/0627c062-bd49-4eb2-a168-f63353d10cb3.jpg#originWidth=3840&originHeight=2160',
      _id: '95352040-478b-4162-a26e-fdf00863809d',
      _owner: 'a1ae4f3f-facc-427d-8c62-ac7bce9f8f00',
      _createdDate: 2026-04-01T04:02:47.804Z,
      featured: false,
      _updatedDate: 2026-04-08T17:30:56.070Z,
      slug: 'ocean-love',
      startingPrice: 1050,
      isActive: true,
      title: 'Ocean Love'
    },
    {
      heroImage: 'wix:image://v1/a1ae4f_e3305b5a0d984978b179656f05922b31~mv2.jpg/The-start-if-a-Jamaic-day.jpg#originWidth=4041&originHeight=3031',
      _id: '7127ba34-74b6-476c-8f52-24397821cdc3',
      _owner: 'a1ae4f3f-facc-427d-8c62-ac7bce9f8f00',
      _createdDate: 2026-04-01T02:59:42.350Z,
      featured: true,
      _updatedDate: 2026-04-08T17:30:21.911Z,
      slug: 'mountain-thrill',
      startingPrice: 1250,
      isActive: true,
      title: 'Mountain Thrill'
    },
    {
      heroImage: 'wix:image://v1/11062b_51d84f5dac0d4155a4ad2c7e8a7f7e4b~mv2.jpg/Lush%20Green%20Hills.jpg#originWidth=4556&originHeight=2564',
      _id: 'bb4ccec1-6024-45b2-83bc-e755cef6c8c5',
      _owner: 'a1ae4f3f-facc-427d-8c62-ac7bce9f8f00',
      _createdDate: 2026-03-11T07:52:02.366Z,
      featured: true,
      _updatedDate: 2026-04-08T16:53:03.361Z,
      slug: 'cockpit-country-adventure',
      gallery: 'https://example.com/images/amazon1.jpg, https://example.com/images/amazon2.jpg, https://example.com/images/amazon3.jpg',
      startingPrice: 1699,
      isActive: true,
      title: 'Cockpit Country Adventure'
    }
  ],
  currentPage: undefined,
  collectionName: 'Tours',
  skipNumber: 0,
  totalCount: undefined,
  allowOffsetBackwards: false
}
Fetched tours: c6 {
  paging: { count: 4, tooManyToCount: false, cursors: {}, hasNext: false },
  fetch: [Function: f],
  items: [
    {
      heroImage: 'wix:image://v1/a1ae4f_eb28a320baff472c9ebf7c55ab0f227e~mv2.jpg/Rio_Grande_Rafting_1_GemsofJA_715ce722-66e6-475d-abbf-3dd5891fb1d0.jpg#originWidth=1200&originHeight=800',
      _id: 'e1834332-fa03-4a8d-b36e-549100e51703',
      _owner: 'a1ae4f3f-facc-427d-8c62-ac7bce9f8f00',
      _createdDate: 2026-04-02T04:53:21.857Z,
      featured: true,
      _updatedDate: 2026-04-08T17:33:25.374Z,
      slug: 'river-wonder-tour',
      startingPrice: 1500,
      isActive: true,
      title: 'River Wonder Tour'
    },
    {
      heroImage: 'wix:image://v1/a1ae4f_5d46a313528a4145becfd5b0c66a27ce~mv2.jpg/0627c062-bd49-4eb2-a168-f63353d10cb3.jpg#originWidth=3840&originHeight=2160',
      _id: '95352040-478b-4162-a26e-fdf00863809d',
      _owner: 'a1ae4f3f-facc-427d-8c62-ac7bce9f8f00',
      _createdDate: 2026-04-01T04:02:47.804Z,
      featured: false,
      _updatedDate: 2026-04-08T17:30:56.070Z,
      slug: 'ocean-love',
      startingPrice: 1050,
      isActive: true,
      title: 'Ocean Love'
    },
    {
      heroImage: 'wix:image://v1/a1ae4f_e3305b5a0d984978b179656f05922b31~mv2.jpg/The-start-if-a-Jamaic-day.jpg#originWidth=4041&originHeight=3031',
      _id: '7127ba34-74b6-476c-8f52-24397821cdc3',
      _owner: 'a1ae4f3f-facc-427d-8c62-ac7bce9f8f00',
      _createdDate: 2026-04-01T02:59:42.350Z,
      featured: true,
      _updatedDate: 2026-04-08T17:30:21.911Z,
      slug: 'mountain-thrill',
      startingPrice: 1250,
      isActive: true,
      title: 'Mountain Thrill'
    },
    {
      heroImage: 'wix:image://v1/11062b_51d84f5dac0d4155a4ad2c7e8a7f7e4b~mv2.jpg/Lush%20Green%20Hills.jpg#originWidth=4556&originHeight=2564',
      _id: 'bb4ccec1-6024-45b2-83bc-e755cef6c8c5',
      _owner: 'a1ae4f3f-facc-427d-8c62-ac7bce9f8f00',
      _createdDate: 2026-03-11T07:52:02.366Z,
      featured: true,
      _updatedDate: 2026-04-08T16:53:03.361Z,
      slug: 'cockpit-country-adventure',
      gallery: 'https://example.com/images/amazon1.jpg, https://example.com/images/amazon2.jpg, https://example.com/images/amazon3.jpg',
      startingPrice: 1699,
      isActive: true,
      title: 'Cockpit Country Adventure'
    }
  ],
  currentPage: undefined,
  collectionName: 'Tours',
  skipNumber: 0,
  totalCount: undefined,
  allowOffsetBackwards: false
}
Fetched tours: c6 {
  paging: { count: 4, tooManyToCount: false, cursors: {}, hasNext: false },
  fetch: [Function: f],
  items: [
    {
      heroImage: 'wix:image://v1/a1ae4f_eb28a320baff472c9ebf7c55ab0f227e~mv2.jpg/Rio_Grande_Rafting_1_GemsofJA_715ce722-66e6-475d-abbf-3dd5891fb1d0.jpg#originWidth=1200&originHeight=800',
      _id: 'e1834332-fa03-4a8d-b36e-549100e51703',
      _owner: 'a1ae4f3f-facc-427d-8c62-ac7bce9f8f00',
      _createdDate: 2026-04-02T04:53:21.857Z,
      featured: true,
      _updatedDate: 2026-04-08T17:33:25.374Z,
      slug: 'river-wonder-tour',
      startingPrice: 1500,
      isActive: true,
      title: 'River Wonder Tour'
    },
    {
      heroImage: 'wix:image://v1/a1ae4f_5d46a313528a4145becfd5b0c66a27ce~mv2.jpg/0627c062-bd49-4eb2-a168-f63353d10cb3.jpg#originWidth=3840&originHeight=2160',
      _id: '95352040-478b-4162-a26e-fdf00863809d',
      _owner: 'a1ae4f3f-facc-427d-8c62-ac7bce9f8f00',
      _createdDate: 2026-04-01T04:02:47.804Z,
      featured: false,
      _updatedDate: 2026-04-08T17:30:56.070Z,
      slug: 'ocean-love',
      startingPrice: 1050,
      isActive: true,
      title: 'Ocean Love'
    },
    {
      heroImage: 'wix:image://v1/a1ae4f_e3305b5a0d984978b179656f05922b31~mv2.jpg/The-start-if-a-Jamaic-day.jpg#originWidth=4041&originHeight=3031',
      _id: '7127ba34-74b6-476c-8f52-24397821cdc3',
      _owner: 'a1ae4f3f-facc-427d-8c62-ac7bce9f8f00',
      _createdDate: 2026-04-01T02:59:42.350Z,
      featured: true,
      _updatedDate: 2026-04-08T17:30:21.911Z,
      slug: 'mountain-thrill',
      startingPrice: 1250,
      isActive: true,
      title: 'Mountain Thrill'
    },
    {
      heroImage: 'wix:image://v1/11062b_51d84f5dac0d4155a4ad2c7e8a7f7e4b~mv2.jpg/Lush%20Green%20Hills.jpg#originWidth=4556&originHeight=2564',
      _id: 'bb4ccec1-6024-45b2-83bc-e755cef6c8c5',
      _owner: 'a1ae4f3f-facc-427d-8c62-ac7bce9f8f00',
      _createdDate: 2026-03-11T07:52:02.366Z,
      featured: true,
      _updatedDate: 2026-04-08T16:53:03.361Z,
      slug: 'cockpit-country-adventure',
      gallery: 'https://example.com/images/amazon1.jpg, https://example.com/images/amazon2.jpg, https://example.com/images/amazon3.jpg',
      startingPrice: 1699,
      isActive: true,
      title: 'Cockpit Country Adventure'
    }
  ],
  currentPage: undefined,
  collectionName: 'Tours',
  skipNumber: 0,
  totalCount: undefined,
  allowOffsetBackwards: false
}
Fetched tours: c6 {
  paging: { count: 4, tooManyToCount: false, cursors: {}, hasNext: false },
  fetch: [Function: f],
  items: [
    {
      heroImage: 'wix:image://v1/a1ae4f_eb28a320baff472c9ebf7c55ab0f227e~mv2.jpg/Rio_Grande_Rafting_1_GemsofJA_715ce722-66e6-475d-abbf-3dd5891fb1d0.jpg#originWidth=1200&originHeight=800',
      _id: 'e1834332-fa03-4a8d-b36e-549100e51703',
      _owner: 'a1ae4f3f-facc-427d-8c62-ac7bce9f8f00',
      _createdDate: 2026-04-02T04:53:21.857Z,
      featured: true,
      _updatedDate: 2026-04-08T17:33:25.374Z,
      slug: 'river-wonder-tour',
      startingPrice: 1500,
      isActive: true,
      title: 'River Wonder Tour'
    },
    {
      heroImage: 'wix:image://v1/a1ae4f_5d46a313528a4145becfd5b0c66a27ce~mv2.jpg/0627c062-bd49-4eb2-a168-f63353d10cb3.jpg#originWidth=3840&originHeight=2160',
      _id: '95352040-478b-4162-a26e-fdf00863809d',
      _owner: 'a1ae4f3f-facc-427d-8c62-ac7bce9f8f00',
      _createdDate: 2026-04-01T04:02:47.804Z,
      featured: false,
      _updatedDate: 2026-04-08T17:30:56.070Z,
      slug: 'ocean-love',
      startingPrice: 1050,
      isActive: true,
      title: 'Ocean Love'
    },
    {
      heroImage: 'wix:image://v1/a1ae4f_e3305b5a0d984978b179656f05922b31~mv2.jpg/The-start-if-a-Jamaic-day.jpg#originWidth=4041&originHeight=3031',
      _id: '7127ba34-74b6-476c-8f52-24397821cdc3',
      _owner: 'a1ae4f3f-facc-427d-8c62-ac7bce9f8f00',
      _createdDate: 2026-04-01T02:59:42.350Z,
      featured: true,
      _updatedDate: 2026-04-08T17:30:21.911Z,
      slug: 'mountain-thrill',
      startingPrice: 1250,
      isActive: true,
      title: 'Mountain Thrill'
    },
    {
      heroImage: 'wix:image://v1/11062b_51d84f5dac0d4155a4ad2c7e8a7f7e4b~mv2.jpg/Lush%20Green%20Hills.jpg#originWidth=4556&originHeight=2564',
      _id: 'bb4ccec1-6024-45b2-83bc-e755cef6c8c5',
      _owner: 'a1ae4f3f-facc-427d-8c62-ac7bce9f8f00',
      _createdDate: 2026-03-11T07:52:02.366Z,
      featured: true,
      _updatedDate: 2026-04-08T16:53:03.361Z,
      slug: 'cockpit-country-adventure',
      gallery: 'https://example.com/images/amazon1.jpg, https://example.com/images/amazon2.jpg, https://example.com/images/amazon3.jpg',
      startingPrice: 1699,
      isActive: true,
      title: 'Cockpit Country Adventure'
    }
  ],
  currentPage: undefined,
  collectionName: 'Tours',
  skipNumber: 0,
  totalCount: undefined,
  allowOffsetBackwards: false
}
Fetched tours: c6 {
  paging: { count: 4, tooManyToCount: false, cursors: {}, hasNext: false },
  fetch: [Function: f],
  items: [
    {
      heroImage: 'wix:image://v1/a1ae4f_eb28a320baff472c9ebf7c55ab0f227e~mv2.jpg/Rio_Grande_Rafting_1_GemsofJA_715ce722-66e6-475d-abbf-3dd5891fb1d0.jpg#originWidth=1200&originHeight=800',
      _id: 'e1834332-fa03-4a8d-b36e-549100e51703',
      _owner: 'a1ae4f3f-facc-427d-8c62-ac7bce9f8f00',
      _createdDate: 2026-04-02T04:53:21.857Z,
      featured: true,
      _updatedDate: 2026-04-08T17:33:25.374Z,
      slug: 'river-wonder-tour',
      startingPrice: 1500,
      isActive: true,
      title: 'River Wonder Tour'
    },
    {
      heroImage: 'wix:image://v1/a1ae4f_5d46a313528a4145becfd5b0c66a27ce~mv2.jpg/0627c062-bd49-4eb2-a168-f63353d10cb3.jpg#originWidth=3840&originHeight=2160',
      _id: '95352040-478b-4162-a26e-fdf00863809d',
      _owner: 'a1ae4f3f-facc-427d-8c62-ac7bce9f8f00',
      _createdDate: 2026-04-01T04:02:47.804Z,
      featured: false,
      _updatedDate: 2026-04-08T17:30:56.070Z,
      slug: 'ocean-love',
      startingPrice: 1050,
      isActive: true,
      title: 'Ocean Love'
    },
    {
      heroImage: 'wix:image://v1/a1ae4f_e3305b5a0d984978b179656f05922b31~mv2.jpg/The-start-if-a-Jamaic-day.jpg#originWidth=4041&originHeight=3031',
      _id: '7127ba34-74b6-476c-8f52-24397821cdc3',
      _owner: 'a1ae4f3f-facc-427d-8c62-ac7bce9f8f00',
      _createdDate: 2026-04-01T02:59:42.350Z,
      featured: true,
      _updatedDate: 2026-04-08T17:30:21.911Z,
      slug: 'mountain-thrill',
      startingPrice: 1250,
      isActive: true,
      title: 'Mountain Thrill'
    },
    {
      heroImage: 'wix:image://v1/11062b_51d84f5dac0d4155a4ad2c7e8a7f7e4b~mv2.jpg/Lush%20Green%20Hills.jpg#originWidth=4556&originHeight=2564',
      _id: 'bb4ccec1-6024-45b2-83bc-e755cef6c8c5',
      _owner: 'a1ae4f3f-facc-427d-8c62-ac7bce9f8f00',
      _createdDate: 2026-03-11T07:52:02.366Z,
      featured: true,
      _updatedDate: 2026-04-08T16:53:03.361Z,
      slug: 'cockpit-country-adventure',
      gallery: 'https://example.com/images/amazon1.jpg, https://example.com/images/amazon2.jpg, https://example.com/images/amazon3.jpg',
      startingPrice: 1699,
      isActive: true,
      title: 'Cockpit Country Adventure'
    }
  ],
  currentPage: undefined,
  collectionName: 'Tours',
  skipNumber: 0,
  totalCount: undefined,
  allowOffsetBackwards: false
}
Fetched tours: c6 {
  paging: { count: 4, tooManyToCount: false, cursors: {}, hasNext: false },
  fetch: [Function: f],
  items: [
    {
      heroImage: 'wix:image://v1/a1ae4f_eb28a320baff472c9ebf7c55ab0f227e~mv2.jpg/Rio_Grande_Rafting_1_GemsofJA_715ce722-66e6-475d-abbf-3dd5891fb1d0.jpg#originWidth=1200&originHeight=800',
      _id: 'e1834332-fa03-4a8d-b36e-549100e51703',
      _owner: 'a1ae4f3f-facc-427d-8c62-ac7bce9f8f00',
      _createdDate: 2026-04-02T04:53:21.857Z,
      featured: true,
      _updatedDate: 2026-04-08T17:33:25.374Z,
      slug: 'river-wonder-tour',
      startingPrice: 1500,
      isActive: true,
      title: 'River Wonder Tour'
    },
    {
      heroImage: 'wix:image://v1/a1ae4f_5d46a313528a4145becfd5b0c66a27ce~mv2.jpg/0627c062-bd49-4eb2-a168-f63353d10cb3.jpg#originWidth=3840&originHeight=2160',
      _id: '95352040-478b-4162-a26e-fdf00863809d',
      _owner: 'a1ae4f3f-facc-427d-8c62-ac7bce9f8f00',
      _createdDate: 2026-04-01T04:02:47.804Z,
      featured: false,
      _updatedDate: 2026-04-08T17:30:56.070Z,
      slug: 'ocean-love',
      startingPrice: 1050,
      isActive: true,
      title: 'Ocean Love'
    },
    {
      heroImage: 'wix:image://v1/a1ae4f_e3305b5a0d984978b179656f05922b31~mv2.jpg/The-start-if-a-Jamaic-day.jpg#originWidth=4041&originHeight=3031',
      _id: '7127ba34-74b6-476c-8f52-24397821cdc3',
      _owner: 'a1ae4f3f-facc-427d-8c62-ac7bce9f8f00',
      _createdDate: 2026-04-01T02:59:42.350Z,
      featured: true,
      _updatedDate: 2026-04-08T17:30:21.911Z,
      slug: 'mountain-thrill',
      startingPrice: 1250,
      isActive: true,
      title: 'Mountain Thrill'
    },
    {
      heroImage: 'wix:image://v1/11062b_51d84f5dac0d4155a4ad2c7e8a7f7e4b~mv2.jpg/Lush%20Green%20Hills.jpg#originWidth=4556&originHeight=2564',
      _id: 'bb4ccec1-6024-45b2-83bc-e755cef6c8c5',
      _owner: 'a1ae4f3f-facc-427d-8c62-ac7bce9f8f00',
      _createdDate: 2026-03-11T07:52:02.366Z,
      featured: true,
      _updatedDate: 2026-04-08T16:53:03.361Z,
      slug: 'cockpit-country-adventure',
      gallery: 'https://example.com/images/amazon1.jpg, https://example.com/images/amazon2.jpg, https://example.com/images/amazon3.jpg',
      startingPrice: 1699,
      isActive: true,
      title: 'Cockpit Country Adventure'
    }
  ],
  currentPage: undefined,
  collectionName: 'Tours',
  skipNumber: 0,
  totalCount: undefined,
  allowOffsetBackwards: false
}
  Generating static pages using 15 workers (44/90) 
c5 {
  eq: [Function (anonymous)],
  ne: [Function (anonymous)],
  ge: [Function (anonymous)],
  gt: [Function (anonymous)],
  gte: [Function (anonymous)],
  le: [Function (anonymous)],
  lt: [Function (anonymous)],
  lte: [Function (anonymous)],
  isNotEmpty: [Function (anonymous)],
  isEmpty: [Function (anonymous)],
  startsWith: [Function (anonymous)],
  endsWith: [Function (anonymous)],
  contains: [Function (anonymous)],
  hasSome: [Function (anonymous)],
  in: [Function (anonymous)],
  hasAll: [Function (anonymous)],
  exists: [Function (anonymous)],
  or: [Function (anonymous)],
  and: [Function (anonymous)],
  not: [Function (anonymous)],
  between: [Function (anonymous)],
  collectionName: 'Tours',
  filterBuilder: cX {
    filterTree: {},
    invalidArguments: [],
    encoder: [Function: cT],
    validateCollectionName: false
  },
  sort: c3 { orderBy: [], invalidArguments: [] },
  projectedFields: [],
  limitNumber: undefined,
  skipNumber: 0,
  included: [],
  onFind: [AsyncFunction: onFind],
  onDistinct: [AsyncFunction: onDistinct],
  onCount: [AsyncFunction: onCount],
  ownInvalidArguments: [],
  randomSortOptions: undefined,
  fieldGroups: []
}
Fetched tours: c6 {
  paging: { count: 3, tooManyToCount: false, cursors: {}, hasNext: false },
  fetch: [Function: f],
  items: [
    {
      heroImage: 'wix:image://v1/a1ae4f_eb28a320baff472c9ebf7c55ab0f227e~mv2.jpg/Rio_Grande_Rafting_1_GemsofJA_715ce722-66e6-475d-abbf-3dd5891fb1d0.jpg#originWidth=1200&originHeight=800',
      _id: 'e1834332-fa03-4a8d-b36e-549100e51703',
      _owner: 'a1ae4f3f-facc-427d-8c62-ac7bce9f8f00',
      _createdDate: 2026-04-02T04:53:21.857Z,
      featured: true,
      _updatedDate: 2026-04-08T17:33:25.374Z,
      slug: 'river-wonder-tour',
      startingPrice: 1500,
      isActive: true,
      title: 'River Wonder Tour'
    },
    {
      heroImage: 'wix:image://v1/a1ae4f_e3305b5a0d984978b179656f05922b31~mv2.jpg/The-start-if-a-Jamaic-day.jpg#originWidth=4041&originHeight=3031',
      _id: '7127ba34-74b6-476c-8f52-24397821cdc3',
      _owner: 'a1ae4f3f-facc-427d-8c62-ac7bce9f8f00',
      _createdDate: 2026-04-01T02:59:42.350Z,
      featured: true,
      _updatedDate: 2026-04-08T17:30:21.911Z,
      slug: 'mountain-thrill',
      startingPrice: 1250,
      isActive: true,
      title: 'Mountain Thrill'
    },
    {
      heroImage: 'wix:image://v1/11062b_51d84f5dac0d4155a4ad2c7e8a7f7e4b~mv2.jpg/Lush%20Green%20Hills.jpg#originWidth=4556&originHeight=2564',
      _id: 'bb4ccec1-6024-45b2-83bc-e755cef6c8c5',
      _owner: 'a1ae4f3f-facc-427d-8c62-ac7bce9f8f00',
      _createdDate: 2026-03-11T07:52:02.366Z,
      featured: true,
      _updatedDate: 2026-04-08T16:53:03.361Z,
      slug: 'cockpit-country-adventure',
      gallery: 'https://example.com/images/amazon1.jpg, https://example.com/images/amazon2.jpg, https://example.com/images/amazon3.jpg',
      startingPrice: 1699,
      isActive: true,
      title: 'Cockpit Country Adventure'
    }
  ],
  currentPage: undefined,
  collectionName: 'Tours',
  skipNumber: 0,
  totalCount: undefined,
  allowOffsetBackwards: false
}
No tour found with status=published for slug: spiritual-cleansing
No tour found with status=published for slug: spiritual-cleansing
[getDestinations] fetched 37 items from "Destinations1"
c5 {
  eq: [Function (anonymous)],
  ne: [Function (anonymous)],
  ge: [Function (anonymous)],
  gt: [Function (anonymous)],
  gte: [Function (anonymous)],
  le: [Function (anonymous)],
  lt: [Function (anonymous)],
  lte: [Function (anonymous)],
  isNotEmpty: [Function (anonymous)],
  isEmpty: [Function (anonymous)],
  startsWith: [Function (anonymous)],
  endsWith: [Function (anonymous)],
  contains: [Function (anonymous)],
  hasSome: [Function (anonymous)],
  in: [Function (anonymous)],
  hasAll: [Function (anonymous)],
  exists: [Function (anonymous)],
  or: [Function (anonymous)],
  and: [Function (anonymous)],
  not: [Function (anonymous)],
  between: [Function (anonymous)],
  collectionName: 'Tours',
  filterBuilder: cX {
    filterTree: {},
    invalidArguments: [],
    encoder: [Function: cT],
    validateCollectionName: false
  },
  sort: c3 { orderBy: [], invalidArguments: [] },
  projectedFields: [],
  limitNumber: undefined,
  skipNumber: 0,
  included: [],
  onFind: [AsyncFunction: onFind],
  onDistinct: [AsyncFunction: onDistinct],
  onCount: [AsyncFunction: onCount],
  ownInvalidArguments: [],
  randomSortOptions: undefined,
  fieldGroups: []
}
c5 {
  eq: [Function (anonymous)],
  ne: [Function (anonymous)],
  ge: [Function (anonymous)],
  gt: [Function (anonymous)],
  gte: [Function (anonymous)],
  le: [Function (anonymous)],
  lt: [Function (anonymous)],
  lte: [Function (anonymous)],
  isNotEmpty: [Function (anonymous)],
  isEmpty: [Function (anonymous)],
  startsWith: [Function (anonymous)],
  endsWith: [Function (anonymous)],
  contains: [Function (anonymous)],
  hasSome: [Function (anonymous)],
  in: [Function (anonymous)],
  hasAll: [Function (anonymous)],
  exists: [Function (anonymous)],
  or: [Function (anonymous)],
  and: [Function (anonymous)],
  not: [Function (anonymous)],
  between: [Function (anonymous)],
  collectionName: 'Tours',
  filterBuilder: cX {
    filterTree: {},
    invalidArguments: [],
    encoder: [Function: cT],
    validateCollectionName: false
  },
  sort: c3 { orderBy: [], invalidArguments: [] },
  projectedFields: [],
  limitNumber: undefined,
  skipNumber: 0,
  included: [],
  onFind: [AsyncFunction: onFind],
  onDistinct: [AsyncFunction: onDistinct],
  onCount: [AsyncFunction: onCount],
  ownInvalidArguments: [],
  randomSortOptions: undefined,
  fieldGroups: []
}
c5 {
  eq: [Function (anonymous)],
  ne: [Function (anonymous)],
  ge: [Function (anonymous)],
  gt: [Function (anonymous)],
  gte: [Function (anonymous)],
  le: [Function (anonymous)],
  lt: [Function (anonymous)],
  lte: [Function (anonymous)],
  isNotEmpty: [Function (anonymous)],
  isEmpty: [Function (anonymous)],
  startsWith: [Function (anonymous)],
  endsWith: [Function (anonymous)],
  contains: [Function (anonymous)],
  hasSome: [Function (anonymous)],
  in: [Function (anonymous)],
  hasAll: [Function (anonymous)],
  exists: [Function (anonymous)],
  or: [Function (anonymous)],
  and: [Function (anonymous)],
  not: [Function (anonymous)],
  between: [Function (anonymous)],
  collectionName: 'Tours',
  filterBuilder: cX {
    filterTree: {},
    invalidArguments: [],
    encoder: [Function: cT],
    validateCollectionName: false
  },
  sort: c3 { orderBy: [], invalidArguments: [] },
  projectedFields: [],
  limitNumber: undefined,
  skipNumber: 0,
  included: [],
  onFind: [AsyncFunction: onFind],
  onDistinct: [AsyncFunction: onDistinct],
  onCount: [AsyncFunction: onCount],
  ownInvalidArguments: [],
  randomSortOptions: undefined,
  fieldGroups: []
}
c5 {
  eq: [Function (anonymous)],
  ne: [Function (anonymous)],
  ge: [Function (anonymous)],
  gt: [Function (anonymous)],
  gte: [Function (anonymous)],
  le: [Function (anonymous)],
  lt: [Function (anonymous)],
  lte: [Function (anonymous)],
  isNotEmpty: [Function (anonymous)],
  isEmpty: [Function (anonymous)],
  startsWith: [Function (anonymous)],
  endsWith: [Function (anonymous)],
  contains: [Function (anonymous)],
  hasSome: [Function (anonymous)],
  in: [Function (anonymous)],
  hasAll: [Function (anonymous)],
  exists: [Function (anonymous)],
  or: [Function (anonymous)],
  and: [Function (anonymous)],
  not: [Function (anonymous)],
  between: [Function (anonymous)],
  collectionName: 'Tours',
  filterBuilder: cX {
    filterTree: {},
    invalidArguments: [],
    encoder: [Function: cT],
    validateCollectionName: false
  },
  sort: c3 { orderBy: [], invalidArguments: [] },
  projectedFields: [],
  limitNumber: undefined,
  skipNumber: 0,
  included: [],
  onFind: [AsyncFunction: onFind],
  onDistinct: [AsyncFunction: onDistinct],
  onCount: [AsyncFunction: onCount],
  ownInvalidArguments: [],
  randomSortOptions: undefined,
  fieldGroups: []
}
c5 {
  eq: [Function (anonymous)],
  ne: [Function (anonymous)],
  ge: [Function (anonymous)],
  gt: [Function (anonymous)],
  gte: [Function (anonymous)],
  le: [Function (anonymous)],
  lt: [Function (anonymous)],
  lte: [Function (anonymous)],
  isNotEmpty: [Function (anonymous)],
  isEmpty: [Function (anonymous)],
  startsWith: [Function (anonymous)],
  endsWith: [Function (anonymous)],
  contains: [Function (anonymous)],
  hasSome: [Function (anonymous)],
  in: [Function (anonymous)],
  hasAll: [Function (anonymous)],
  exists: [Function (anonymous)],
  or: [Function (anonymous)],
  and: [Function (anonymous)],
  not: [Function (anonymous)],
  between: [Function (anonymous)],
  collectionName: 'Tours',
  filterBuilder: cX {
    filterTree: {},
    invalidArguments: [],
    encoder: [Function: cT],
    validateCollectionName: false
  },
  sort: c3 { orderBy: [], invalidArguments: [] },
  projectedFields: [],
  limitNumber: undefined,
  skipNumber: 0,
  included: [],
  onFind: [AsyncFunction: onFind],
  onDistinct: [AsyncFunction: onDistinct],
  onCount: [AsyncFunction: onCount],
  ownInvalidArguments: [],
  randomSortOptions: undefined,
  fieldGroups: []
}
c5 {
  eq: [Function (anonymous)],
  ne: [Function (anonymous)],
  ge: [Function (anonymous)],
  gt: [Function (anonymous)],
  gte: [Function (anonymous)],
  le: [Function (anonymous)],
  lt: [Function (anonymous)],
  lte: [Function (anonymous)],
  isNotEmpty: [Function (anonymous)],
  isEmpty: [Function (anonymous)],
  startsWith: [Function (anonymous)],
  endsWith: [Function (anonymous)],
  contains: [Function (anonymous)],
  hasSome: [Function (anonymous)],
  in: [Function (anonymous)],
  hasAll: [Function (anonymous)],
  exists: [Function (anonymous)],
  or: [Function (anonymous)],
  and: [Function (anonymous)],
  not: [Function (anonymous)],
  between: [Function (anonymous)],
  collectionName: 'Tours',
  filterBuilder: cX {
    filterTree: {},
    invalidArguments: [],
    encoder: [Function: cT],
    validateCollectionName: false
  },
  sort: c3 { orderBy: [], invalidArguments: [] },
  projectedFields: [],
  limitNumber: undefined,
  skipNumber: 0,
  included: [],
  onFind: [AsyncFunction: onFind],
  onDistinct: [AsyncFunction: onDistinct],
  onCount: [AsyncFunction: onCount],
  ownInvalidArguments: [],
  randomSortOptions: undefined,
  fieldGroups: []
}
c5 {
  eq: [Function (anonymous)],
  ne: [Function (anonymous)],
  ge: [Function (anonymous)],
  gt: [Function (anonymous)],
  gte: [Function (anonymous)],
  le: [Function (anonymous)],
  lt: [Function (anonymous)],
  lte: [Function (anonymous)],
  isNotEmpty: [Function (anonymous)],
  isEmpty: [Function (anonymous)],
  startsWith: [Function (anonymous)],
  endsWith: [Function (anonymous)],
  contains: [Function (anonymous)],
  hasSome: [Function (anonymous)],
  in: [Function (anonymous)],
  hasAll: [Function (anonymous)],
  exists: [Function (anonymous)],
  or: [Function (anonymous)],
  and: [Function (anonymous)],
  not: [Function (anonymous)],
  between: [Function (anonymous)],
  collectionName: 'Tours',
  filterBuilder: cX {
    filterTree: {},
    invalidArguments: [],
    encoder: [Function: cT],
    validateCollectionName: false
  },
  sort: c3 { orderBy: [], invalidArguments: [] },
  projectedFields: [],
  limitNumber: undefined,
  skipNumber: 0,
  included: [],
  onFind: [AsyncFunction: onFind],
  onDistinct: [AsyncFunction: onDistinct],
  onCount: [AsyncFunction: onCount],
  ownInvalidArguments: [],
  randomSortOptions: undefined,
  fieldGroups: []
}
Tour fallback result: c6 {
  paging: {
    count: 1,
    offset: 0,
    tooManyToCount: false,
    cursors: {},
    hasNext: false
  },
  fetch: [Function: f],
  items: [
    {
      heroImage: 'wix:image://v1/a1ae4f_61bacab2e3ce485aa218a0a440c8fd16~mv2.jpg/cruising%20in%20a%20bus%20and%20praying%20with%20friends.jpg#originWidth=1024&originHeight=1024',
      _id: '6d56f54e-dac6-4745-a359-80f638602e06',
      _owner: 'a1ae4f3f-facc-427d-8c62-ac7bce9f8f00',
      _createdDate: 2026-04-02T05:03:48.230Z,
      featured: true,
      _updatedDate: 2026-04-08T18:46:33.738Z,
      slug: 'spiritual-cleansing',
      startingPrice: 0,
      isActive: false,
      title: 'Spiritual Cleansing'
    }
  ],
  currentPage: 0,
  collectionName: 'Tours',
  skipNumber: 0,
  totalCount: undefined,
  allowOffsetBackwards: false,
  pageSize: 1
}
Tour fallback result: c6 {
  paging: {
    count: 1,
    offset: 0,
    tooManyToCount: false,
    cursors: {},
    hasNext: false
  },
  fetch: [Function: f],
  items: [
    {
      heroImage: 'wix:image://v1/a1ae4f_61bacab2e3ce485aa218a0a440c8fd16~mv2.jpg/cruising%20in%20a%20bus%20and%20praying%20with%20friends.jpg#originWidth=1024&originHeight=1024',
      _id: '6d56f54e-dac6-4745-a359-80f638602e06',
      _owner: 'a1ae4f3f-facc-427d-8c62-ac7bce9f8f00',
      _createdDate: 2026-04-02T05:03:48.230Z,
      featured: true,
      _updatedDate: 2026-04-08T18:46:33.738Z,
      slug: 'spiritual-cleansing',
      startingPrice: 0,
      isActive: false,
      title: 'Spiritual Cleansing'
    }
  ],
  currentPage: 0,
  collectionName: 'Tours',
  skipNumber: 0,
  totalCount: undefined,
  allowOffsetBackwards: false,
  pageSize: 1
}
Fetched tours: c6 {
  paging: { count: 4, tooManyToCount: false, cursors: {}, hasNext: false },
  fetch: [Function: f],
  items: [
    {
      heroImage: 'wix:image://v1/a1ae4f_eb28a320baff472c9ebf7c55ab0f227e~mv2.jpg/Rio_Grande_Rafting_1_GemsofJA_715ce722-66e6-475d-abbf-3dd5891fb1d0.jpg#originWidth=1200&originHeight=800',
      _id: 'e1834332-fa03-4a8d-b36e-549100e51703',
      _owner: 'a1ae4f3f-facc-427d-8c62-ac7bce9f8f00',
      _createdDate: 2026-04-02T04:53:21.857Z,
      featured: true,
      _updatedDate: 2026-04-08T17:33:25.374Z,
      slug: 'river-wonder-tour',
      startingPrice: 1500,
      isActive: true,
      title: 'River Wonder Tour'
    },
    {
      heroImage: 'wix:image://v1/a1ae4f_5d46a313528a4145becfd5b0c66a27ce~mv2.jpg/0627c062-bd49-4eb2-a168-f63353d10cb3.jpg#originWidth=3840&originHeight=2160',
      _id: '95352040-478b-4162-a26e-fdf00863809d',
      _owner: 'a1ae4f3f-facc-427d-8c62-ac7bce9f8f00',
      _createdDate: 2026-04-01T04:02:47.804Z,
      featured: false,
      _updatedDate: 2026-04-08T17:30:56.070Z,
      slug: 'ocean-love',
      startingPrice: 1050,
      isActive: true,
      title: 'Ocean Love'
    },
    {
      heroImage: 'wix:image://v1/a1ae4f_e3305b5a0d984978b179656f05922b31~mv2.jpg/The-start-if-a-Jamaic-day.jpg#originWidth=4041&originHeight=3031',
      _id: '7127ba34-74b6-476c-8f52-24397821cdc3',
      _owner: 'a1ae4f3f-facc-427d-8c62-ac7bce9f8f00',
      _createdDate: 2026-04-01T02:59:42.350Z,
      featured: true,
      _updatedDate: 2026-04-08T17:30:21.911Z,
      slug: 'mountain-thrill',
      startingPrice: 1250,
      isActive: true,
      title: 'Mountain Thrill'
    },
    {
      heroImage: 'wix:image://v1/11062b_51d84f5dac0d4155a4ad2c7e8a7f7e4b~mv2.jpg/Lush%20Green%20Hills.jpg#originWidth=4556&originHeight=2564',
      _id: 'bb4ccec1-6024-45b2-83bc-e755cef6c8c5',
      _owner: 'a1ae4f3f-facc-427d-8c62-ac7bce9f8f00',
      _createdDate: 2026-03-11T07:52:02.366Z,
      featured: true,
      _updatedDate: 2026-04-08T16:53:03.361Z,
      slug: 'cockpit-country-adventure',
      gallery: 'https://example.com/images/amazon1.jpg, https://example.com/images/amazon2.jpg, https://example.com/images/amazon3.jpg',
      startingPrice: 1699,
      isActive: true,
      title: 'Cockpit Country Adventure'
    }
  ],
  currentPage: undefined,
  collectionName: 'Tours',
  skipNumber: 0,
  totalCount: undefined,
  allowOffsetBackwards: false
}
Fetched tours: c6 {
  paging: { count: 4, tooManyToCount: false, cursors: {}, hasNext: false },
  fetch: [Function: f],
  items: [
    {
      heroImage: 'wix:image://v1/a1ae4f_eb28a320baff472c9ebf7c55ab0f227e~mv2.jpg/Rio_Grande_Rafting_1_GemsofJA_715ce722-66e6-475d-abbf-3dd5891fb1d0.jpg#originWidth=1200&originHeight=800',
      _id: 'e1834332-fa03-4a8d-b36e-549100e51703',
      _owner: 'a1ae4f3f-facc-427d-8c62-ac7bce9f8f00',
      _createdDate: 2026-04-02T04:53:21.857Z,
      featured: true,
      _updatedDate: 2026-04-08T17:33:25.374Z,
      slug: 'river-wonder-tour',
      startingPrice: 1500,
      isActive: true,
      title: 'River Wonder Tour'
    },
    {
      heroImage: 'wix:image://v1/a1ae4f_5d46a313528a4145becfd5b0c66a27ce~mv2.jpg/0627c062-bd49-4eb2-a168-f63353d10cb3.jpg#originWidth=3840&originHeight=2160',
      _id: '95352040-478b-4162-a26e-fdf00863809d',
      _owner: 'a1ae4f3f-facc-427d-8c62-ac7bce9f8f00',
      _createdDate: 2026-04-01T04:02:47.804Z,
      featured: false,
      _updatedDate: 2026-04-08T17:30:56.070Z,
      slug: 'ocean-love',
      startingPrice: 1050,
      isActive: true,
      title: 'Ocean Love'
    },
    {
      heroImage: 'wix:image://v1/a1ae4f_e3305b5a0d984978b179656f05922b31~mv2.jpg/The-start-if-a-Jamaic-day.jpg#originWidth=4041&originHeight=3031',
      _id: '7127ba34-74b6-476c-8f52-24397821cdc3',
      _owner: 'a1ae4f3f-facc-427d-8c62-ac7bce9f8f00',
      _createdDate: 2026-04-01T02:59:42.350Z,
      featured: true,
      _updatedDate: 2026-04-08T17:30:21.911Z,
      slug: 'mountain-thrill',
      startingPrice: 1250,
      isActive: true,
      title: 'Mountain Thrill'
    },
    {
      heroImage: 'wix:image://v1/11062b_51d84f5dac0d4155a4ad2c7e8a7f7e4b~mv2.jpg/Lush%20Green%20Hills.jpg#originWidth=4556&originHeight=2564',
      _id: 'bb4ccec1-6024-45b2-83bc-e755cef6c8c5',
      _owner: 'a1ae4f3f-facc-427d-8c62-ac7bce9f8f00',
      _createdDate: 2026-03-11T07:52:02.366Z,
      featured: true,
      _updatedDate: 2026-04-08T16:53:03.361Z,
      slug: 'cockpit-country-adventure',
      gallery: 'https://example.com/images/amazon1.jpg, https://example.com/images/amazon2.jpg, https://example.com/images/amazon3.jpg',
      startingPrice: 1699,
      isActive: true,
      title: 'Cockpit Country Adventure'
    }
  ],
  currentPage: undefined,
  collectionName: 'Tours',
  skipNumber: 0,
  totalCount: undefined,
  allowOffsetBackwards: false
}
Fetched tours: c6 {
  paging: { count: 4, tooManyToCount: false, cursors: {}, hasNext: false },
  fetch: [Function: f],
  items: [
    {
      heroImage: 'wix:image://v1/a1ae4f_eb28a320baff472c9ebf7c55ab0f227e~mv2.jpg/Rio_Grande_Rafting_1_GemsofJA_715ce722-66e6-475d-abbf-3dd5891fb1d0.jpg#originWidth=1200&originHeight=800',
      _id: 'e1834332-fa03-4a8d-b36e-549100e51703',
      _owner: 'a1ae4f3f-facc-427d-8c62-ac7bce9f8f00',
      _createdDate: 2026-04-02T04:53:21.857Z,
      featured: true,
      _updatedDate: 2026-04-08T17:33:25.374Z,
      slug: 'river-wonder-tour',
      startingPrice: 1500,
      isActive: true,
      title: 'River Wonder Tour'
    },
    {
      heroImage: 'wix:image://v1/a1ae4f_5d46a313528a4145becfd5b0c66a27ce~mv2.jpg/0627c062-bd49-4eb2-a168-f63353d10cb3.jpg#originWidth=3840&originHeight=2160',
      _id: '95352040-478b-4162-a26e-fdf00863809d',
      _owner: 'a1ae4f3f-facc-427d-8c62-ac7bce9f8f00',
      _createdDate: 2026-04-01T04:02:47.804Z,
      featured: false,
      _updatedDate: 2026-04-08T17:30:56.070Z,
      slug: 'ocean-love',
      startingPrice: 1050,
      isActive: true,
      title: 'Ocean Love'
    },
    {
      heroImage: 'wix:image://v1/a1ae4f_e3305b5a0d984978b179656f05922b31~mv2.jpg/The-start-if-a-Jamaic-day.jpg#originWidth=4041&originHeight=3031',
      _id: '7127ba34-74b6-476c-8f52-24397821cdc3',
      _owner: 'a1ae4f3f-facc-427d-8c62-ac7bce9f8f00',
      _createdDate: 2026-04-01T02:59:42.350Z,
      featured: true,
      _updatedDate: 2026-04-08T17:30:21.911Z,
      slug: 'mountain-thrill',
      startingPrice: 1250,
      isActive: true,
      title: 'Mountain Thrill'
    },
    {
      heroImage: 'wix:image://v1/11062b_51d84f5dac0d4155a4ad2c7e8a7f7e4b~mv2.jpg/Lush%20Green%20Hills.jpg#originWidth=4556&originHeight=2564',
      _id: 'bb4ccec1-6024-45b2-83bc-e755cef6c8c5',
      _owner: 'a1ae4f3f-facc-427d-8c62-ac7bce9f8f00',
      _createdDate: 2026-03-11T07:52:02.366Z,
      featured: true,
      _updatedDate: 2026-04-08T16:53:03.361Z,
      slug: 'cockpit-country-adventure',
      gallery: 'https://example.com/images/amazon1.jpg, https://example.com/images/amazon2.jpg, https://example.com/images/amazon3.jpg',
      startingPrice: 1699,
      isActive: true,
      title: 'Cockpit Country Adventure'
    }
  ],
  currentPage: undefined,
  collectionName: 'Tours',
  skipNumber: 0,
  totalCount: undefined,
  allowOffsetBackwards: false
}
Fetched tours: c6 {
  paging: { count: 4, tooManyToCount: false, cursors: {}, hasNext: false },
  fetch: [Function: f],
  items: [
    {
      heroImage: 'wix:image://v1/a1ae4f_eb28a320baff472c9ebf7c55ab0f227e~mv2.jpg/Rio_Grande_Rafting_1_GemsofJA_715ce722-66e6-475d-abbf-3dd5891fb1d0.jpg#originWidth=1200&originHeight=800',
      _id: 'e1834332-fa03-4a8d-b36e-549100e51703',
      _owner: 'a1ae4f3f-facc-427d-8c62-ac7bce9f8f00',
      _createdDate: 2026-04-02T04:53:21.857Z,
      featured: true,
      _updatedDate: 2026-04-08T17:33:25.374Z,
      slug: 'river-wonder-tour',
      startingPrice: 1500,
      isActive: true,
      title: 'River Wonder Tour'
    },
    {
      heroImage: 'wix:image://v1/a1ae4f_5d46a313528a4145becfd5b0c66a27ce~mv2.jpg/0627c062-bd49-4eb2-a168-f63353d10cb3.jpg#originWidth=3840&originHeight=2160',
      _id: '95352040-478b-4162-a26e-fdf00863809d',
      _owner: 'a1ae4f3f-facc-427d-8c62-ac7bce9f8f00',
      _createdDate: 2026-04-01T04:02:47.804Z,
      featured: false,
      _updatedDate: 2026-04-08T17:30:56.070Z,
      slug: 'ocean-love',
      startingPrice: 1050,
      isActive: true,
      title: 'Ocean Love'
    },
    {
      heroImage: 'wix:image://v1/a1ae4f_e3305b5a0d984978b179656f05922b31~mv2.jpg/The-start-if-a-Jamaic-day.jpg#originWidth=4041&originHeight=3031',
      _id: '7127ba34-74b6-476c-8f52-24397821cdc3',
      _owner: 'a1ae4f3f-facc-427d-8c62-ac7bce9f8f00',
      _createdDate: 2026-04-01T02:59:42.350Z,
      featured: true,
      _updatedDate: 2026-04-08T17:30:21.911Z,
      slug: 'mountain-thrill',
      startingPrice: 1250,
      isActive: true,
      title: 'Mountain Thrill'
    },
    {
      heroImage: 'wix:image://v1/11062b_51d84f5dac0d4155a4ad2c7e8a7f7e4b~mv2.jpg/Lush%20Green%20Hills.jpg#originWidth=4556&originHeight=2564',
      _id: 'bb4ccec1-6024-45b2-83bc-e755cef6c8c5',
      _owner: 'a1ae4f3f-facc-427d-8c62-ac7bce9f8f00',
      _createdDate: 2026-03-11T07:52:02.366Z,
      featured: true,
      _updatedDate: 2026-04-08T16:53:03.361Z,
      slug: 'cockpit-country-adventure',
      gallery: 'https://example.com/images/amazon1.jpg, https://example.com/images/amazon2.jpg, https://example.com/images/amazon3.jpg',
      startingPrice: 1699,
      isActive: true,
      title: 'Cockpit Country Adventure'
    }
  ],
  currentPage: undefined,
  collectionName: 'Tours',
  skipNumber: 0,
  totalCount: undefined,
  allowOffsetBackwards: false
}
Fetched tours: c6 {
  paging: { count: 4, tooManyToCount: false, cursors: {}, hasNext: false },
  fetch: [Function: f],
  items: [
    {
      heroImage: 'wix:image://v1/a1ae4f_eb28a320baff472c9ebf7c55ab0f227e~mv2.jpg/Rio_Grande_Rafting_1_GemsofJA_715ce722-66e6-475d-abbf-3dd5891fb1d0.jpg#originWidth=1200&originHeight=800',
      _id: 'e1834332-fa03-4a8d-b36e-549100e51703',
      _owner: 'a1ae4f3f-facc-427d-8c62-ac7bce9f8f00',
      _createdDate: 2026-04-02T04:53:21.857Z,
      featured: true,
      _updatedDate: 2026-04-08T17:33:25.374Z,
      slug: 'river-wonder-tour',
      startingPrice: 1500,
      isActive: true,
      title: 'River Wonder Tour'
    },
    {
      heroImage: 'wix:image://v1/a1ae4f_5d46a313528a4145becfd5b0c66a27ce~mv2.jpg/0627c062-bd49-4eb2-a168-f63353d10cb3.jpg#originWidth=3840&originHeight=2160',
      _id: '95352040-478b-4162-a26e-fdf00863809d',
      _owner: 'a1ae4f3f-facc-427d-8c62-ac7bce9f8f00',
      _createdDate: 2026-04-01T04:02:47.804Z,
      featured: false,
      _updatedDate: 2026-04-08T17:30:56.070Z,
      slug: 'ocean-love',
      startingPrice: 1050,
      isActive: true,
      title: 'Ocean Love'
    },
    {
      heroImage: 'wix:image://v1/a1ae4f_e3305b5a0d984978b179656f05922b31~mv2.jpg/The-start-if-a-Jamaic-day.jpg#originWidth=4041&originHeight=3031',
      _id: '7127ba34-74b6-476c-8f52-24397821cdc3',
      _owner: 'a1ae4f3f-facc-427d-8c62-ac7bce9f8f00',
      _createdDate: 2026-04-01T02:59:42.350Z,
      featured: true,
      _updatedDate: 2026-04-08T17:30:21.911Z,
      slug: 'mountain-thrill',
      startingPrice: 1250,
      isActive: true,
      title: 'Mountain Thrill'
    },
    {
      heroImage: 'wix:image://v1/11062b_51d84f5dac0d4155a4ad2c7e8a7f7e4b~mv2.jpg/Lush%20Green%20Hills.jpg#originWidth=4556&originHeight=2564',
      _id: 'bb4ccec1-6024-45b2-83bc-e755cef6c8c5',
      _owner: 'a1ae4f3f-facc-427d-8c62-ac7bce9f8f00',
      _createdDate: 2026-03-11T07:52:02.366Z,
      featured: true,
      _updatedDate: 2026-04-08T16:53:03.361Z,
      slug: 'cockpit-country-adventure',
      gallery: 'https://example.com/images/amazon1.jpg, https://example.com/images/amazon2.jpg, https://example.com/images/amazon3.jpg',
      startingPrice: 1699,
      isActive: true,
      title: 'Cockpit Country Adventure'
    }
  ],
  currentPage: undefined,
  collectionName: 'Tours',
  skipNumber: 0,
  totalCount: undefined,
  allowOffsetBackwards: false
}
Fetched tours: c6 {
  paging: { count: 4, tooManyToCount: false, cursors: {}, hasNext: false },
  fetch: [Function: f],
  items: [
    {
      heroImage: 'wix:image://v1/a1ae4f_eb28a320baff472c9ebf7c55ab0f227e~mv2.jpg/Rio_Grande_Rafting_1_GemsofJA_715ce722-66e6-475d-abbf-3dd5891fb1d0.jpg#originWidth=1200&originHeight=800',
      _id: 'e1834332-fa03-4a8d-b36e-549100e51703',
      _owner: 'a1ae4f3f-facc-427d-8c62-ac7bce9f8f00',
      _createdDate: 2026-04-02T04:53:21.857Z,
      featured: true,
      _updatedDate: 2026-04-08T17:33:25.374Z,
      slug: 'river-wonder-tour',
      startingPrice: 1500,
      isActive: true,
      title: 'River Wonder Tour'
    },
    {
      heroImage: 'wix:image://v1/a1ae4f_5d46a313528a4145becfd5b0c66a27ce~mv2.jpg/0627c062-bd49-4eb2-a168-f63353d10cb3.jpg#originWidth=3840&originHeight=2160',
      _id: '95352040-478b-4162-a26e-fdf00863809d',
      _owner: 'a1ae4f3f-facc-427d-8c62-ac7bce9f8f00',
      _createdDate: 2026-04-01T04:02:47.804Z,
      featured: false,
      _updatedDate: 2026-04-08T17:30:56.070Z,
      slug: 'ocean-love',
      startingPrice: 1050,
      isActive: true,
      title: 'Ocean Love'
    },
    {
      heroImage: 'wix:image://v1/a1ae4f_e3305b5a0d984978b179656f05922b31~mv2.jpg/The-start-if-a-Jamaic-day.jpg#originWidth=4041&originHeight=3031',
      _id: '7127ba34-74b6-476c-8f52-24397821cdc3',
      _owner: 'a1ae4f3f-facc-427d-8c62-ac7bce9f8f00',
      _createdDate: 2026-04-01T02:59:42.350Z,
      featured: true,
      _updatedDate: 2026-04-08T17:30:21.911Z,
      slug: 'mountain-thrill',
      startingPrice: 1250,
      isActive: true,
      title: 'Mountain Thrill'
    },
    {
      heroImage: 'wix:image://v1/11062b_51d84f5dac0d4155a4ad2c7e8a7f7e4b~mv2.jpg/Lush%20Green%20Hills.jpg#originWidth=4556&originHeight=2564',
      _id: 'bb4ccec1-6024-45b2-83bc-e755cef6c8c5',
      _owner: 'a1ae4f3f-facc-427d-8c62-ac7bce9f8f00',
      _createdDate: 2026-03-11T07:52:02.366Z,
      featured: true,
      _updatedDate: 2026-04-08T16:53:03.361Z,
      slug: 'cockpit-country-adventure',
      gallery: 'https://example.com/images/amazon1.jpg, https://example.com/images/amazon2.jpg, https://example.com/images/amazon3.jpg',
      startingPrice: 1699,
      isActive: true,
      title: 'Cockpit Country Adventure'
    }
  ],
  currentPage: undefined,
  collectionName: 'Tours',
  skipNumber: 0,
  totalCount: undefined,
  allowOffsetBackwards: false
}
Fetched tours: c6 {
  paging: { count: 4, tooManyToCount: false, cursors: {}, hasNext: false },
  fetch: [Function: f],
  items: [
    {
      heroImage: 'wix:image://v1/a1ae4f_eb28a320baff472c9ebf7c55ab0f227e~mv2.jpg/Rio_Grande_Rafting_1_GemsofJA_715ce722-66e6-475d-abbf-3dd5891fb1d0.jpg#originWidth=1200&originHeight=800',
      _id: 'e1834332-fa03-4a8d-b36e-549100e51703',
      _owner: 'a1ae4f3f-facc-427d-8c62-ac7bce9f8f00',
      _createdDate: 2026-04-02T04:53:21.857Z,
      featured: true,
      _updatedDate: 2026-04-08T17:33:25.374Z,
      slug: 'river-wonder-tour',
      startingPrice: 1500,
      isActive: true,
      title: 'River Wonder Tour'
    },
    {
      heroImage: 'wix:image://v1/a1ae4f_5d46a313528a4145becfd5b0c66a27ce~mv2.jpg/0627c062-bd49-4eb2-a168-f63353d10cb3.jpg#originWidth=3840&originHeight=2160',
      _id: '95352040-478b-4162-a26e-fdf00863809d',
      _owner: 'a1ae4f3f-facc-427d-8c62-ac7bce9f8f00',
      _createdDate: 2026-04-01T04:02:47.804Z,
      featured: false,
      _updatedDate: 2026-04-08T17:30:56.070Z,
      slug: 'ocean-love',
      startingPrice: 1050,
      isActive: true,
      title: 'Ocean Love'
    },
    {
      heroImage: 'wix:image://v1/a1ae4f_e3305b5a0d984978b179656f05922b31~mv2.jpg/The-start-if-a-Jamaic-day.jpg#originWidth=4041&originHeight=3031',
      _id: '7127ba34-74b6-476c-8f52-24397821cdc3',
      _owner: 'a1ae4f3f-facc-427d-8c62-ac7bce9f8f00',
      _createdDate: 2026-04-01T02:59:42.350Z,
      featured: true,
      _updatedDate: 2026-04-08T17:30:21.911Z,
      slug: 'mountain-thrill',
      startingPrice: 1250,
      isActive: true,
      title: 'Mountain Thrill'
    },
    {
      heroImage: 'wix:image://v1/11062b_51d84f5dac0d4155a4ad2c7e8a7f7e4b~mv2.jpg/Lush%20Green%20Hills.jpg#originWidth=4556&originHeight=2564',
      _id: 'bb4ccec1-6024-45b2-83bc-e755cef6c8c5',
      _owner: 'a1ae4f3f-facc-427d-8c62-ac7bce9f8f00',
      _createdDate: 2026-03-11T07:52:02.366Z,
      featured: true,
      _updatedDate: 2026-04-08T16:53:03.361Z,
      slug: 'cockpit-country-adventure',
      gallery: 'https://example.com/images/amazon1.jpg, https://example.com/images/amazon2.jpg, https://example.com/images/amazon3.jpg',
      startingPrice: 1699,
      isActive: true,
      title: 'Cockpit Country Adventure'
    }
  ],
  currentPage: undefined,
  collectionName: 'Tours',
  skipNumber: 0,
  totalCount: undefined,
  allowOffsetBackwards: false
}
c5 {
  eq: [Function (anonymous)],
  ne: [Function (anonymous)],
  ge: [Function (anonymous)],
  gt: [Function (anonymous)],
  gte: [Function (anonymous)],
  le: [Function (anonymous)],
  lt: [Function (anonymous)],
  lte: [Function (anonymous)],
  isNotEmpty: [Function (anonymous)],
  isEmpty: [Function (anonymous)],
  startsWith: [Function (anonymous)],
  endsWith: [Function (anonymous)],
  contains: [Function (anonymous)],
  hasSome: [Function (anonymous)],
  in: [Function (anonymous)],
  hasAll: [Function (anonymous)],
  exists: [Function (anonymous)],
  or: [Function (anonymous)],
  and: [Function (anonymous)],
  not: [Function (anonymous)],
  between: [Function (anonymous)],
  collectionName: 'Tours',
  filterBuilder: cX {
    filterTree: {},
    invalidArguments: [],
    encoder: [Function: cT],
    validateCollectionName: false
  },
  sort: c3 { orderBy: [], invalidArguments: [] },
  projectedFields: [],
  limitNumber: undefined,
  skipNumber: 0,
  included: [],
  onFind: [AsyncFunction: onFind],
  onDistinct: [AsyncFunction: onDistinct],
  onCount: [AsyncFunction: onCount],
  ownInvalidArguments: [],
  randomSortOptions: undefined,
  fieldGroups: []
}
c5 {
  eq: [Function (anonymous)],
  ne: [Function (anonymous)],
  ge: [Function (anonymous)],
  gt: [Function (anonymous)],
  gte: [Function (anonymous)],
  le: [Function (anonymous)],
  lt: [Function (anonymous)],
  lte: [Function (anonymous)],
  isNotEmpty: [Function (anonymous)],
  isEmpty: [Function (anonymous)],
  startsWith: [Function (anonymous)],
  endsWith: [Function (anonymous)],
  contains: [Function (anonymous)],
  hasSome: [Function (anonymous)],
  in: [Function (anonymous)],
  hasAll: [Function (anonymous)],
  exists: [Function (anonymous)],
  or: [Function (anonymous)],
  and: [Function (anonymous)],
  not: [Function (anonymous)],
  between: [Function (anonymous)],
  collectionName: 'Tours',
  filterBuilder: cX {
    filterTree: {},
    invalidArguments: [],
    encoder: [Function: cT],
    validateCollectionName: false
  },
  sort: c3 { orderBy: [], invalidArguments: [] },
  projectedFields: [],
  limitNumber: undefined,
  skipNumber: 0,
  included: [],
  onFind: [AsyncFunction: onFind],
  onDistinct: [AsyncFunction: onDistinct],
  onCount: [AsyncFunction: onCount],
  ownInvalidArguments: [],
  randomSortOptions: undefined,
  fieldGroups: []
}
c5 {
  eq: [Function (anonymous)],
  ne: [Function (anonymous)],
  ge: [Function (anonymous)],
  gt: [Function (anonymous)],
  gte: [Function (anonymous)],
  le: [Function (anonymous)],
  lt: [Function (anonymous)],
  lte: [Function (anonymous)],
  isNotEmpty: [Function (anonymous)],
  isEmpty: [Function (anonymous)],
  startsWith: [Function (anonymous)],
  endsWith: [Function (anonymous)],
  contains: [Function (anonymous)],
  hasSome: [Function (anonymous)],
  in: [Function (anonymous)],
  hasAll: [Function (anonymous)],
  exists: [Function (anonymous)],
  or: [Function (anonymous)],
  and: [Function (anonymous)],
  not: [Function (anonymous)],
  between: [Function (anonymous)],
  collectionName: 'Tours',
  filterBuilder: cX {
    filterTree: {},
    invalidArguments: [],
    encoder: [Function: cT],
    validateCollectionName: false
  },
  sort: c3 { orderBy: [], invalidArguments: [] },
  projectedFields: [],
  limitNumber: undefined,
  skipNumber: 0,
  included: [],
  onFind: [AsyncFunction: onFind],
  onDistinct: [AsyncFunction: onDistinct],
  onCount: [AsyncFunction: onCount],
  ownInvalidArguments: [],
  randomSortOptions: undefined,
  fieldGroups: []
}
c5 {
  eq: [Function (anonymous)],
  ne: [Function (anonymous)],
  ge: [Function (anonymous)],
  gt: [Function (anonymous)],
  gte: [Function (anonymous)],
  le: [Function (anonymous)],
  lt: [Function (anonymous)],
  lte: [Function (anonymous)],
  isNotEmpty: [Function (anonymous)],
  isEmpty: [Function (anonymous)],
  startsWith: [Function (anonymous)],
  endsWith: [Function (anonymous)],
  contains: [Function (anonymous)],
  hasSome: [Function (anonymous)],
  in: [Function (anonymous)],
  hasAll: [Function (anonymous)],
  exists: [Function (anonymous)],
  or: [Function (anonymous)],
  and: [Function (anonymous)],
  not: [Function (anonymous)],
  between: [Function (anonymous)],
  collectionName: 'Tours',
  filterBuilder: cX {
    filterTree: {},
    invalidArguments: [],
    encoder: [Function: cT],
    validateCollectionName: false
  },
  sort: c3 { orderBy: [], invalidArguments: [] },
  projectedFields: [],
  limitNumber: undefined,
  skipNumber: 0,
  included: [],
  onFind: [AsyncFunction: onFind],
  onDistinct: [AsyncFunction: onDistinct],
  onCount: [AsyncFunction: onCount],
  ownInvalidArguments: [],
  randomSortOptions: undefined,
  fieldGroups: []
}
c5 {
  eq: [Function (anonymous)],
  ne: [Function (anonymous)],
  ge: [Function (anonymous)],
  gt: [Function (anonymous)],
  gte: [Function (anonymous)],
  le: [Function (anonymous)],
  lt: [Function (anonymous)],
  lte: [Function (anonymous)],
  isNotEmpty: [Function (anonymous)],
  isEmpty: [Function (anonymous)],
  startsWith: [Function (anonymous)],
  endsWith: [Function (anonymous)],
  contains: [Function (anonymous)],
  hasSome: [Function (anonymous)],
  in: [Function (anonymous)],
  hasAll: [Function (anonymous)],
  exists: [Function (anonymous)],
  or: [Function (anonymous)],
  and: [Function (anonymous)],
  not: [Function (anonymous)],
  between: [Function (anonymous)],
  collectionName: 'Tours',
  filterBuilder: cX {
    filterTree: {},
    invalidArguments: [],
    encoder: [Function: cT],
    validateCollectionName: false
  },
  sort: c3 { orderBy: [], invalidArguments: [] },
  projectedFields: [],
  limitNumber: undefined,
  skipNumber: 0,
  included: [],
  onFind: [AsyncFunction: onFind],
  onDistinct: [AsyncFunction: onDistinct],
  onCount: [AsyncFunction: onCount],
  ownInvalidArguments: [],
  randomSortOptions: undefined,
  fieldGroups: []
}
c5 {
  eq: [Function (anonymous)],
  ne: [Function (anonymous)],
  ge: [Function (anonymous)],
  gt: [Function (anonymous)],
  gte: [Function (anonymous)],
  le: [Function (anonymous)],
  lt: [Function (anonymous)],
  lte: [Function (anonymous)],
  isNotEmpty: [Function (anonymous)],
  isEmpty: [Function (anonymous)],
  startsWith: [Function (anonymous)],
  endsWith: [Function (anonymous)],
  contains: [Function (anonymous)],
  hasSome: [Function (anonymous)],
  in: [Function (anonymous)],
  hasAll: [Function (anonymous)],
  exists: [Function (anonymous)],
  or: [Function (anonymous)],
  and: [Function (anonymous)],
  not: [Function (anonymous)],
  between: [Function (anonymous)],
  collectionName: 'Tours',
  filterBuilder: cX {
    filterTree: {},
    invalidArguments: [],
    encoder: [Function: cT],
    validateCollectionName: false
  },
  sort: c3 { orderBy: [], invalidArguments: [] },
  projectedFields: [],
  limitNumber: undefined,
  skipNumber: 0,
  included: [],
  onFind: [AsyncFunction: onFind],
  onDistinct: [AsyncFunction: onDistinct],
  onCount: [AsyncFunction: onCount],
  ownInvalidArguments: [],
  randomSortOptions: undefined,
  fieldGroups: []
}
c5 {
  eq: [Function (anonymous)],
  ne: [Function (anonymous)],
  ge: [Function (anonymous)],
  gt: [Function (anonymous)],
  gte: [Function (anonymous)],
  le: [Function (anonymous)],
  lt: [Function (anonymous)],
  lte: [Function (anonymous)],
  isNotEmpty: [Function (anonymous)],
  isEmpty: [Function (anonymous)],
  startsWith: [Function (anonymous)],
  endsWith: [Function (anonymous)],
  contains: [Function (anonymous)],
  hasSome: [Function (anonymous)],
  in: [Function (anonymous)],
  hasAll: [Function (anonymous)],
  exists: [Function (anonymous)],
  or: [Function (anonymous)],
  and: [Function (anonymous)],
  not: [Function (anonymous)],
  between: [Function (anonymous)],
  collectionName: 'Tours',
  filterBuilder: cX {
    filterTree: {},
    invalidArguments: [],
    encoder: [Function: cT],
    validateCollectionName: false
  },
  sort: c3 { orderBy: [], invalidArguments: [] },
  projectedFields: [],
  limitNumber: undefined,
  skipNumber: 0,
  included: [],
  onFind: [AsyncFunction: onFind],
  onDistinct: [AsyncFunction: onDistinct],
  onCount: [AsyncFunction: onCount],
  ownInvalidArguments: [],
  randomSortOptions: undefined,
  fieldGroups: []
}
Fetched tours: c6 {
  paging: { count: 4, tooManyToCount: false, cursors: {}, hasNext: false },
  fetch: [Function: f],
  items: [
    {
      heroImage: 'wix:image://v1/a1ae4f_eb28a320baff472c9ebf7c55ab0f227e~mv2.jpg/Rio_Grande_Rafting_1_GemsofJA_715ce722-66e6-475d-abbf-3dd5891fb1d0.jpg#originWidth=1200&originHeight=800',
      _id: 'e1834332-fa03-4a8d-b36e-549100e51703',
      _owner: 'a1ae4f3f-facc-427d-8c62-ac7bce9f8f00',
      _createdDate: 2026-04-02T04:53:21.857Z,
      featured: true,
      _updatedDate: 2026-04-08T17:33:25.374Z,
      slug: 'river-wonder-tour',
      startingPrice: 1500,
      isActive: true,
      title: 'River Wonder Tour'
    },
    {
      heroImage: 'wix:image://v1/a1ae4f_5d46a313528a4145becfd5b0c66a27ce~mv2.jpg/0627c062-bd49-4eb2-a168-f63353d10cb3.jpg#originWidth=3840&originHeight=2160',
      _id: '95352040-478b-4162-a26e-fdf00863809d',
      _owner: 'a1ae4f3f-facc-427d-8c62-ac7bce9f8f00',
      _createdDate: 2026-04-01T04:02:47.804Z,
      featured: false,
      _updatedDate: 2026-04-08T17:30:56.070Z,
      slug: 'ocean-love',
      startingPrice: 1050,
      isActive: true,
      title: 'Ocean Love'
    },
    {
      heroImage: 'wix:image://v1/a1ae4f_e3305b5a0d984978b179656f05922b31~mv2.jpg/The-start-if-a-Jamaic-day.jpg#originWidth=4041&originHeight=3031',
      _id: '7127ba34-74b6-476c-8f52-24397821cdc3',
      _owner: 'a1ae4f3f-facc-427d-8c62-ac7bce9f8f00',
      _createdDate: 2026-04-01T02:59:42.350Z,
      featured: true,
      _updatedDate: 2026-04-08T17:30:21.911Z,
      slug: 'mountain-thrill',
      startingPrice: 1250,
      isActive: true,
      title: 'Mountain Thrill'
    },
    {
      heroImage: 'wix:image://v1/11062b_51d84f5dac0d4155a4ad2c7e8a7f7e4b~mv2.jpg/Lush%20Green%20Hills.jpg#originWidth=4556&originHeight=2564',
      _id: 'bb4ccec1-6024-45b2-83bc-e755cef6c8c5',
      _owner: 'a1ae4f3f-facc-427d-8c62-ac7bce9f8f00',
      _createdDate: 2026-03-11T07:52:02.366Z,
      featured: true,
      _updatedDate: 2026-04-08T16:53:03.361Z,
      slug: 'cockpit-country-adventure',
      gallery: 'https://example.com/images/amazon1.jpg, https://example.com/images/amazon2.jpg, https://example.com/images/amazon3.jpg',
      startingPrice: 1699,
      isActive: true,
      title: 'Cockpit Country Adventure'
    }
  ],
  currentPage: undefined,
  collectionName: 'Tours',
  skipNumber: 0,
  totalCount: undefined,
  allowOffsetBackwards: false
}
Fetched tours: c6 {
  paging: { count: 4, tooManyToCount: false, cursors: {}, hasNext: false },
  fetch: [Function: f],
  items: [
    {
      heroImage: 'wix:image://v1/a1ae4f_eb28a320baff472c9ebf7c55ab0f227e~mv2.jpg/Rio_Grande_Rafting_1_GemsofJA_715ce722-66e6-475d-abbf-3dd5891fb1d0.jpg#originWidth=1200&originHeight=800',
      _id: 'e1834332-fa03-4a8d-b36e-549100e51703',
      _owner: 'a1ae4f3f-facc-427d-8c62-ac7bce9f8f00',
      _createdDate: 2026-04-02T04:53:21.857Z,
      featured: true,
      _updatedDate: 2026-04-08T17:33:25.374Z,
      slug: 'river-wonder-tour',
      startingPrice: 1500,
      isActive: true,
      title: 'River Wonder Tour'
    },
    {
      heroImage: 'wix:image://v1/a1ae4f_5d46a313528a4145becfd5b0c66a27ce~mv2.jpg/0627c062-bd49-4eb2-a168-f63353d10cb3.jpg#originWidth=3840&originHeight=2160',
      _id: '95352040-478b-4162-a26e-fdf00863809d',
      _owner: 'a1ae4f3f-facc-427d-8c62-ac7bce9f8f00',
      _createdDate: 2026-04-01T04:02:47.804Z,
      featured: false,
      _updatedDate: 2026-04-08T17:30:56.070Z,
      slug: 'ocean-love',
      startingPrice: 1050,
      isActive: true,
      title: 'Ocean Love'
    },
    {
      heroImage: 'wix:image://v1/a1ae4f_e3305b5a0d984978b179656f05922b31~mv2.jpg/The-start-if-a-Jamaic-day.jpg#originWidth=4041&originHeight=3031',
      _id: '7127ba34-74b6-476c-8f52-24397821cdc3',
      _owner: 'a1ae4f3f-facc-427d-8c62-ac7bce9f8f00',
      _createdDate: 2026-04-01T02:59:42.350Z,
      featured: true,
      _updatedDate: 2026-04-08T17:30:21.911Z,
      slug: 'mountain-thrill',
      startingPrice: 1250,
      isActive: true,
      title: 'Mountain Thrill'
    },
    {
      heroImage: 'wix:image://v1/11062b_51d84f5dac0d4155a4ad2c7e8a7f7e4b~mv2.jpg/Lush%20Green%20Hills.jpg#originWidth=4556&originHeight=2564',
      _id: 'bb4ccec1-6024-45b2-83bc-e755cef6c8c5',
      _owner: 'a1ae4f3f-facc-427d-8c62-ac7bce9f8f00',
      _createdDate: 2026-03-11T07:52:02.366Z,
      featured: true,
      _updatedDate: 2026-04-08T16:53:03.361Z,
      slug: 'cockpit-country-adventure',
      gallery: 'https://example.com/images/amazon1.jpg, https://example.com/images/amazon2.jpg, https://example.com/images/amazon3.jpg',
      startingPrice: 1699,
      isActive: true,
      title: 'Cockpit Country Adventure'
    }
  ],
  currentPage: undefined,
  collectionName: 'Tours',
  skipNumber: 0,
  totalCount: undefined,
  allowOffsetBackwards: false
}
Fetched tours: c6 {
  paging: { count: 4, tooManyToCount: false, cursors: {}, hasNext: false },
  fetch: [Function: f],
  items: [
    {
      heroImage: 'wix:image://v1/a1ae4f_eb28a320baff472c9ebf7c55ab0f227e~mv2.jpg/Rio_Grande_Rafting_1_GemsofJA_715ce722-66e6-475d-abbf-3dd5891fb1d0.jpg#originWidth=1200&originHeight=800',
      _id: 'e1834332-fa03-4a8d-b36e-549100e51703',
      _owner: 'a1ae4f3f-facc-427d-8c62-ac7bce9f8f00',
      _createdDate: 2026-04-02T04:53:21.857Z,
      featured: true,
      _updatedDate: 2026-04-08T17:33:25.374Z,
      slug: 'river-wonder-tour',
      startingPrice: 1500,
      isActive: true,
      title: 'River Wonder Tour'
    },
    {
      heroImage: 'wix:image://v1/a1ae4f_5d46a313528a4145becfd5b0c66a27ce~mv2.jpg/0627c062-bd49-4eb2-a168-f63353d10cb3.jpg#originWidth=3840&originHeight=2160',
      _id: '95352040-478b-4162-a26e-fdf00863809d',
      _owner: 'a1ae4f3f-facc-427d-8c62-ac7bce9f8f00',
      _createdDate: 2026-04-01T04:02:47.804Z,
      featured: false,
      _updatedDate: 2026-04-08T17:30:56.070Z,
      slug: 'ocean-love',
      startingPrice: 1050,
      isActive: true,
      title: 'Ocean Love'
    },
    {
      heroImage: 'wix:image://v1/a1ae4f_e3305b5a0d984978b179656f05922b31~mv2.jpg/The-start-if-a-Jamaic-day.jpg#originWidth=4041&originHeight=3031',
      _id: '7127ba34-74b6-476c-8f52-24397821cdc3',
      _owner: 'a1ae4f3f-facc-427d-8c62-ac7bce9f8f00',
      _createdDate: 2026-04-01T02:59:42.350Z,
      featured: true,
      _updatedDate: 2026-04-08T17:30:21.911Z,
      slug: 'mountain-thrill',
      startingPrice: 1250,
      isActive: true,
      title: 'Mountain Thrill'
    },
    {
      heroImage: 'wix:image://v1/11062b_51d84f5dac0d4155a4ad2c7e8a7f7e4b~mv2.jpg/Lush%20Green%20Hills.jpg#originWidth=4556&originHeight=2564',
      _id: 'bb4ccec1-6024-45b2-83bc-e755cef6c8c5',
      _owner: 'a1ae4f3f-facc-427d-8c62-ac7bce9f8f00',
      _createdDate: 2026-03-11T07:52:02.366Z,
      featured: true,
      _updatedDate: 2026-04-08T16:53:03.361Z,
      slug: 'cockpit-country-adventure',
      gallery: 'https://example.com/images/amazon1.jpg, https://example.com/images/amazon2.jpg, https://example.com/images/amazon3.jpg',
      startingPrice: 1699,
      isActive: true,
      title: 'Cockpit Country Adventure'
    }
  ],
  currentPage: undefined,
  collectionName: 'Tours',
  skipNumber: 0,
  totalCount: undefined,
  allowOffsetBackwards: false
}
Fetched tours: c6 {
  paging: { count: 4, tooManyToCount: false, cursors: {}, hasNext: false },
  fetch: [Function: f],
  items: [
    {
      heroImage: 'wix:image://v1/a1ae4f_eb28a320baff472c9ebf7c55ab0f227e~mv2.jpg/Rio_Grande_Rafting_1_GemsofJA_715ce722-66e6-475d-abbf-3dd5891fb1d0.jpg#originWidth=1200&originHeight=800',
      _id: 'e1834332-fa03-4a8d-b36e-549100e51703',
      _owner: 'a1ae4f3f-facc-427d-8c62-ac7bce9f8f00',
      _createdDate: 2026-04-02T04:53:21.857Z,
      featured: true,
      _updatedDate: 2026-04-08T17:33:25.374Z,
      slug: 'river-wonder-tour',
      startingPrice: 1500,
      isActive: true,
      title: 'River Wonder Tour'
    },
    {
      heroImage: 'wix:image://v1/a1ae4f_5d46a313528a4145becfd5b0c66a27ce~mv2.jpg/0627c062-bd49-4eb2-a168-f63353d10cb3.jpg#originWidth=3840&originHeight=2160',
      _id: '95352040-478b-4162-a26e-fdf00863809d',
      _owner: 'a1ae4f3f-facc-427d-8c62-ac7bce9f8f00',
      _createdDate: 2026-04-01T04:02:47.804Z,
      featured: false,
      _updatedDate: 2026-04-08T17:30:56.070Z,
      slug: 'ocean-love',
      startingPrice: 1050,
      isActive: true,
      title: 'Ocean Love'
    },
    {
      heroImage: 'wix:image://v1/a1ae4f_e3305b5a0d984978b179656f05922b31~mv2.jpg/The-start-if-a-Jamaic-day.jpg#originWidth=4041&originHeight=3031',
      _id: '7127ba34-74b6-476c-8f52-24397821cdc3',
      _owner: 'a1ae4f3f-facc-427d-8c62-ac7bce9f8f00',
      _createdDate: 2026-04-01T02:59:42.350Z,
      featured: true,
      _updatedDate: 2026-04-08T17:30:21.911Z,
      slug: 'mountain-thrill',
      startingPrice: 1250,
      isActive: true,
      title: 'Mountain Thrill'
    },
    {
      heroImage: 'wix:image://v1/11062b_51d84f5dac0d4155a4ad2c7e8a7f7e4b~mv2.jpg/Lush%20Green%20Hills.jpg#originWidth=4556&originHeight=2564',
      _id: 'bb4ccec1-6024-45b2-83bc-e755cef6c8c5',
      _owner: 'a1ae4f3f-facc-427d-8c62-ac7bce9f8f00',
      _createdDate: 2026-03-11T07:52:02.366Z,
      featured: true,
      _updatedDate: 2026-04-08T16:53:03.361Z,
      slug: 'cockpit-country-adventure',
      gallery: 'https://example.com/images/amazon1.jpg, https://example.com/images/amazon2.jpg, https://example.com/images/amazon3.jpg',
      startingPrice: 1699,
      isActive: true,
      title: 'Cockpit Country Adventure'
    }
  ],
  currentPage: undefined,
  collectionName: 'Tours',
  skipNumber: 0,
  totalCount: undefined,
  allowOffsetBackwards: false
}
Fetched tours: c6 {
  paging: { count: 4, tooManyToCount: false, cursors: {}, hasNext: false },
  fetch: [Function: f],
  items: [
    {
      heroImage: 'wix:image://v1/a1ae4f_eb28a320baff472c9ebf7c55ab0f227e~mv2.jpg/Rio_Grande_Rafting_1_GemsofJA_715ce722-66e6-475d-abbf-3dd5891fb1d0.jpg#originWidth=1200&originHeight=800',
      _id: 'e1834332-fa03-4a8d-b36e-549100e51703',
      _owner: 'a1ae4f3f-facc-427d-8c62-ac7bce9f8f00',
      _createdDate: 2026-04-02T04:53:21.857Z,
      featured: true,
      _updatedDate: 2026-04-08T17:33:25.374Z,
      slug: 'river-wonder-tour',
      startingPrice: 1500,
      isActive: true,
      title: 'River Wonder Tour'
    },
    {
      heroImage: 'wix:image://v1/a1ae4f_5d46a313528a4145becfd5b0c66a27ce~mv2.jpg/0627c062-bd49-4eb2-a168-f63353d10cb3.jpg#originWidth=3840&originHeight=2160',
      _id: '95352040-478b-4162-a26e-fdf00863809d',
      _owner: 'a1ae4f3f-facc-427d-8c62-ac7bce9f8f00',
      _createdDate: 2026-04-01T04:02:47.804Z,
      featured: false,
      _updatedDate: 2026-04-08T17:30:56.070Z,
      slug: 'ocean-love',
      startingPrice: 1050,
      isActive: true,
      title: 'Ocean Love'
    },
    {
      heroImage: 'wix:image://v1/a1ae4f_e3305b5a0d984978b179656f05922b31~mv2.jpg/The-start-if-a-Jamaic-day.jpg#originWidth=4041&originHeight=3031',
      _id: '7127ba34-74b6-476c-8f52-24397821cdc3',
      _owner: 'a1ae4f3f-facc-427d-8c62-ac7bce9f8f00',
      _createdDate: 2026-04-01T02:59:42.350Z,
      featured: true,
      _updatedDate: 2026-04-08T17:30:21.911Z,
      slug: 'mountain-thrill',
      startingPrice: 1250,
      isActive: true,
      title: 'Mountain Thrill'
    },
    {
      heroImage: 'wix:image://v1/11062b_51d84f5dac0d4155a4ad2c7e8a7f7e4b~mv2.jpg/Lush%20Green%20Hills.jpg#originWidth=4556&originHeight=2564',
      _id: 'bb4ccec1-6024-45b2-83bc-e755cef6c8c5',
      _owner: 'a1ae4f3f-facc-427d-8c62-ac7bce9f8f00',
      _createdDate: 2026-03-11T07:52:02.366Z,
      featured: true,
      _updatedDate: 2026-04-08T16:53:03.361Z,
      slug: 'cockpit-country-adventure',
      gallery: 'https://example.com/images/amazon1.jpg, https://example.com/images/amazon2.jpg, https://example.com/images/amazon3.jpg',
      startingPrice: 1699,
      isActive: true,
      title: 'Cockpit Country Adventure'
    }
  ],
  currentPage: undefined,
  collectionName: 'Tours',
  skipNumber: 0,
  totalCount: undefined,
  allowOffsetBackwards: false
}
Fetched tours: c6 {
  paging: { count: 4, tooManyToCount: false, cursors: {}, hasNext: false },
  fetch: [Function: f],
  items: [
    {
      heroImage: 'wix:image://v1/a1ae4f_eb28a320baff472c9ebf7c55ab0f227e~mv2.jpg/Rio_Grande_Rafting_1_GemsofJA_715ce722-66e6-475d-abbf-3dd5891fb1d0.jpg#originWidth=1200&originHeight=800',
      _id: 'e1834332-fa03-4a8d-b36e-549100e51703',
      _owner: 'a1ae4f3f-facc-427d-8c62-ac7bce9f8f00',
      _createdDate: 2026-04-02T04:53:21.857Z,
      featured: true,
      _updatedDate: 2026-04-08T17:33:25.374Z,
      slug: 'river-wonder-tour',
      startingPrice: 1500,
      isActive: true,
      title: 'River Wonder Tour'
    },
    {
      heroImage: 'wix:image://v1/a1ae4f_5d46a313528a4145becfd5b0c66a27ce~mv2.jpg/0627c062-bd49-4eb2-a168-f63353d10cb3.jpg#originWidth=3840&originHeight=2160',
      _id: '95352040-478b-4162-a26e-fdf00863809d',
      _owner: 'a1ae4f3f-facc-427d-8c62-ac7bce9f8f00',
      _createdDate: 2026-04-01T04:02:47.804Z,
      featured: false,
      _updatedDate: 2026-04-08T17:30:56.070Z,
      slug: 'ocean-love',
      startingPrice: 1050,
      isActive: true,
      title: 'Ocean Love'
    },
    {
      heroImage: 'wix:image://v1/a1ae4f_e3305b5a0d984978b179656f05922b31~mv2.jpg/The-start-if-a-Jamaic-day.jpg#originWidth=4041&originHeight=3031',
      _id: '7127ba34-74b6-476c-8f52-24397821cdc3',
      _owner: 'a1ae4f3f-facc-427d-8c62-ac7bce9f8f00',
      _createdDate: 2026-04-01T02:59:42.350Z,
      featured: true,
      _updatedDate: 2026-04-08T17:30:21.911Z,
      slug: 'mountain-thrill',
      startingPrice: 1250,
      isActive: true,
      title: 'Mountain Thrill'
    },
    {
      heroImage: 'wix:image://v1/11062b_51d84f5dac0d4155a4ad2c7e8a7f7e4b~mv2.jpg/Lush%20Green%20Hills.jpg#originWidth=4556&originHeight=2564',
      _id: 'bb4ccec1-6024-45b2-83bc-e755cef6c8c5',
      _owner: 'a1ae4f3f-facc-427d-8c62-ac7bce9f8f00',
      _createdDate: 2026-03-11T07:52:02.366Z,
      featured: true,
      _updatedDate: 2026-04-08T16:53:03.361Z,
      slug: 'cockpit-country-adventure',
      gallery: 'https://example.com/images/amazon1.jpg, https://example.com/images/amazon2.jpg, https://example.com/images/amazon3.jpg',
      startingPrice: 1699,
      isActive: true,
      title: 'Cockpit Country Adventure'
    }
  ],
  currentPage: undefined,
  collectionName: 'Tours',
  skipNumber: 0,
  totalCount: undefined,
  allowOffsetBackwards: false
}
  Generating static pages using 15 workers (67/90) 
Fetched tours: c6 {
  paging: { count: 4, tooManyToCount: false, cursors: {}, hasNext: false },
  fetch: [Function: f],
  items: [
    {
      heroImage: 'wix:image://v1/a1ae4f_eb28a320baff472c9ebf7c55ab0f227e~mv2.jpg/Rio_Grande_Rafting_1_GemsofJA_715ce722-66e6-475d-abbf-3dd5891fb1d0.jpg#originWidth=1200&originHeight=800',
      _id: 'e1834332-fa03-4a8d-b36e-549100e51703',
      _owner: 'a1ae4f3f-facc-427d-8c62-ac7bce9f8f00',
      _createdDate: 2026-04-02T04:53:21.857Z,
      featured: true,
      _updatedDate: 2026-04-08T17:33:25.374Z,
      slug: 'river-wonder-tour',
      startingPrice: 1500,
      isActive: true,
      title: 'River Wonder Tour'
    },
    {
      heroImage: 'wix:image://v1/a1ae4f_5d46a313528a4145becfd5b0c66a27ce~mv2.jpg/0627c062-bd49-4eb2-a168-f63353d10cb3.jpg#originWidth=3840&originHeight=2160',
      _id: '95352040-478b-4162-a26e-fdf00863809d',
      _owner: 'a1ae4f3f-facc-427d-8c62-ac7bce9f8f00',
      _createdDate: 2026-04-01T04:02:47.804Z,
      featured: false,
      _updatedDate: 2026-04-08T17:30:56.070Z,
      slug: 'ocean-love',
      startingPrice: 1050,
      isActive: true,
      title: 'Ocean Love'
    },
    {
      heroImage: 'wix:image://v1/a1ae4f_e3305b5a0d984978b179656f05922b31~mv2.jpg/The-start-if-a-Jamaic-day.jpg#originWidth=4041&originHeight=3031',
      _id: '7127ba34-74b6-476c-8f52-24397821cdc3',
      _owner: 'a1ae4f3f-facc-427d-8c62-ac7bce9f8f00',
      _createdDate: 2026-04-01T02:59:42.350Z,
      featured: true,
      _updatedDate: 2026-04-08T17:30:21.911Z,
      slug: 'mountain-thrill',
      startingPrice: 1250,
      isActive: true,
      title: 'Mountain Thrill'
    },
    {
      heroImage: 'wix:image://v1/11062b_51d84f5dac0d4155a4ad2c7e8a7f7e4b~mv2.jpg/Lush%20Green%20Hills.jpg#originWidth=4556&originHeight=2564',
      _id: 'bb4ccec1-6024-45b2-83bc-e755cef6c8c5',
      _owner: 'a1ae4f3f-facc-427d-8c62-ac7bce9f8f00',
      _createdDate: 2026-03-11T07:52:02.366Z,
      featured: true,
      _updatedDate: 2026-04-08T16:53:03.361Z,
      slug: 'cockpit-country-adventure',
      gallery: 'https://example.com/images/amazon1.jpg, https://example.com/images/amazon2.jpg, https://example.com/images/amazon3.jpg',
      startingPrice: 1699,
      isActive: true,
      title: 'Cockpit Country Adventure'
    }
  ],
  currentPage: undefined,
  collectionName: 'Tours',
  skipNumber: 0,
  totalCount: undefined,
  allowOffsetBackwards: false
}
c5 {
  eq: [Function (anonymous)],
  ne: [Function (anonymous)],
  ge: [Function (anonymous)],
  gt: [Function (anonymous)],
  gte: [Function (anonymous)],
  le: [Function (anonymous)],
  lt: [Function (anonymous)],
  lte: [Function (anonymous)],
  isNotEmpty: [Function (anonymous)],
  isEmpty: [Function (anonymous)],
  startsWith: [Function (anonymous)],
  endsWith: [Function (anonymous)],
  contains: [Function (anonymous)],
  hasSome: [Function (anonymous)],
  in: [Function (anonymous)],
  hasAll: [Function (anonymous)],
  exists: [Function (anonymous)],
  or: [Function (anonymous)],
  and: [Function (anonymous)],
  not: [Function (anonymous)],
  between: [Function (anonymous)],
  collectionName: 'Tours',
  filterBuilder: cX {
    filterTree: {},
    invalidArguments: [],
    encoder: [Function: cT],
    validateCollectionName: false
  },
  sort: c3 { orderBy: [], invalidArguments: [] },
  projectedFields: [],
  limitNumber: undefined,
  skipNumber: 0,
  included: [],
  onFind: [AsyncFunction: onFind],
  onDistinct: [AsyncFunction: onDistinct],
  onCount: [AsyncFunction: onCount],
  ownInvalidArguments: [],
  randomSortOptions: undefined,
  fieldGroups: []
}
Fetched tours: c6 {
  paging: { count: 4, tooManyToCount: false, cursors: {}, hasNext: false },
  fetch: [Function: f],
  items: [
    {
      heroImage: 'wix:image://v1/a1ae4f_eb28a320baff472c9ebf7c55ab0f227e~mv2.jpg/Rio_Grande_Rafting_1_GemsofJA_715ce722-66e6-475d-abbf-3dd5891fb1d0.jpg#originWidth=1200&originHeight=800',
      _id: 'e1834332-fa03-4a8d-b36e-549100e51703',
      _owner: 'a1ae4f3f-facc-427d-8c62-ac7bce9f8f00',
      _createdDate: 2026-04-02T04:53:21.857Z,
      featured: true,
      _updatedDate: 2026-04-08T17:33:25.374Z,
      slug: 'river-wonder-tour',
      startingPrice: 1500,
      isActive: true,
      title: 'River Wonder Tour'
    },
    {
      heroImage: 'wix:image://v1/a1ae4f_5d46a313528a4145becfd5b0c66a27ce~mv2.jpg/0627c062-bd49-4eb2-a168-f63353d10cb3.jpg#originWidth=3840&originHeight=2160',
      _id: '95352040-478b-4162-a26e-fdf00863809d',
      _owner: 'a1ae4f3f-facc-427d-8c62-ac7bce9f8f00',
      _createdDate: 2026-04-01T04:02:47.804Z,
      featured: false,
      _updatedDate: 2026-04-08T17:30:56.070Z,
      slug: 'ocean-love',
      startingPrice: 1050,
      isActive: true,
      title: 'Ocean Love'
    },
    {
      heroImage: 'wix:image://v1/a1ae4f_e3305b5a0d984978b179656f05922b31~mv2.jpg/The-start-if-a-Jamaic-day.jpg#originWidth=4041&originHeight=3031',
      _id: '7127ba34-74b6-476c-8f52-24397821cdc3',
      _owner: 'a1ae4f3f-facc-427d-8c62-ac7bce9f8f00',
      _createdDate: 2026-04-01T02:59:42.350Z,
      featured: true,
      _updatedDate: 2026-04-08T17:30:21.911Z,
      slug: 'mountain-thrill',
      startingPrice: 1250,
      isActive: true,
      title: 'Mountain Thrill'
    },
    {
      heroImage: 'wix:image://v1/11062b_51d84f5dac0d4155a4ad2c7e8a7f7e4b~mv2.jpg/Lush%20Green%20Hills.jpg#originWidth=4556&originHeight=2564',
      _id: 'bb4ccec1-6024-45b2-83bc-e755cef6c8c5',
      _owner: 'a1ae4f3f-facc-427d-8c62-ac7bce9f8f00',
      _createdDate: 2026-03-11T07:52:02.366Z,
      featured: true,
      _updatedDate: 2026-04-08T16:53:03.361Z,
      slug: 'cockpit-country-adventure',
      gallery: 'https://example.com/images/amazon1.jpg, https://example.com/images/amazon2.jpg, https://example.com/images/amazon3.jpg',
      startingPrice: 1699,
      isActive: true,
      title: 'Cockpit Country Adventure'
    }
  ],
  currentPage: undefined,
  collectionName: 'Tours',
  skipNumber: 0,
  totalCount: undefined,
  allowOffsetBackwards: false
}
No tour found with status=published for slug: mountain-thrill
No tour found with status=published for slug: mountain-thrill
No tour found with status=published for slug: cockpit-country-adventure
No tour found with status=published for slug: cockpit-country-adventure
No tour found with status=published for slug: river-wonder-tour
No tour found with status=published for slug: river-wonder-tour
No tour found with status=published for slug: ocean-love
No tour found with status=published for slug: ocean-love
Tour fallback result: c6 {
  paging: {
    count: 1,
    offset: 0,
    tooManyToCount: false,
    cursors: {},
    hasNext: false
  },
  fetch: [Function: f],
  items: [
    {
      heroImage: 'wix:image://v1/a1ae4f_e3305b5a0d984978b179656f05922b31~mv2.jpg/The-start-if-a-Jamaic-day.jpg#originWidth=4041&originHeight=3031',
      _id: '7127ba34-74b6-476c-8f52-24397821cdc3',
      _owner: 'a1ae4f3f-facc-427d-8c62-ac7bce9f8f00',
      _createdDate: 2026-04-01T02:59:42.350Z,
      featured: true,
      _updatedDate: 2026-04-08T17:30:21.911Z,
      slug: 'mountain-thrill',
      startingPrice: 1250,
      isActive: true,
      title: 'Mountain Thrill'
    }
  ],
  currentPage: 0,
  collectionName: 'Tours',
  skipNumber: 0,
  totalCount: undefined,
  allowOffsetBackwards: false,
  pageSize: 1
}
Tour fallback result: c6 {
  paging: {
    count: 1,
    offset: 0,
    tooManyToCount: false,
    cursors: {},
    hasNext: false
  },
  fetch: [Function: f],
  items: [
    {
      heroImage: 'wix:image://v1/a1ae4f_e3305b5a0d984978b179656f05922b31~mv2.jpg/The-start-if-a-Jamaic-day.jpg#originWidth=4041&originHeight=3031',
      _id: '7127ba34-74b6-476c-8f52-24397821cdc3',
      _owner: 'a1ae4f3f-facc-427d-8c62-ac7bce9f8f00',
      _createdDate: 2026-04-01T02:59:42.350Z,
      featured: true,
      _updatedDate: 2026-04-08T17:30:21.911Z,
      slug: 'mountain-thrill',
      startingPrice: 1250,
      isActive: true,
      title: 'Mountain Thrill'
    }
  ],
  currentPage: 0,
  collectionName: 'Tours',
  skipNumber: 0,
  totalCount: undefined,
  allowOffsetBackwards: false,
  pageSize: 1
}
Tour fallback result: c6 {
  paging: {
    count: 1,
    offset: 0,
    tooManyToCount: false,
    cursors: {},
    hasNext: false
  },
  fetch: [Function: f],
  items: [
    {
      heroImage: 'wix:image://v1/a1ae4f_5d46a313528a4145becfd5b0c66a27ce~mv2.jpg/0627c062-bd49-4eb2-a168-f63353d10cb3.jpg#originWidth=3840&originHeight=2160',
      _id: '95352040-478b-4162-a26e-fdf00863809d',
      _owner: 'a1ae4f3f-facc-427d-8c62-ac7bce9f8f00',
      _createdDate: 2026-04-01T04:02:47.804Z,
      featured: false,
      _updatedDate: 2026-04-08T17:30:56.070Z,
      slug: 'ocean-love',
      startingPrice: 1050,
      isActive: true,
      title: 'Ocean Love'
    }
  ],
  currentPage: 0,
  collectionName: 'Tours',
  skipNumber: 0,
  totalCount: undefined,
  allowOffsetBackwards: false,
  pageSize: 1
}
Tour fallback result: c6 {
  paging: {
    count: 1,
    offset: 0,
    tooManyToCount: false,
    cursors: {},
    hasNext: false
  },
  fetch: [Function: f],
  items: [
    {
      heroImage: 'wix:image://v1/a1ae4f_5d46a313528a4145becfd5b0c66a27ce~mv2.jpg/0627c062-bd49-4eb2-a168-f63353d10cb3.jpg#originWidth=3840&originHeight=2160',
      _id: '95352040-478b-4162-a26e-fdf00863809d',
      _owner: 'a1ae4f3f-facc-427d-8c62-ac7bce9f8f00',
      _createdDate: 2026-04-01T04:02:47.804Z,
      featured: false,
      _updatedDate: 2026-04-08T17:30:56.070Z,
      slug: 'ocean-love',
      startingPrice: 1050,
      isActive: true,
      title: 'Ocean Love'
    }
  ],
  currentPage: 0,
  collectionName: 'Tours',
  skipNumber: 0,
  totalCount: undefined,
  allowOffsetBackwards: false,
  pageSize: 1
}
Tour fallback result: c6 {
  paging: {
    count: 1,
    offset: 0,
    tooManyToCount: false,
    cursors: {},
    hasNext: false
  },
  fetch: [Function: f],
  items: [
    {
      heroImage: 'wix:image://v1/11062b_51d84f5dac0d4155a4ad2c7e8a7f7e4b~mv2.jpg/Lush%20Green%20Hills.jpg#originWidth=4556&originHeight=2564',
      _id: 'bb4ccec1-6024-45b2-83bc-e755cef6c8c5',
      _owner: 'a1ae4f3f-facc-427d-8c62-ac7bce9f8f00',
      _createdDate: 2026-03-11T07:52:02.366Z,
      featured: true,
      _updatedDate: 2026-04-08T16:53:03.361Z,
      slug: 'cockpit-country-adventure',
      gallery: 'https://example.com/images/amazon1.jpg, https://example.com/images/amazon2.jpg, https://example.com/images/amazon3.jpg',
      startingPrice: 1699,
      isActive: true,
      title: 'Cockpit Country Adventure'
    }
  ],
  currentPage: 0,
  collectionName: 'Tours',
  skipNumber: 0,
  totalCount: undefined,
  allowOffsetBackwards: false,
  pageSize: 1
}
Tour fallback result: c6 {
  paging: {
    count: 1,
    offset: 0,
    tooManyToCount: false,
    cursors: {},
    hasNext: false
  },
  fetch: [Function: f],
  items: [
    {
      heroImage: 'wix:image://v1/11062b_51d84f5dac0d4155a4ad2c7e8a7f7e4b~mv2.jpg/Lush%20Green%20Hills.jpg#originWidth=4556&originHeight=2564',
      _id: 'bb4ccec1-6024-45b2-83bc-e755cef6c8c5',
      _owner: 'a1ae4f3f-facc-427d-8c62-ac7bce9f8f00',
      _createdDate: 2026-03-11T07:52:02.366Z,
      featured: true,
      _updatedDate: 2026-04-08T16:53:03.361Z,
      slug: 'cockpit-country-adventure',
      gallery: 'https://example.com/images/amazon1.jpg, https://example.com/images/amazon2.jpg, https://example.com/images/amazon3.jpg',
      startingPrice: 1699,
      isActive: true,
      title: 'Cockpit Country Adventure'
    }
  ],
  currentPage: 0,
  collectionName: 'Tours',
  skipNumber: 0,
  totalCount: undefined,
  allowOffsetBackwards: false,
  pageSize: 1
}
Tour fallback result: c6 {
  paging: {
    count: 1,
    offset: 0,
    tooManyToCount: false,
    cursors: {},
    hasNext: false
  },
  fetch: [Function: f],
  items: [
    {
      heroImage: 'wix:image://v1/a1ae4f_eb28a320baff472c9ebf7c55ab0f227e~mv2.jpg/Rio_Grande_Rafting_1_GemsofJA_715ce722-66e6-475d-abbf-3dd5891fb1d0.jpg#originWidth=1200&originHeight=800',
      _id: 'e1834332-fa03-4a8d-b36e-549100e51703',
      _owner: 'a1ae4f3f-facc-427d-8c62-ac7bce9f8f00',
      _createdDate: 2026-04-02T04:53:21.857Z,
      featured: true,
      _updatedDate: 2026-04-08T17:33:25.374Z,
      slug: 'river-wonder-tour',
      startingPrice: 1500,
      isActive: true,
      title: 'River Wonder Tour'
    }
  ],
  currentPage: 0,
  collectionName: 'Tours',
  skipNumber: 0,
  totalCount: undefined,
  allowOffsetBackwards: false,
  pageSize: 1
}
Tour fallback result: c6 {
  paging: {
    count: 1,
    offset: 0,
    tooManyToCount: false,
    cursors: {},
    hasNext: false
  },
  fetch: [Function: f],
  items: [
    {
      heroImage: 'wix:image://v1/a1ae4f_eb28a320baff472c9ebf7c55ab0f227e~mv2.jpg/Rio_Grande_Rafting_1_GemsofJA_715ce722-66e6-475d-abbf-3dd5891fb1d0.jpg#originWidth=1200&originHeight=800',
      _id: 'e1834332-fa03-4a8d-b36e-549100e51703',
      _owner: 'a1ae4f3f-facc-427d-8c62-ac7bce9f8f00',
      _createdDate: 2026-04-02T04:53:21.857Z,
      featured: true,
      _updatedDate: 2026-04-08T17:33:25.374Z,
      slug: 'river-wonder-tour',
      startingPrice: 1500,
      isActive: true,
      title: 'River Wonder Tour'
    }
  ],
  currentPage: 0,
  collectionName: 'Tours',
  skipNumber: 0,
  totalCount: undefined,
  allowOffsetBackwards: false,
  pageSize: 1
}
[tours] Itinerary for "mountain-thrill" resolved via legacy TourReferenceID. Migrate these records to use the canonical 'tour' field.
[tours] Itinerary for "mountain-thrill" resolved via legacy TourReferenceID. Migrate these records to use the canonical 'tour' field.
[tours] Itinerary for "ocean-love" resolved via legacy TourReferenceID. Migrate these records to use the canonical 'tour' field.
[tours] Itinerary for "ocean-love" resolved via legacy TourReferenceID. Migrate these records to use the canonical 'tour' field.
[tours] Itinerary for "river-wonder-tour" resolved via legacy TourReferenceID. Migrate these records to use the canonical 'tour' field.
[tours] Itinerary for "river-wonder-tour" resolved via legacy TourReferenceID. Migrate these records to use the canonical 'tour' field.
[tours] Itinerary for "cockpit-country-adventure" resolved via legacy TourReferenceID. Migrate these records to use the canonical 'tour' field.
[tours] Itinerary for "cockpit-country-adventure" resolved via legacy TourReferenceID. Migrate these records to use the canonical 'tour' field.
✓ Generating static pages using 15 workers (90/90) in 3.7s
  Finalizing page optimization ...
  Collecting build traces ...

Route (app)
┌ ƒ /
├ ƒ /_not-found
├ ƒ /affiliates/register
├ ƒ /api/admin/tenants
├ ƒ /api/admin/tenants/[tenantId]
├ ƒ /api/admin/users
├ ƒ /api/admin/users/[uid]
├ ƒ /api/affiliates/apply
├ ƒ /api/auth/session
├ ƒ /api/bookings/[bookingId]
├ ƒ /api/bookings/resolve-heroes
├ ƒ /api/contact
├ ƒ /api/debug/tours
├ ƒ /api/tenants/provision
├ ƒ /api/wix/debug
├ ƒ /api/wix/debug/destinations
├ ƒ /api/wix/debug/details
├ ƒ /api/wix/debug/forms
├ ƒ /api/wix/debug/itinerary
├ ƒ /api/wix/debug/rooms
├ ƒ /api/wix/debug/site-id
├ ƒ /api/wix/debug/tour
├ ƒ /auth/sign-in
├ ƒ /auth/sign-up
├ ƒ /booking/[tourSlug]
├ ƒ /contact
├ ƒ /dashboard
├ ƒ /dashboard/admin
├ ƒ /dashboard/admin/bookings
├ ƒ /dashboard/admin/users
├ ƒ /dashboard/bookings
├ ƒ /dashboard/chat
├ ƒ /dashboard/concierge
├ ƒ /dashboard/profile
├ ƒ /dashboard/saved
├ ƒ /dashboard/super
├ ƒ /dashboard/super/tenants
├ ƒ /destinations
├ ƒ /destinations/[region]
├ ƒ /lost
├ ƒ /my-bookings
├ ƒ /my-bookings/[bookingId]
├ ƒ /rooms
├ ƒ /rooms/[id]
├ ƒ /rooms/airbnbs
├ ƒ /rooms/hotels
├ ƒ /taxi
├ ƒ /tours
├ ƒ /tours/[slug]
└ ƒ /wix/health

Route (pages)
┌ ƒ /api/ads/list
├ ƒ /api/bookings/admin-list
├ ƒ /api/bookings/initiate
└ ƒ /api/bookings/update-status

ƒ Proxy (Middleware)

ƒ  (Dynamic)  server-rendered on demand

